Archive member included to satisfy reference by file (symbol)

c:/codes/st/stm32cubeide_1.4.0/stm32cubeide/plugins/com.st.stm32cube.ide.mcu.externaltools.gnu-tools-for-stm32.7-2018-q2-update.win32_1.4.0.202007081208/tools/bin/../lib/gcc/arm-none-eabi/7.3.1/../../../../arm-none-eabi/lib/thumb/v7-m\libc_nano.a(lib_a-errno.o)
                              Src/syscalls.o (__errno)
c:/codes/st/stm32cubeide_1.4.0/stm32cubeide/plugins/com.st.stm32cube.ide.mcu.externaltools.gnu-tools-for-stm32.7-2018-q2-update.win32_1.4.0.202007081208/tools/bin/../lib/gcc/arm-none-eabi/7.3.1/../../../../arm-none-eabi/lib/thumb/v7-m\libc_nano.a(lib_a-exit.o)
                              c:/codes/st/stm32cubeide_1.4.0/stm32cubeide/plugins/com.st.stm32cube.ide.mcu.externaltools.gnu-tools-for-stm32.7-2018-q2-update.win32_1.4.0.202007081208/tools/bin/../lib/gcc/arm-none-eabi/7.3.1/../../../../arm-none-eabi/lib/thumb/v7-m/crt0.o (exit)
c:/codes/st/stm32cubeide_1.4.0/stm32cubeide/plugins/com.st.stm32cube.ide.mcu.externaltools.gnu-tools-for-stm32.7-2018-q2-update.win32_1.4.0.202007081208/tools/bin/../lib/gcc/arm-none-eabi/7.3.1/../../../../arm-none-eabi/lib/thumb/v7-m\libc_nano.a(lib_a-impure.o)
                              c:/codes/st/stm32cubeide_1.4.0/stm32cubeide/plugins/com.st.stm32cube.ide.mcu.externaltools.gnu-tools-for-stm32.7-2018-q2-update.win32_1.4.0.202007081208/tools/bin/../lib/gcc/arm-none-eabi/7.3.1/../../../../arm-none-eabi/lib/thumb/v7-m\libc_nano.a(lib_a-exit.o) (_global_impure_ptr)
c:/codes/st/stm32cubeide_1.4.0/stm32cubeide/plugins/com.st.stm32cube.ide.mcu.externaltools.gnu-tools-for-stm32.7-2018-q2-update.win32_1.4.0.202007081208/tools/bin/../lib/gcc/arm-none-eabi/7.3.1/../../../../arm-none-eabi/lib/thumb/v7-m\libc_nano.a(lib_a-init.o)
                              c:/codes/st/stm32cubeide_1.4.0/stm32cubeide/plugins/com.st.stm32cube.ide.mcu.externaltools.gnu-tools-for-stm32.7-2018-q2-update.win32_1.4.0.202007081208/tools/bin/../lib/gcc/arm-none-eabi/7.3.1/../../../../arm-none-eabi/lib/thumb/v7-m/crt0.o (__libc_init_array)
c:/codes/st/stm32cubeide_1.4.0/stm32cubeide/plugins/com.st.stm32cube.ide.mcu.externaltools.gnu-tools-for-stm32.7-2018-q2-update.win32_1.4.0.202007081208/tools/bin/../lib/gcc/arm-none-eabi/7.3.1/../../../../arm-none-eabi/lib/thumb/v7-m\libc_nano.a(lib_a-memset.o)
                              c:/codes/st/stm32cubeide_1.4.0/stm32cubeide/plugins/com.st.stm32cube.ide.mcu.externaltools.gnu-tools-for-stm32.7-2018-q2-update.win32_1.4.0.202007081208/tools/bin/../lib/gcc/arm-none-eabi/7.3.1/../../../../arm-none-eabi/lib/thumb/v7-m/crt0.o (memset)
c:/codes/st/stm32cubeide_1.4.0/stm32cubeide/plugins/com.st.stm32cube.ide.mcu.externaltools.gnu-tools-for-stm32.7-2018-q2-update.win32_1.4.0.202007081208/tools/bin/../lib/gcc/arm-none-eabi/7.3.1/../../../../arm-none-eabi/lib/thumb/v7-m\libc_nano.a(lib_a-sprintf.o)
                              Drivers/ECU/LCD/lcd.o (sprintf)
c:/codes/st/stm32cubeide_1.4.0/stm32cubeide/plugins/com.st.stm32cube.ide.mcu.externaltools.gnu-tools-for-stm32.7-2018-q2-update.win32_1.4.0.202007081208/tools/bin/../lib/gcc/arm-none-eabi/7.3.1/../../../../arm-none-eabi/lib/thumb/v7-m\libc_nano.a(lib_a-strlen.o)
                              Src/app.o (strlen)
c:/codes/st/stm32cubeide_1.4.0/stm32cubeide/plugins/com.st.stm32cube.ide.mcu.externaltools.gnu-tools-for-stm32.7-2018-q2-update.win32_1.4.0.202007081208/tools/bin/../lib/gcc/arm-none-eabi/7.3.1/../../../../arm-none-eabi/lib/thumb/v7-m\libc_nano.a(lib_a-nano-svfprintf.o)
                              c:/codes/st/stm32cubeide_1.4.0/stm32cubeide/plugins/com.st.stm32cube.ide.mcu.externaltools.gnu-tools-for-stm32.7-2018-q2-update.win32_1.4.0.202007081208/tools/bin/../lib/gcc/arm-none-eabi/7.3.1/../../../../arm-none-eabi/lib/thumb/v7-m\libc_nano.a(lib_a-sprintf.o) (_svfprintf_r)
c:/codes/st/stm32cubeide_1.4.0/stm32cubeide/plugins/com.st.stm32cube.ide.mcu.externaltools.gnu-tools-for-stm32.7-2018-q2-update.win32_1.4.0.202007081208/tools/bin/../lib/gcc/arm-none-eabi/7.3.1/../../../../arm-none-eabi/lib/thumb/v7-m\libc_nano.a(lib_a-nano-vfprintf_i.o)
                              c:/codes/st/stm32cubeide_1.4.0/stm32cubeide/plugins/com.st.stm32cube.ide.mcu.externaltools.gnu-tools-for-stm32.7-2018-q2-update.win32_1.4.0.202007081208/tools/bin/../lib/gcc/arm-none-eabi/7.3.1/../../../../arm-none-eabi/lib/thumb/v7-m\libc_nano.a(lib_a-nano-svfprintf.o) (_printf_i)
c:/codes/st/stm32cubeide_1.4.0/stm32cubeide/plugins/com.st.stm32cube.ide.mcu.externaltools.gnu-tools-for-stm32.7-2018-q2-update.win32_1.4.0.202007081208/tools/bin/../lib/gcc/arm-none-eabi/7.3.1/../../../../arm-none-eabi/lib/thumb/v7-m\libc_nano.a(lib_a-memchr-stub.o)
                              c:/codes/st/stm32cubeide_1.4.0/stm32cubeide/plugins/com.st.stm32cube.ide.mcu.externaltools.gnu-tools-for-stm32.7-2018-q2-update.win32_1.4.0.202007081208/tools/bin/../lib/gcc/arm-none-eabi/7.3.1/../../../../arm-none-eabi/lib/thumb/v7-m\libc_nano.a(lib_a-nano-svfprintf.o) (memchr)
[...]
Memory Configuration

Name             Origin             Length             Attributes
RAM              0x0000000020000000 0x0000000000002800 xrw
ROM              0x0000000008000000 0x0000000000008000 xr
*default*        0x0000000000000000 0xffffffffffffffff

Linker script and memory map

LOAD c:/codes/st/stm32cubeide_1.4.0/stm32cubeide/plugins/com.st.stm32cube.ide.mcu.externaltools.gnu-tools-for-stm32.7-2018-q2-update.win32_1.4.0.202007081208/tools/bin/../lib/gcc/arm-none-eabi/7.3.1/thumb/v7-m/crti.o
LOAD c:/codes/st/stm32cubeide_1.4.0/stm32cubeide/plugins/com.st.stm32cube.ide.mcu.externaltools.gnu-tools-for-stm32.7-2018-q2-update.win32_1.4.0.202007081208/tools/bin/../lib/gcc/arm-none-eabi/7.3.1/thumb/v7-m/crtbegin.o
LOAD c:/codes/st/stm32cubeide_1.4.0/stm32cubeide/plugins/com.st.stm32cube.ide.mcu.externaltools.gnu-tools-for-stm32.7-2018-q2-update.win32_1.4.0.202007081208/tools/bin/../lib/gcc/arm-none-eabi/7.3.1/../../../../arm-none-eabi/lib/thumb/v7-m/crt0.o
LOAD Drivers/ECU/EEPROM/EEPROM.o
LOAD Drivers/ECU/KEYPAD/keypad.o
LOAD Drivers/ECU/LCD/lcd.o
LOAD Drivers/MCAL/ADC/ADC.o
LOAD Drivers/MCAL/EXTI/EXTI.o
LOAD Drivers/MCAL/GPIO/GPIO.o
LOAD Drivers/MCAL/I2C/I2C.o
LOAD Drivers/MCAL/RCC/RCC.o
LOAD Drivers/MCAL/SPI/SPI.o
LOAD Drivers/MCAL/TIMERS/TIMERS.o
LOAD Drivers/MCAL/USART/USART.o
LOAD Src/app.o
LOAD Src/main.o
LOAD Src/syscalls.o
LOAD Src/sysmem.o
LOAD Startup/startup_stm32f103c6tx.o
START GROUP
LOAD c:/codes/st/stm32cubeide_1.4.0/stm32cubeide/plugins/com.st.stm32cube.ide.mcu.externaltools.gnu-tools-for-stm32.7-2018-q2-update.win32_1.4.0.202007081208/tools/bin/../lib/gcc/arm-none-eabi/7.3.1/../../../../arm-none-eabi/lib/thumb/v7-m\libc_nano.a
LOAD c:/codes/st/stm32cubeide_1.4.0/stm32cubeide/plugins/com.st.stm32cube.ide.mcu.externaltools.gnu-tools-for-stm32.7-2018-q2-update.win32_1.4.0.202007081208/tools/bin/../lib/gcc/arm-none-eabi/7.3.1/../../../../arm-none-eabi/lib/thumb/v7-m\libm.a
END GROUP
START GROUP
LOAD c:/codes/st/stm32cubeide_1.4.0/stm32cubeide/plugins/com.st.stm32cube.ide.mcu.externaltools.gnu-tools-for-stm32.7-2018-q2-update.win32_1.4.0.202007081208/tools/bin/../lib/gcc/arm-none-eabi/7.3.1/thumb/v7-m\libgcc.a
LOAD c:/codes/st/stm32cubeide_1.4.0/stm32cubeide/plugins/com.st.stm32cube.ide.mcu.externaltools.gnu-tools-for-stm32.7-2018-q2-update.win32_1.4.0.202007081208/tools/bin/../lib/gcc/arm-none-eabi/7.3.1/../../../../arm-none-eabi/lib/thumb/v7-m\libg_nano.a
LOAD c:/codes/st/stm32cubeide_1.4.0/stm32cubeide/plugins/com.st.stm32cube.ide.mcu.externaltools.gnu-tools-for-stm32.7-2018-q2-update.win32_1.4.0.202007081208/tools/bin/../lib/gcc/arm-none-eabi/7.3.1/../../../../arm-none-eabi/lib/thumb/v7-m\libc_nano.a
END GROUP
START GROUP
LOAD c:/codes/st/stm32cubeide_1.4.0/stm32cubeide/plugins/com.st.stm32cube.ide.mcu.externaltools.gnu-tools-for-stm32.7-2018-q2-update.win32_1.4.0.202007081208/tools/bin/../lib/gcc/arm-none-eabi/7.3.1/thumb/v7-m\libgcc.a
LOAD c:/codes/st/stm32cubeide_1.4.0/stm32cubeide/plugins/com.st.stm32cube.ide.mcu.externaltools.gnu-tools-for-stm32.7-2018-q2-update.win32_1.4.0.202007081208/tools/bin/../lib/gcc/arm-none-eabi/7.3.1/../../../../arm-none-eabi/lib/thumb/v7-m\libc_nano.a
LOAD c:/codes/st/stm32cubeide_1.4.0/stm32cubeide/plugins/com.st.stm32cube.ide.mcu.externaltools.gnu-tools-for-stm32.7-2018-q2-update.win32_1.4.0.202007081208/tools/bin/../lib/gcc/arm-none-eabi/7.3.1/../../../../arm-none-eabi/lib/thumb/v7-m\libnosys.a
END GROUP
START GROUP
LOAD c:/codes/st/stm32cubeide_1.4.0/stm32cubeide/plugins/com.st.stm32cube.ide.mcu.externaltools.gnu-tools-for-stm32.7-2018-q2-update.win32_1.4.0.202007081208/tools/bin/../lib/gcc/arm-none-eabi/7.3.1/thumb/v7-m\libgcc.a
LOAD c:/codes/st/stm32cubeide_1.4.0/stm32cubeide/plugins/com.st.stm32cube.ide.mcu.externaltools.gnu-tools-for-stm32.7-2018-q2-update.win32_1.4.0.202007081208/tools/bin/../lib/gcc/arm-none-eabi/7.3.1/../../../../arm-none-eabi/lib/thumb/v7-m\libc_nano.a
LOAD c:/codes/st/stm32cubeide_1.4.0/stm32cubeide/plugins/com.st.stm32cube.ide.mcu.externaltools.gnu-tools-for-stm32.7-2018-q2-update.win32_1.4.0.202007081208/tools/bin/../lib/gcc/arm-none-eabi/7.3.1/../../../../arm-none-eabi/lib/thumb/v7-m\libnosys.a
END GROUP
LOAD c:/codes/st/stm32cubeide_1.4.0/stm32cubeide/plugins/com.st.stm32cube.ide.mcu.externaltools.gnu-tools-for-stm32.7-2018-q2-update.win32_1.4.0.202007081208/tools/bin/../lib/gcc/arm-none-eabi/7.3.1/thumb/v7-m/crtend.o
LOAD c:/codes/st/stm32cubeide_1.4.0/stm32cubeide/plugins/com.st.stm32cube.ide.mcu.externaltools.gnu-tools-for-stm32.7-2018-q2-update.win32_1.4.0.202007081208/tools/bin/../lib/gcc/arm-none-eabi/7.3.1/thumb/v7-m/crtn.o
                0x0000000020002800                _estack = (ORIGIN (RAM) + LENGTH (RAM))
                0x0000000000000200                _Min_Heap_Size = 0x200
                0x0000000000000400                _Min_Stack_Size = 0x400

.isr_vector     0x0000000008000000      0x130
                0x0000000008000000                . = ALIGN (0x4)
 *(.isr_vector)
 .isr_vector    0x0000000008000000      0x130 Startup/startup_stm32f103c6tx.o
                0x0000000008000000                g_pfnVectors
                0x0000000008000130                . = ALIGN (0x4)

.text           0x0000000008000130     0x27dc
                0x0000000008000130                . = ALIGN (0x4)
 *(.text)
 .text          0x0000000008000130       0x40 c:/codes/st/stm32cubeide_1.4.0/stm32cubeide/plugins/com.st.stm32cube.ide.mcu.externaltools.gnu-tools-for-stm32.7-2018-q2-update.win32_1.4.0.202007081208/tools/bin/../lib/gcc/arm-none-eabi/7.3.1/thumb/v7-m/crtbegin.o
 .text          0x0000000008000170       0x10 c:/codes/st/stm32cubeide_1.4.0/stm32cubeide/plugins/com.st.stm32cube.ide.mcu.externaltools.gnu-tools-for-stm32.7-2018-q2-update.win32_1.4.0.202007081208/tools/bin/../lib/gcc/arm-none-eabi/7.3.1/../../../../arm-none-eabi/lib/thumb/v7-m\libc_nano.a(lib_a-strlen.o)
                0x0000000008000170                strlen
 .text          0x0000000008000180      0x378 c:/codes/st/stm32cubeide_1.4.0/stm32cubeide/plugins/com.st.stm32cube.ide.mcu.externaltools.gnu-tools-for-stm32.7-2018-q2-update.win32_1.4.0.202007081208/tools/bin/../lib/gcc/arm-none-eabi/7.3.1/thumb/v7-m\libgcc.a(_arm_addsubdf3.o)
                0x0000000008000180                __aeabi_drsub
                0x0000000008000188                __aeabi_dsub
                0x0000000008000188                __subdf3
                0x000000000800018c                __aeabi_dadd
                0x000000000800018c                __adddf3
                0x0000000008000404                __floatunsidf
                0x0000000008000404                __aeabi_ui2d
                0x0000000008000424                __floatsidf
                0x0000000008000424                __aeabi_i2d
                0x0000000008000448                __aeabi_f2d
                0x0000000008000448                __extendsfdf2
                0x000000000800048c                __floatundidf
                0x000000000800048c                __aeabi_ul2d
                0x000000000800049c                __floatdidf
                0x000000000800049c                __aeabi_l2d
 .text          0x00000000080004f8      0x424 c:/codes/st/stm32cubeide_1.4.0/stm32cubeide/plugins/com.st.stm32cube.ide.mcu.externaltools.gnu-tools-for-stm32.7-2018-q2-update.win32_1.4.0.202007081208/tools/bin/../lib/gcc/arm-none-eabi/7.3.1/thumb/v7-m\libgcc.a(_arm_muldivdf3.o)
                0x00000000080004f8                __aeabi_dmul
                0x00000000080004f8                __muldf3
                0x000000000800074c                __divdf3
                0x000000000800074c                __aeabi_ddiv
 .text          0x000000000800091c       0x40 c:/codes/st/stm32cubeide_1.4.0/stm32cubeide/plugins/com.st.stm32cube.ide.mcu.externaltools.gnu-tools-for-stm32.7-2018-q2-update.win32_1.4.0.202007081208/tools/bin/../lib/gcc/arm-none-eabi/7.3.1/thumb/v7-m\libgcc.a(_arm_fixunsdfsi.o)
                0x000000000800091c                __aeabi_d2uiz
                0x000000000800091c                __fixunsdfsi
 *(.text*)
 .text.lcd_4bit_intialize
                0x000000000800095c       0xb4 Drivers/ECU/LCD/lcd.o
                0x000000000800095c                lcd_4bit_intialize
 .text.lcd_4bit_send_command
                0x0000000008000a10       0x7c Drivers/ECU/LCD/lcd.o
                0x0000000008000a10                lcd_4bit_send_command
 .text.lcd_4bit_send_char_data
                0x0000000008000a8c       0x64 Drivers/ECU/LCD/lcd.o
                0x0000000008000a8c                lcd_4bit_send_char_data
 .text.lcd_4bit_send_string_pos
                0x0000000008000af0       0x5a Drivers/ECU/LCD/lcd.o
                0x0000000008000af0                lcd_4bit_send_string_pos
 .text.lcd_send_4bits
                0x0000000008000b4a       0x7e Drivers/ECU/LCD/lcd.o
 .text.lcd_4bit_send_enable_signal
                0x0000000008000bc8       0x34 Drivers/ECU/LCD/lcd.o
 .text.lcd_4bit_set_cursor
                0x0000000008000bfc       0x94 Drivers/ECU/LCD/lcd.o
 .text.MCAL_ADC_INIT
                0x0000000008000c90       0x7c Drivers/MCAL/ADC/ADC.o
                0x0000000008000c90                MCAL_ADC_INIT
 .text.MCAL_ADC_READ
                0x0000000008000d0c       0xa0 Drivers/MCAL/ADC/ADC.o
                0x0000000008000d0c                MCAL_ADC_READ
 .text.EXTI0_IRQHandler
                0x0000000008000dac       0x24 Drivers/MCAL/EXTI/EXTI.o
                0x0000000008000dac                EXTI0_IRQHandler
 .text.EXTI1_IRQHandler
                0x0000000008000dd0       0x24 Drivers/MCAL/EXTI/EXTI.o
                0x0000000008000dd0                EXTI1_IRQHandler
 .text.EXTI2_IRQHandler
                0x0000000008000df4       0x24 Drivers/MCAL/EXTI/EXTI.o
                0x0000000008000df4                EXTI2_IRQHandler
 .text.EXTI3_IRQHandler
                0x0000000008000e18       0x24 Drivers/MCAL/EXTI/EXTI.o
                0x0000000008000e18                EXTI3_IRQHandler
 .text.EXTI4_IRQHandler
                0x0000000008000e3c       0x24 Drivers/MCAL/EXTI/EXTI.o
                0x0000000008000e3c                EXTI4_IRQHandler
 .text.EXTI9_5_IRQHandler
                0x0000000008000e60       0xa8 Drivers/MCAL/EXTI/EXTI.o
                0x0000000008000e60                EXTI9_5_IRQHandler
 .text.EXTI15_10_IRQHandler
                0x0000000008000f08       0xc4 Drivers/MCAL/EXTI/EXTI.o
                0x0000000008000f08                EXTI15_10_IRQHandler
 .text.Get_CRL_Position
                0x0000000008000fcc       0x26 Drivers/MCAL/GPIO/GPIO.o
                0x0000000008000fcc                Get_CRL_Position
 *fill*         0x0000000008000ff2        0x2 
 .text.gpio_pin_intialize
                0x0000000008000ff4      0x128 Drivers/MCAL/GPIO/GPIO.o
                0x0000000008000ff4                gpio_pin_intialize
 .text.gpio_pin_write_logic
                0x000000000800111c       0x52 Drivers/MCAL/GPIO/GPIO.o
                0x000000000800111c                gpio_pin_write_logic
 .text.delay_ms
                0x000000000800116e       0x38 Drivers/MCAL/GPIO/GPIO.o
                0x000000000800116e                delay_ms
 .text.I2C1_ER_IRQHandler
                0x00000000080011a6        0xc Drivers/MCAL/I2C/I2C.o
                0x00000000080011a6                I2C1_ER_IRQHandler
 *fill*         0x00000000080011b2        0x2 
 .text.I2C1_EV_IRQHandler
                0x00000000080011b4       0xec Drivers/MCAL/I2C/I2C.o
                0x00000000080011b4                I2C1_EV_IRQHandler
 .text.Slave_States
                0x00000000080012a0       0xe0 Drivers/MCAL/I2C/I2C.o
                0x00000000080012a0                Slave_States
 .text.I2C2_ER_IRQHandler
                0x0000000008001380        0xc Drivers/MCAL/I2C/I2C.o
                0x0000000008001380                I2C2_ER_IRQHandler
 .text.I2C2_EV_IRQHandler
                0x000000000800138c        0xc Drivers/MCAL/I2C/I2C.o
                0x000000000800138c                I2C2_EV_IRQHandler
 .text.MCAL_RCC_GetSYS_CLCKFreq
                0x0000000008001398       0x3c Drivers/MCAL/RCC/RCC.o
                0x0000000008001398                MCAL_RCC_GetSYS_CLCKFreq
 .text.MCAL_RCC_GetHCLKFreq
                0x00000000080013d4       0x28 Drivers/MCAL/RCC/RCC.o
                0x00000000080013d4                MCAL_RCC_GetHCLKFreq
 .text.MCAL_RCC_GetPCLK1Freq
                0x00000000080013fc       0x28 Drivers/MCAL/RCC/RCC.o
                0x00000000080013fc                MCAL_RCC_GetPCLK1Freq
 .text.MCAL_RCC_GetPCLK2Freq
                0x0000000008001424       0x28 Drivers/MCAL/RCC/RCC.o
                0x0000000008001424                MCAL_RCC_GetPCLK2Freq
 .text.SPI1_IRQHandler
                0x000000000800144c       0x14 Drivers/MCAL/SPI/SPI.o
                0x000000000800144c                SPI1_IRQHandler
 .text.SPI2_IRQHandler
                0x0000000008001460       0x14 Drivers/MCAL/SPI/SPI.o
                0x0000000008001460                SPI2_IRQHandler
 .text.PWM      0x0000000008001474      0x544 Drivers/MCAL/TIMERS/TIMERS.o
                0x0000000008001474                PWM
 .text.MCAL_UART_Init
                0x00000000080019b8      0x20c Drivers/MCAL/USART/USART.o
                0x00000000080019b8                MCAL_UART_Init
 .text.MCAL_UART_SendData
                0x0000000008001bc4       0x44 Drivers/MCAL/USART/USART.o
                0x0000000008001bc4                MCAL_UART_SendData
 .text.MCAL_UART_WAIT_TC
                0x0000000008001c08       0x22 Drivers/MCAL/USART/USART.o
                0x0000000008001c08                MCAL_UART_WAIT_TC
 *fill*         0x0000000008001c2a        0x2 
 .text.USART1_IRQHandler
                0x0000000008001c2c       0x14 Drivers/MCAL/USART/USART.o
                0x0000000008001c2c                USART1_IRQHandler
 .text.USART2_IRQHandler
                0x0000000008001c40       0x14 Drivers/MCAL/USART/USART.o
                0x0000000008001c40                USART2_IRQHandler
 .text.USART3_IRQHandler
                0x0000000008001c54       0x14 Drivers/MCAL/USART/USART.o
                0x0000000008001c54                USART3_IRQHandler
 .text.GetTemp  0x0000000008001c68       0x4c Src/app.o
                0x0000000008001c68                GetTemp
 .text.SendFrame
                0x0000000008001cb4       0x44 Src/app.o
                0x0000000008001cb4                SendFrame
 .text.NumToStr
                0x0000000008001cf8       0x24 Src/app.o
                0x0000000008001cf8                NumToStr
 .text.Automatic
                0x0000000008001d1c       0x38 Src/app.o
                0x0000000008001d1c                Automatic
 .text.Manual   0x0000000008001d54       0x44 Src/app.o
                0x0000000008001d54                Manual
 .text.EXIT_CALLBACK
                0x0000000008001d98       0xd8 Src/app.o
                0x0000000008001d98                EXIT_CALLBACK
 .text.main     0x0000000008001e70      0x14c Src/main.o
                0x0000000008001e70                main
 .text._sbrk    0x0000000008001fbc       0x6c Src/sysmem.o
                0x0000000008001fbc                _sbrk
 .text.Reset_Handler
                0x0000000008002028       0x50 Startup/startup_stm32f103c6tx.o
                0x0000000008002028                Reset_Handler
 .text.Default_Handler
                0x0000000008002078        0x2 Startup/startup_stm32f103c6tx.o
                0x0000000008002078                TIM8_TRG_COM_IRQHandler
                0x0000000008002078                TIM8_CC_IRQHandler
                0x0000000008002078                DebugMon_Handler
                0x0000000008002078                TIM1_CC_IRQHandler
                0x0000000008002078                HardFault_Handler
                0x0000000008002078                TIM6_IRQHandler
                0x0000000008002078                SysTick_Handler
                0x0000000008002078                PVD_IRQHandler
                0x0000000008002078                SDIO_IRQHandler
                0x0000000008002078                PendSV_Handler
                0x0000000008002078                NMI_Handler
                0x0000000008002078                USB_HP_CAN_TX_IRQHandler
                0x0000000008002078                UsageFault_Handler
                0x0000000008002078                ADC1_2_IRQHandler
                0x0000000008002078                CAN_SCE_IRQHandler
                0x0000000008002078                TAMPER_IRQHandler
                0x0000000008002078                TIM8_UP_IRQHandler
                0x0000000008002078                DMA2_Channel2_IRQHandler
                0x0000000008002078                DMA1_Channel4_IRQHandler
                0x0000000008002078                RTC_IRQHandler
                0x0000000008002078                DMA1_Channel7_IRQHandler
                0x0000000008002078                UART5_IRQHandler
                0x0000000008002078                ADC3_IRQHandler
                0x0000000008002078                TIM4_IRQHandler
                0x0000000008002078                CAN_RX1_IRQHandler
                0x0000000008002078                DMA2_Channel1_IRQHandler
                0x0000000008002078                DMA1_Channel6_IRQHandler
                0x0000000008002078                UART4_IRQHandler
                0x0000000008002078                TIM3_IRQHandler
                0x0000000008002078                RCC_IRQHandler
                0x0000000008002078                TIM1_TRG_COM_IRQHandler
                0x0000000008002078                DMA1_Channel1_IRQHandler
                0x0000000008002078                Default_Handler
                0x0000000008002078                TIM7_IRQHandler
                0x0000000008002078                TIM5_IRQHandler
                0x0000000008002078                USB_LP_CAN_RX0_IRQHandler
                0x0000000008002078                MemManage_Handler
                0x0000000008002078                SVC_Handler
                0x0000000008002078                DMA1_Channel5_IRQHandler
                0x0000000008002078                DMA1_Channel3_IRQHandler
                0x0000000008002078                FSMC_IRQHandler
                0x0000000008002078                TIM1_UP_IRQHandler
                0x0000000008002078                WWDG_IRQHandler
                0x0000000008002078                TIM2_IRQHandler
                0x0000000008002078                TIM1_BRK_IRQHandler
                0x0000000008002078                RTCAlarm_IRQHandler
                0x0000000008002078                DMA2_Channel4_5_IRQHandler
                0x0000000008002078                DMA1_Channel2_IRQHandler
                0x0000000008002078                TIM8_BRK_IRQHandler
                0x0000000008002078                FLASH_IRQHandler
                0x0000000008002078                BusFault_Handler
                0x0000000008002078                SPI3_IRQHandler
                0x0000000008002078                DMA2_Channel3_IRQHandler
 *fill*         0x000000000800207a        0x2 
 .text.__errno  0x000000000800207c        0xc c:/codes/st/stm32cubeide_1.4.0/stm32cubeide/plugins/com.st.stm32cube.ide.mcu.externaltools.gnu-tools-for-stm32.7-2018-q2-update.win32_1.4.0.202007081208/tools/bin/../lib/gcc/arm-none-eabi/7.3.1/../../../../arm-none-eabi/lib/thumb/v7-m\libc_nano.a(lib_a-errno.o)
                0x000000000800207c                __errno
 .text.__libc_init_array
                0x0000000008002088       0x48 c:/codes/st/stm32cubeide_1.4.0/stm32cubeide/plugins/com.st.stm32cube.ide.mcu.externaltools.gnu-tools-for-stm32.7-2018-q2-update.win32_1.4.0.202007081208/tools/bin/../lib/gcc/arm-none-eabi/7.3.1/../../../../arm-none-eabi/lib/thumb/v7-m\libc_nano.a(lib_a-init.o)
                0x0000000008002088                __libc_init_array
 .text.sprintf  0x00000000080020d0       0x40 c:/codes/st/stm32cubeide_1.4.0/stm32cubeide/plugins/com.st.stm32cube.ide.mcu.externaltools.gnu-tools-for-stm32.7-2018-q2-update.win32_1.4.0.202007081208/tools/bin/../lib/gcc/arm-none-eabi/7.3.1/../../../../arm-none-eabi/lib/thumb/v7-m\libc_nano.a(lib_a-sprintf.o)
                0x00000000080020d0                siprintf
                0x00000000080020d0                sprintf
 .text.__ssputs_r
                0x0000000008002110       0xb4 c:/codes/st/stm32cubeide_1.4.0/stm32cubeide/plugins/com.st.stm32cube.ide.mcu.externaltools.gnu-tools-for-stm32.7-2018-q2-update.win32_1.4.0.202007081208/tools/bin/../lib/gcc/arm-none-eabi/7.3.1/../../../../arm-none-eabi/lib/thumb/v7-m\libc_nano.a(lib_a-nano-svfprintf.o)
                0x0000000008002110                __ssputs_r
 .text._svfprintf_r
                0x00000000080021c4      0x1f0 c:/codes/st/stm32cubeide_1.4.0/stm32cubeide/plugins/com.st.stm32cube.ide.mcu.externaltools.gnu-tools-for-stm32.7-2018-q2-update.win32_1.4.0.202007081208/tools/bin/../lib/gcc/arm-none-eabi/7.3.1/../../../../arm-none-eabi/lib/thumb/v7-m\libc_nano.a(lib_a-nano-svfprintf.o)
                0x00000000080021c4                _svfiprintf_r
                0x00000000080021c4                _svfprintf_r
 .text._printf_common
                0x00000000080023b4       0xec c:/codes/st/stm32cubeide_1.4.0/stm32cubeide/plugins/com.st.stm32cube.ide.mcu.externaltools.gnu-tools-for-stm32.7-2018-q2-update.win32_1.4.0.202007081208/tools/bin/../lib/gcc/arm-none-eabi/7.3.1/../../../../arm-none-eabi/lib/thumb/v7-m\libc_nano.a(lib_a-nano-vfprintf_i.o)
                0x00000000080023b4                _printf_common
 .text._printf_i
                0x00000000080024a0      0x224 c:/codes/st/stm32cubeide_1.4.0/stm32cubeide/plugins/com.st.stm32cube.ide.mcu.externaltools.gnu-tools-for-stm32.7-2018-q2-update.win32_1.4.0.202007081208/tools/bin/../lib/gcc/arm-none-eabi/7.3.1/../../../../arm-none-eabi/lib/thumb/v7-m\libc_nano.a(lib_a-nano-vfprintf_i.o)
                0x00000000080024a0                _printf_i
 .text.memchr   0x00000000080026c4       0x1c c:/codes/st/stm32cubeide_1.4.0/stm32cubeide/plugins/com.st.stm32cube.ide.mcu.externaltools.gnu-tools-for-stm32.7-2018-q2-update.win32_1.4.0.202007081208/tools/bin/../lib/gcc/arm-none-eabi/7.3.1/../../../../arm-none-eabi/lib/thumb/v7-m\libc_nano.a(lib_a-memchr-stub.o)
                0x00000000080026c4                memchr
 .text.memcpy   0x00000000080026e0       0x16 c:/codes/st/stm32cubeide_1.4.0/stm32cubeide/plugins/com.st.stm32cube.ide.mcu.externaltools.gnu-tools-for-stm32.7-2018-q2-update.win32_1.4.0.202007081208/tools/bin/../lib/gcc/arm-none-eabi/7.3.1/../../../../arm-none-eabi/lib/thumb/v7-m\libc_nano.a(lib_a-memcpy-stub.o)
                0x00000000080026e0                memcpy
 .text.memmove  0x00000000080026f6       0x32 c:/codes/st/stm32cubeide_1.4.0/stm32cubeide/plugins/com.st.stm32cube.ide.mcu.externaltools.gnu-tools-for-stm32.7-2018-q2-update.win32_1.4.0.202007081208/tools/bin/../lib/gcc/arm-none-eabi/7.3.1/../../../../arm-none-eabi/lib/thumb/v7-m\libc_nano.a(lib_a-memmove.o)
                0x00000000080026f6                memmove
 .text._free_r  0x0000000008002728       0x98 c:/codes/st/stm32cubeide_1.4.0/stm32cubeide/plugins/com.st.stm32cube.ide.mcu.externaltools.gnu-tools-for-stm32.7-2018-q2-update.win32_1.4.0.202007081208/tools/bin/../lib/gcc/arm-none-eabi/7.3.1/../../../../arm-none-eabi/lib/thumb/v7-m\libc_nano.a(lib_a-nano-freer.o)
                0x0000000008002728                _free_r
 .text._malloc_r
                0x00000000080027c0       0xb4 c:/codes/st/stm32cubeide_1.4.0/stm32cubeide/plugins/com.st.stm32cube.ide.mcu.externaltools.gnu-tools-for-stm32.7-2018-q2-update.win32_1.4.0.202007081208/tools/bin/../lib/gcc/arm-none-eabi/7.3.1/../../../../arm-none-eabi/lib/thumb/v7-m\libc_nano.a(lib_a-nano-mallocr.o)
                0x00000000080027c0                _malloc_r
 .text._realloc_r
                0x0000000008002874       0x4c c:/codes/st/stm32cubeide_1.4.0/stm32cubeide/plugins/com.st.stm32cube.ide.mcu.externaltools.gnu-tools-for-stm32.7-2018-q2-update.win32_1.4.0.202007081208/tools/bin/../lib/gcc/arm-none-eabi/7.3.1/../../../../arm-none-eabi/lib/thumb/v7-m\libc_nano.a(lib_a-nano-reallocr.o)
                0x0000000008002874                _realloc_r
 .text._sbrk_r  0x00000000080028c0       0x20 c:/codes/st/stm32cubeide_1.4.0/stm32cubeide/plugins/com.st.stm32cube.ide.mcu.externaltools.gnu-tools-for-stm32.7-2018-q2-update.win32_1.4.0.202007081208/tools/bin/../lib/gcc/arm-none-eabi/7.3.1/../../../../arm-none-eabi/lib/thumb/v7-m\libc_nano.a(lib_a-sbrkr.o)
                0x00000000080028c0                _sbrk_r
 .text.__malloc_lock
                0x00000000080028e0        0x2 c:/codes/st/stm32cubeide_1.4.0/stm32cubeide/plugins/com.st.stm32cube.ide.mcu.externaltools.gnu-tools-for-stm32.7-2018-q2-update.win32_1.4.0.202007081208/tools/bin/../lib/gcc/arm-none-eabi/7.3.1/../../../../arm-none-eabi/lib/thumb/v7-m\libc_nano.a(lib_a-mlock.o)
                0x00000000080028e0                __malloc_lock
 .text.__malloc_unlock
                0x00000000080028e2        0x2 c:/codes/st/stm32cubeide_1.4.0/stm32cubeide/plugins/com.st.stm32cube.ide.mcu.externaltools.gnu-tools-for-stm32.7-2018-q2-update.win32_1.4.0.202007081208/tools/bin/../lib/gcc/arm-none-eabi/7.3.1/../../../../arm-none-eabi/lib/thumb/v7-m\libc_nano.a(lib_a-mlock.o)
                0x00000000080028e2                __malloc_unlock
 .text._malloc_usable_size_r
                0x00000000080028e4       0x10 c:/codes/st/stm32cubeide_1.4.0/stm32cubeide/plugins/com.st.stm32cube.ide.mcu.externaltools.gnu-tools-for-stm32.7-2018-q2-update.win32_1.4.0.202007081208/tools/bin/../lib/gcc/arm-none-eabi/7.3.1/../../../../arm-none-eabi/lib/thumb/v7-m\libc_nano.a(lib_a-nano-msizer.o)
                0x00000000080028e4                _malloc_usable_size_r
 *(.glue_7)
 .glue_7        0x00000000080028f4        0x0 linker stubs
 *(.glue_7t)
 .glue_7t       0x00000000080028f4        0x0 linker stubs
 *(.eh_frame)
 .eh_frame      0x00000000080028f4        0x0 c:/codes/st/stm32cubeide_1.4.0/stm32cubeide/plugins/com.st.stm32cube.ide.mcu.externaltools.gnu-tools-for-stm32.7-2018-q2-update.win32_1.4.0.202007081208/tools/bin/../lib/gcc/arm-none-eabi/7.3.1/thumb/v7-m/crtbegin.o
 *(.init)
 .init          0x00000000080028f4        0x4 c:/codes/st/stm32cubeide_1.4.0/stm32cubeide/plugins/com.st.stm32cube.ide.mcu.externaltools.gnu-tools-for-stm32.7-2018-q2-update.win32_1.4.0.202007081208/tools/bin/../lib/gcc/arm-none-eabi/7.3.1/thumb/v7-m/crti.o
                0x00000000080028f4                _init
 .init          0x00000000080028f8        0x8 c:/codes/st/stm32cubeide_1.4.0/stm32cubeide/plugins/com.st.stm32cube.ide.mcu.externaltools.gnu-tools-for-stm32.7-2018-q2-update.win32_1.4.0.202007081208/tools/bin/../lib/gcc/arm-none-eabi/7.3.1/thumb/v7-m/crtn.o
 *(.fini)
 .fini          0x0000000008002900        0x4 c:/codes/st/stm32cubeide_1.4.0/stm32cubeide/plugins/com.st.stm32cube.ide.mcu.externaltools.gnu-tools-for-stm32.7-2018-q2-update.win32_1.4.0.202007081208/tools/bin/../lib/gcc/arm-none-eabi/7.3.1/thumb/v7-m/crti.o
                0x0000000008002900                _fini
 .fini          0x0000000008002904        0x8 c:/codes/st/stm32cubeide_1.4.0/stm32cubeide/plugins/com.st.stm32cube.ide.mcu.externaltools.gnu-tools-for-stm32.7-2018-q2-update.win32_1.4.0.202007081208/tools/bin/../lib/gcc/arm-none-eabi/7.3.1/thumb/v7-m/crtn.o
                0x000000000800290c                . = ALIGN (0x4)
                0x000000000800290c                _etext = .

.vfp11_veneer   0x000000000800290c        0x0
 .vfp11_veneer  0x000000000800290c        0x0 linker stubs

.v4_bx          0x000000000800290c        0x0
 .v4_bx         0x000000000800290c        0x0 linker stubs

.iplt           0x000000000800290c        0x0
 .iplt          0x000000000800290c        0x0 c:/codes/st/stm32cubeide_1.4.0/stm32cubeide/plugins/com.st.stm32cube.ide.mcu.externaltools.gnu-tools-for-stm32.7-2018-q2-update.win32_1.4.0.202007081208/tools/bin/../lib/gcc/arm-none-eabi/7.3.1/thumb/v7-m/crtbegin.o

.rodata         0x000000000800290c       0x74
                0x000000000800290c                . = ALIGN (0x4)
 *(.rodata)
 .rodata        0x000000000800290c        0x7 Src/app.o
 *fill*         0x0000000008002913        0x1 
 .rodata        0x0000000008002914       0x1f Src/main.o
 *(.rodata*)
 *fill*         0x0000000008002933        0x1 
 .rodata.APBPrescTable
                0x0000000008002934        0x8 Drivers/MCAL/RCC/RCC.o
                0x0000000008002934                APBPrescTable
 .rodata.AHBPrescTable
                0x000000000800293c       0x10 Drivers/MCAL/RCC/RCC.o
                0x000000000800293c                AHBPrescTable
 .rodata._svfprintf_r.str1.1
                0x000000000800294c       0x11 c:/codes/st/stm32cubeide_1.4.0/stm32cubeide/plugins/com.st.stm32cube.ide.mcu.externaltools.gnu-tools-for-stm32.7-2018-q2-update.win32_1.4.0.202007081208/tools/bin/../lib/gcc/arm-none-eabi/7.3.1/../../../../arm-none-eabi/lib/thumb/v7-m\libc_nano.a(lib_a-nano-svfprintf.o)
 .rodata._printf_i.str1.1
                0x000000000800295d       0x22 c:/codes/st/stm32cubeide_1.4.0/stm32cubeide/plugins/com.st.stm32cube.ide.mcu.externaltools.gnu-tools-for-stm32.7-2018-q2-update.win32_1.4.0.202007081208/tools/bin/../lib/gcc/arm-none-eabi/7.3.1/../../../../arm-none-eabi/lib/thumb/v7-m\libc_nano.a(lib_a-nano-vfprintf_i.o)
                0x0000000008002980                . = ALIGN (0x4)
 *fill*         0x000000000800297f        0x1 

.rel.dyn        0x0000000008002980        0x0
 .rel.iplt      0x0000000008002980        0x0 c:/codes/st/stm32cubeide_1.4.0/stm32cubeide/plugins/com.st.stm32cube.ide.mcu.externaltools.gnu-tools-for-stm32.7-2018-q2-update.win32_1.4.0.202007081208/tools/bin/../lib/gcc/arm-none-eabi/7.3.1/thumb/v7-m/crtbegin.o

.ARM.extab      0x0000000008002980        0x0
                0x0000000008002980                . = ALIGN (0x4)
 *(.ARM.extab* .gnu.linkonce.armextab.*)
                0x0000000008002980                . = ALIGN (0x4)

.ARM            0x0000000008002980        0x0
                0x0000000008002980                . = ALIGN (0x4)
                0x0000000008002980                __exidx_start = .
 *(.ARM.exidx*)
                0x0000000008002980                __exidx_end = .
                0x0000000008002980                . = ALIGN (0x4)

.preinit_array  0x0000000008002980        0x0
                0x0000000008002980                . = ALIGN (0x4)
                0x0000000008002980                PROVIDE (__preinit_array_start = .)
 *(.preinit_array*)
                0x0000000008002980                PROVIDE (__preinit_array_end = .)
                0x0000000008002980                . = ALIGN (0x4)

.init_array     0x0000000008002980        0x4
                0x0000000008002980                . = ALIGN (0x4)
                0x0000000008002980                PROVIDE (__init_array_start = .)
 *(SORT_BY_NAME(.init_array.*))
 *(.init_array*)
 .init_array    0x0000000008002980        0x4 c:/codes/st/stm32cubeide_1.4.0/stm32cubeide/plugins/com.st.stm32cube.ide.mcu.externaltools.gnu-tools-for-stm32.7-2018-q2-update.win32_1.4.0.202007081208/tools/bin/../lib/gcc/arm-none-eabi/7.3.1/thumb/v7-m/crtbegin.o
                0x0000000008002984                PROVIDE (__init_array_end = .)
                0x0000000008002984                . = ALIGN (0x4)

.fini_array     0x0000000008002984        0x4
                0x0000000008002984                . = ALIGN (0x4)
                [!provide]                        PROVIDE (__fini_array_start = .)
 *(SORT_BY_NAME(.fini_array.*))
 *(.fini_array*)
 .fini_array    0x0000000008002984        0x4 c:/codes/st/stm32cubeide_1.4.0/stm32cubeide/plugins/com.st.stm32cube.ide.mcu.externaltools.gnu-tools-for-stm32.7-2018-q2-update.win32_1.4.0.202007081208/tools/bin/../lib/gcc/arm-none-eabi/7.3.1/thumb/v7-m/crtbegin.o
                [!provide]                        PROVIDE (__fini_array_end = .)
                0x0000000008002988                . = ALIGN (0x4)
                0x0000000008002988                _sidata = LOADADDR (.data)

.data           0x0000000020000000       0xc4 load address 0x0000000008002988
                0x0000000020000000                . = ALIGN (0x4)
                0x0000000020000000                _sdata = .
 *(.data)
 *(.data*)
 .data.Automated
                0x0000000020000000        0x1 Src/app.o
                0x0000000020000000                Automated
 *fill*         0x0000000020000001        0x3 
 .data.Exit     0x0000000020000004       0x18 Src/app.o
                0x0000000020000004                Exit
 .data.PWM2     0x000000002000001c        0xc Src/app.o
                0x000000002000001c                PWM2
 .data.lamp     0x0000000020000028        0x8 Src/app.o
                0x0000000020000028                lamp
 .data.lcd      0x0000000020000030       0x30 Src/app.o
                0x0000000020000030                lcd
 .data._impure_ptr
                0x0000000020000060        0x4 c:/codes/st/stm32cubeide_1.4.0/stm32cubeide/plugins/com.st.stm32cube.ide.mcu.externaltools.gnu-tools-for-stm32.7-2018-q2-update.win32_1.4.0.202007081208/tools/bin/../lib/gcc/arm-none-eabi/7.3.1/../../../../arm-none-eabi/lib/thumb/v7-m\libc_nano.a(lib_a-impure.o)
                0x0000000020000060                _impure_ptr
 .data.impure_data
                0x0000000020000064       0x60 c:/codes/st/stm32cubeide_1.4.0/stm32cubeide/plugins/com.st.stm32cube.ide.mcu.externaltools.gnu-tools-for-stm32.7-2018-q2-update.win32_1.4.0.202007081208/tools/bin/../lib/gcc/arm-none-eabi/7.3.1/../../../../arm-none-eabi/lib/thumb/v7-m\libc_nano.a(lib_a-impure.o)
                0x00000000200000c4                . = ALIGN (0x4)
                0x00000000200000c4                _edata = .

.igot.plt       0x00000000200000c4        0x0 load address 0x0000000008002a4c
 .igot.plt      0x00000000200000c4        0x0 c:/codes/st/stm32cubeide_1.4.0/stm32cubeide/plugins/com.st.stm32cube.ide.mcu.externaltools.gnu-tools-for-stm32.7-2018-q2-update.win32_1.4.0.202007081208/tools/bin/../lib/gcc/arm-none-eabi/7.3.1/thumb/v7-m/crtbegin.o
                0x00000000200000c4                . = ALIGN (0x4)

.bss            0x00000000200000c4       0xdc load address 0x0000000008002a4c
                0x00000000200000c4                _sbss = .
                0x00000000200000c4                __bss_start__ = _sbss
 *(.bss)
 .bss           0x00000000200000c4       0x1c c:/codes/st/stm32cubeide_1.4.0/stm32cubeide/plugins/com.st.stm32cube.ide.mcu.externaltools.gnu-tools-for-stm32.7-2018-q2-update.win32_1.4.0.202007081208/tools/bin/../lib/gcc/arm-none-eabi/7.3.1/thumb/v7-m/crtbegin.o
 *(.bss*)
 .bss.Global_I2C_Config
                0x00000000200000e0       0x48 Drivers/MCAL/I2C/I2C.o
                0x00000000200000e0                Global_I2C_Config
 .bss.SPI_INT_CALLBACK
                0x0000000020000128        0x8 Drivers/MCAL/SPI/SPI.o
 .bss.USART_INT_CALLBACK
                0x0000000020000130        0xc Drivers/MCAL/USART/USART.o
 .bss.N         0x000000002000013c        0x4 Src/app.o
                0x000000002000013c                N
 .bss.val       0x0000000020000140        0x3 Src/app.o
                0x0000000020000140                val
 *fill*         0x0000000020000143        0x1 
 .bss.__sbrk_heap_end
                0x0000000020000144        0x4 Src/sysmem.o
 .bss.__malloc_free_list
                0x0000000020000148        0x4 c:/codes/st/stm32cubeide_1.4.0/stm32cubeide/plugins/com.st.stm32cube.ide.mcu.externaltools.gnu-tools-for-stm32.7-2018-q2-update.win32_1.4.0.202007081208/tools/bin/../lib/gcc/arm-none-eabi/7.3.1/../../../../arm-none-eabi/lib/thumb/v7-m\libc_nano.a(lib_a-nano-mallocr.o)
                0x0000000020000148                __malloc_free_list
 .bss.__malloc_sbrk_start
                0x000000002000014c        0x4 c:/codes/st/stm32cubeide_1.4.0/stm32cubeide/plugins/com.st.stm32cube.ide.mcu.externaltools.gnu-tools-for-stm32.7-2018-q2-update.win32_1.4.0.202007081208/tools/bin/../lib/gcc/arm-none-eabi/7.3.1/../../../../arm-none-eabi/lib/thumb/v7-m\libc_nano.a(lib_a-nano-mallocr.o)
                0x000000002000014c                __malloc_sbrk_start
 *(COMMON)
 COMMON         0x0000000020000150       0x3c Drivers/MCAL/EXTI/EXTI.o
                0x0000000020000150                GP_IRQ_CallBack
 COMMON         0x000000002000018c        0x6 Src/app.o
                0x000000002000018c                buffer
                0x000000002000018f                Exit_Data
                0x0000000020000190                MinTemp
                0x0000000020000191                MaxTemp
 *fill*         0x0000000020000192        0x2 
 COMMON         0x0000000020000194        0x7 Src/main.o
                0x0000000020000194                ADC_Value
                0x0000000020000198                STR
 *fill*         0x000000002000019b        0x1 
 COMMON         0x000000002000019c        0x4 c:/codes/st/stm32cubeide_1.4.0/stm32cubeide/plugins/com.st.stm32cube.ide.mcu.externaltools.gnu-tools-for-stm32.7-2018-q2-update.win32_1.4.0.202007081208/tools/bin/../lib/gcc/arm-none-eabi/7.3.1/../../../../arm-none-eabi/lib/thumb/v7-m\libc_nano.a(lib_a-reent.o)
                0x000000002000019c                errno
                0x00000000200001a0                . = ALIGN (0x4)
                0x00000000200001a0                _ebss = .
                0x00000000200001a0                __bss_end__ = _ebss

._user_heap_stack
                0x00000000200001a0      0x600 load address 0x0000000008002a4c
                0x00000000200001a0                . = ALIGN (0x8)
                [!provide]                        PROVIDE (end = .)
                0x00000000200001a0                PROVIDE (_end = .)
                0x00000000200003a0                . = (. + _Min_Heap_Size)
 *fill*         0x00000000200001a0      0x200 
                0x00000000200007a0                . = (. + _Min_Stack_Size)
 *fill*         0x00000000200003a0      0x400 
                0x00000000200007a0                . = ALIGN (0x8)

/DISCARD/
 libc.a(*)
 libm.a(*)
 libgcc.a(*)

.ARM.attributes
                0x0000000000000000       0x29
 *(.ARM.attributes)
 .ARM.attributes
                0x0000000000000000       0x1d c:/codes/st/stm32cubeide_1.4.0/stm32cubeide/plugins/com.st.stm32cube.ide.mcu.externaltools.gnu-tools-for-stm32.7-2018-q2-update.win32_1.4.0.202007081208/tools/bin/../lib/gcc/arm-none-eabi/7.3.1/thumb/v7-m/crti.o
 .ARM.attributes
                0x000000000000001d       0x2d c:/codes/st/stm32cubeide_1.4.0/stm32cubeide/plugins/com.st.stm32cube.ide.mcu.externaltools.gnu-tools-for-stm32.7-2018-q2-update.win32_1.4.0.202007081208/tools/bin/../lib/gcc/arm-none-eabi/7.3.1/thumb/v7-m/crtbegin.o
 .ARM.attributes
                0x000000000000004a       0x33 Drivers/ECU/LCD/lcd.o
 .ARM.attributes
                0x000000000000007d       0x33 Drivers/MCAL/ADC/ADC.o
 .ARM.attributes
                0x00000000000000b0       0x33 Drivers/MCAL/EXTI/EXTI.o
 .ARM.attributes
                0x00000000000000e3       0x33 Drivers/MCAL/GPIO/GPIO.o
 .ARM.attributes
                0x0000000000000116       0x33 Drivers/MCAL/I2C/I2C.o
 .ARM.attributes
                0x0000000000000149       0x33 Drivers/MCAL/RCC/RCC.o
 .ARM.attributes
                0x000000000000017c       0x33 Drivers/MCAL/SPI/SPI.o
 .ARM.attributes
                0x00000000000001af       0x33 Drivers/MCAL/TIMERS/TIMERS.o
 .ARM.attributes
                0x00000000000001e2       0x33 Drivers/MCAL/USART/USART.o
 .ARM.attributes
                0x0000000000000215       0x33 Src/app.o
 .ARM.attributes
                0x0000000000000248       0x33 Src/main.o
 .ARM.attributes
                0x000000000000027b       0x33 Src/sysmem.o
 .ARM.attributes
                0x00000000000002ae       0x21 Startup/startup_stm32f103c6tx.o
 .ARM.attributes
                0x00000000000002cf       0x2d c:/codes/st/stm32cubeide_1.4.0/stm32cubeide/plugins/com.st.stm32cube.ide.mcu.externaltools.gnu-tools-for-stm32.7-2018-q2-update.win32_1.4.0.202007081208/tools/bin/../lib/gcc/arm-none-eabi/7.3.1/../../../../arm-none-eabi/lib/thumb/v7-m\libc_nano.a(lib_a-errno.o)
 .ARM.attributes
                0x00000000000002fc       0x2d c:/codes/st/stm32cubeide_1.4.0/stm32cubeide/plugins/com.st.stm32cube.ide.mcu.externaltools.gnu-tools-for-stm32.7-2018-q2-update.win32_1.4.0.202007081208/tools/bin/../lib/gcc/arm-none-eabi/7.3.1/../../../../arm-none-eabi/lib/thumb/v7-m\libc_nano.a(lib_a-impure.o)
 .ARM.attributes
                0x0000000000000329       0x2d c:/codes/st/stm32cubeide_1.4.0/stm32cubeide/plugins/com.st.stm32cube.ide.mcu.externaltools.gnu-tools-for-stm32.7-2018-q2-update.win32_1.4.0.202007081208/tools/bin/../lib/gcc/arm-none-eabi/7.3.1/../../../../arm-none-eabi/lib/thumb/v7-m\libc_nano.a(lib_a-init.o)
 .ARM.attributes
                0x0000000000000356       0x2d c:/codes/st/stm32cubeide_1.4.0/stm32cubeide/plugins/com.st.stm32cube.ide.mcu.externaltools.gnu-tools-for-stm32.7-2018-q2-update.win32_1.4.0.202007081208/tools/bin/../lib/gcc/arm-none-eabi/7.3.1/../../../../arm-none-eabi/lib/thumb/v7-m\libc_nano.a(lib_a-sprintf.o)
 .ARM.attributes
                0x0000000000000383       0x17 c:/codes/st/stm32cubeide_1.4.0/stm32cubeide/plugins/com.st.stm32cube.ide.mcu.externaltools.gnu-tools-for-stm32.7-2018-q2-update.win32_1.4.0.202007081208/tools/bin/../lib/gcc/arm-none-eabi/7.3.1/../../../../arm-none-eabi/lib/thumb/v7-m\libc_nano.a(lib_a-strlen.o)
 .ARM.attributes
                0x000000000000039a       0x2d c:/codes/st/stm32cubeide_1.4.0/stm32cubeide/plugins/com.st.stm32cube.ide.mcu.externaltools.gnu-tools-for-stm32.7-2018-q2-update.win32_1.4.0.202007081208/tools/bin/../lib/gcc/arm-none-eabi/7.3.1/../../../../arm-none-eabi/lib/thumb/v7-m\libc_nano.a(lib_a-nano-svfprintf.o)
 .ARM.attributes
                0x00000000000003c7       0x2d c:/codes/st/stm32cubeide_1.4.0/stm32cubeide/plugins/com.st.stm32cube.ide.mcu.externaltools.gnu-tools-for-stm32.7-2018-q2-update.win32_1.4.0.202007081208/tools/bin/../lib/gcc/arm-none-eabi/7.3.1/../../../../arm-none-eabi/lib/thumb/v7-m\libc_nano.a(lib_a-nano-vfprintf_i.o)
 .ARM.attributes
                0x00000000000003f4       0x2d c:/codes/st/stm32cubeide_1.4.0/stm32cubeide/plugins/com.st.stm32cube.ide.mcu.externaltools.gnu-tools-for-stm32.7-2018-q2-update.win32_1.4.0.202007081208/tools/bin/../lib/gcc/arm-none-eabi/7.3.1/../../../../arm-none-eabi/lib/thumb/v7-m\libc_nano.a(lib_a-memchr-stub.o)
 .ARM.attributes
                0x0000000000000421       0x2d c:/codes/st/stm32cubeide_1.4.0/stm32cubeide/plugins/com.st.stm32cube.ide.mcu.externaltools.gnu-tools-for-stm32.7-2018-q2-update.win32_1.4.0.202007081208/tools/bin/../lib/gcc/arm-none-eabi/7.3.1/../../../../arm-none-eabi/lib/thumb/v7-m\libc_nano.a(lib_a-memcpy-stub.o)
 .ARM.attributes
                0x000000000000044e       0x2d c:/codes/st/stm32cubeide_1.4.0/stm32cubeide/plugins/com.st.stm32cube.ide.mcu.externaltools.gnu-tools-for-stm32.7-2018-q2-update.win32_1.4.0.202007081208/tools/bin/../lib/gcc/arm-none-eabi/7.3.1/../../../../arm-none-eabi/lib/thumb/v7-m\libc_nano.a(lib_a-memmove.o)
 .ARM.attributes
                0x000000000000047b       0x2d c:/codes/st/stm32cubeide_1.4.0/stm32cubeide/plugins/com.st.stm32cube.ide.mcu.externaltools.gnu-tools-for-stm32.7-2018-q2-update.win32_1.4.0.202007081208/tools/bin/../lib/gcc/arm-none-eabi/7.3.1/../../../../arm-none-eabi/lib/thumb/v7-m\libc_nano.a(lib_a-nano-freer.o)
 .ARM.attributes
                0x00000000000004a8       0x2d c:/codes/st/stm32cubeide_1.4.0/stm32cubeide/plugins/com.st.stm32cube.ide.mcu.externaltools.gnu-tools-for-stm32.7-2018-q2-update.win32_1.4.0.202007081208/tools/bin/../lib/gcc/arm-none-eabi/7.3.1/../../../../arm-none-eabi/lib/thumb/v7-m\libc_nano.a(lib_a-nano-mallocr.o)
 .ARM.attributes
                0x00000000000004d5       0x2d c:/codes/st/stm32cubeide_1.4.0/stm32cubeide/plugins/com.st.stm32cube.ide.mcu.externaltools.gnu-tools-for-stm32.7-2018-q2-update.win32_1.4.0.202007081208/tools/bin/../lib/gcc/arm-none-eabi/7.3.1/../../../../arm-none-eabi/lib/thumb/v7-m\libc_nano.a(lib_a-nano-reallocr.o)
 .ARM.attributes
                0x0000000000000502       0x2d c:/codes/st/stm32cubeide_1.4.0/stm32cubeide/plugins/com.st.stm32cube.ide.mcu.externaltools.gnu-tools-for-stm32.7-2018-q2-update.win32_1.4.0.202007081208/tools/bin/../lib/gcc/arm-none-eabi/7.3.1/../../../../arm-none-eabi/lib/thumb/v7-m\libc_nano.a(lib_a-sbrkr.o)
 .ARM.attributes
                0x000000000000052f       0x2d c:/codes/st/stm32cubeide_1.4.0/stm32cubeide/plugins/com.st.stm32cube.ide.mcu.externaltools.gnu-tools-for-stm32.7-2018-q2-update.win32_1.4.0.202007081208/tools/bin/../lib/gcc/arm-none-eabi/7.3.1/../../../../arm-none-eabi/lib/thumb/v7-m\libc_nano.a(lib_a-mlock.o)
 .ARM.attributes
                0x000000000000055c       0x2d c:/codes/st/stm32cubeide_1.4.0/stm32cubeide/plugins/com.st.stm32cube.ide.mcu.externaltools.gnu-tools-for-stm32.7-2018-q2-update.win32_1.4.0.202007081208/tools/bin/../lib/gcc/arm-none-eabi/7.3.1/../../../../arm-none-eabi/lib/thumb/v7-m\libc_nano.a(lib_a-nano-msizer.o)
 .ARM.attributes
                0x0000000000000589       0x2d c:/codes/st/stm32cubeide_1.4.0/stm32cubeide/plugins/com.st.stm32cube.ide.mcu.externaltools.gnu-tools-for-stm32.7-2018-q2-update.win32_1.4.0.202007081208/tools/bin/../lib/gcc/arm-none-eabi/7.3.1/../../../../arm-none-eabi/lib/thumb/v7-m\libc_nano.a(lib_a-reent.o)
 .ARM.attributes
                0x00000000000005b6       0x1d c:/codes/st/stm32cubeide_1.4.0/stm32cubeide/plugins/com.st.stm32cube.ide.mcu.externaltools.gnu-tools-for-stm32.7-2018-q2-update.win32_1.4.0.202007081208/tools/bin/../lib/gcc/arm-none-eabi/7.3.1/thumb/v7-m\libgcc.a(_arm_addsubdf3.o)
 .ARM.attributes
                0x00000000000005d3       0x1d c:/codes/st/stm32cubeide_1.4.0/stm32cubeide/plugins/com.st.stm32cube.ide.mcu.externaltools.gnu-tools-for-stm32.7-2018-q2-update.win32_1.4.0.202007081208/tools/bin/../lib/gcc/arm-none-eabi/7.3.1/thumb/v7-m\libgcc.a(_arm_muldivdf3.o)
 .ARM.attributes
                0x00000000000005f0       0x1d c:/codes/st/stm32cubeide_1.4.0/stm32cubeide/plugins/com.st.stm32cube.ide.mcu.externaltools.gnu-tools-for-stm32.7-2018-q2-update.win32_1.4.0.202007081208/tools/bin/../lib/gcc/arm-none-eabi/7.3.1/thumb/v7-m\libgcc.a(_arm_fixunsdfsi.o)
 .ARM.attributes
                0x000000000000060d       0x1d c:/codes/st/stm32cubeide_1.4.0/stm32cubeide/plugins/com.st.stm32cube.ide.mcu.externaltools.gnu-tools-for-stm32.7-2018-q2-update.win32_1.4.0.202007081208/tools/bin/../lib/gcc/arm-none-eabi/7.3.1/thumb/v7-m/crtn.o
OUTPUT(STM32F103XX.elf elf32-littlearm)

.debug_info     0x0000000000000000     0xbb54
 .debug_info    0x0000000000000000     0x1472 Drivers/ECU/LCD/lcd.o
 .debug_info    0x0000000000001472      0xe0d Drivers/MCAL/ADC/ADC.o
 .debug_info    0x000000000000227f      0xec0 Drivers/MCAL/EXTI/EXTI.o
 .debug_info    0x000000000000313f      0xf60 Drivers/MCAL/GPIO/GPIO.o
 .debug_info    0x000000000000409f     0x13cb Drivers/MCAL/I2C/I2C.o
 .debug_info    0x000000000000546a      0xb25 Drivers/MCAL/RCC/RCC.o
 .debug_info    0x0000000000005f8f      0xfa9 Drivers/MCAL/SPI/SPI.o
 .debug_info    0x0000000000006f38      0xe16 Drivers/MCAL/TIMERS/TIMERS.o
 .debug_info    0x0000000000007d4e      0xf6f Drivers/MCAL/USART/USART.o
 .debug_info    0x0000000000008cbd     0x127c Src/app.o
 .debug_info    0x0000000000009f39     0x117d Src/main.o
 .debug_info    0x000000000000b0b6      0xa7c Src/sysmem.o
 .debug_info    0x000000000000bb32       0x22 Startup/startup_stm32f103c6tx.o

.debug_abbrev   0x0000000000000000     0x197c
 .debug_abbrev  0x0000000000000000      0x275 Drivers/ECU/LCD/lcd.o
 .debug_abbrev  0x0000000000000275      0x1d6 Drivers/MCAL/ADC/ADC.o
 .debug_abbrev  0x000000000000044b      0x22a Drivers/MCAL/EXTI/EXTI.o
 .debug_abbrev  0x0000000000000675      0x24c Drivers/MCAL/GPIO/GPIO.o
 .debug_abbrev  0x00000000000008c1      0x289 Drivers/MCAL/I2C/I2C.o
 .debug_abbrev  0x0000000000000b4a      0x19b Drivers/MCAL/RCC/RCC.o
 .debug_abbrev  0x0000000000000ce5      0x243 Drivers/MCAL/SPI/SPI.o
 .debug_abbrev  0x0000000000000f28      0x1d3 Drivers/MCAL/TIMERS/TIMERS.o
 .debug_abbrev  0x00000000000010fb      0x229 Drivers/MCAL/USART/USART.o
 .debug_abbrev  0x0000000000001324      0x2a9 Src/app.o
 .debug_abbrev  0x00000000000015cd      0x20f Src/main.o
 .debug_abbrev  0x00000000000017dc      0x18e Src/sysmem.o
 .debug_abbrev  0x000000000000196a       0x12 Startup/startup_stm32f103c6tx.o

.debug_loc      0x0000000000000000     0x1d8c
 .debug_loc     0x0000000000000000      0x6e0 Drivers/ECU/LCD/lcd.o
 .debug_loc     0x00000000000006e0       0xac Drivers/MCAL/ADC/ADC.o
 .debug_loc     0x000000000000078c      0x320 Drivers/MCAL/EXTI/EXTI.o
 .debug_loc     0x0000000000000aac      0x4a0 Drivers/MCAL/GPIO/GPIO.o
 .debug_loc     0x0000000000000f4c      0x580 Drivers/MCAL/I2C/I2C.o
 .debug_loc     0x00000000000014cc       0xc8 Drivers/MCAL/RCC/RCC.o
 .debug_loc     0x0000000000001594      0x274 Drivers/MCAL/SPI/SPI.o
 .debug_loc     0x0000000000001808       0x50 Drivers/MCAL/TIMERS/TIMERS.o
 .debug_loc     0x0000000000001858      0x294 Drivers/MCAL/USART/USART.o
 .debug_loc     0x0000000000001aec      0x218 Src/app.o
 .debug_loc     0x0000000000001d04       0x38 Src/main.o
 .debug_loc     0x0000000000001d3c       0x50 Src/sysmem.o

.debug_aranges  0x0000000000000000      0x458
 .debug_aranges
                0x0000000000000000       0xc8 Drivers/ECU/LCD/lcd.o
 .debug_aranges
                0x00000000000000c8       0x28 Drivers/MCAL/ADC/ADC.o
 .debug_aranges
                0x00000000000000f0       0x80 Drivers/MCAL/EXTI/EXTI.o
 .debug_aranges
                0x0000000000000170       0x80 Drivers/MCAL/GPIO/GPIO.o
 .debug_aranges
                0x00000000000001f0       0xa0 Drivers/MCAL/I2C/I2C.o
 .debug_aranges
                0x0000000000000290       0x38 Drivers/MCAL/RCC/RCC.o
 .debug_aranges
                0x00000000000002c8       0x58 Drivers/MCAL/SPI/SPI.o
 .debug_aranges
                0x0000000000000320       0x20 Drivers/MCAL/TIMERS/TIMERS.o
 .debug_aranges
                0x0000000000000340       0x60 Drivers/MCAL/USART/USART.o
 .debug_aranges
                0x00000000000003a0       0x50 Src/app.o
 .debug_aranges
                0x00000000000003f0       0x20 Src/main.o
 .debug_aranges
                0x0000000000000410       0x20 Src/sysmem.o
 .debug_aranges
                0x0000000000000430       0x28 Startup/startup_stm32f103c6tx.o

.debug_ranges   0x0000000000000000      0x390
 .debug_ranges  0x0000000000000000       0xb8 Drivers/ECU/LCD/lcd.o
 .debug_ranges  0x00000000000000b8       0x18 Drivers/MCAL/ADC/ADC.o
 .debug_ranges  0x00000000000000d0       0x70 Drivers/MCAL/EXTI/EXTI.o
 .debug_ranges  0x0000000000000140       0x70 Drivers/MCAL/GPIO/GPIO.o
 .debug_ranges  0x00000000000001b0       0x90 Drivers/MCAL/I2C/I2C.o
 .debug_ranges  0x0000000000000240       0x28 Drivers/MCAL/RCC/RCC.o
 .debug_ranges  0x0000000000000268       0x48 Drivers/MCAL/SPI/SPI.o
 .debug_ranges  0x00000000000002b0       0x10 Drivers/MCAL/TIMERS/TIMERS.o
 .debug_ranges  0x00000000000002c0       0x50 Drivers/MCAL/USART/USART.o
 .debug_ranges  0x0000000000000310       0x40 Src/app.o
 .debug_ranges  0x0000000000000350       0x10 Src/main.o
 .debug_ranges  0x0000000000000360       0x10 Src/sysmem.o
 .debug_ranges  0x0000000000000370       0x20 Startup/startup_stm32f103c6tx.o

.debug_macro    0x0000000000000000     0x1ae8
 .debug_macro   0x0000000000000000      0x17e Drivers/ECU/LCD/lcd.o
 .debug_macro   0x000000000000017e       0x40 Drivers/ECU/LCD/lcd.o
 .debug_macro   0x00000000000001be       0x8e Drivers/ECU/LCD/lcd.o
 .debug_macro   0x000000000000024c      0x173 Drivers/MCAL/ADC/ADC.o
 .debug_macro   0x00000000000003bf      0x184 Drivers/MCAL/EXTI/EXTI.o
 .debug_macro   0x0000000000000543      0x222 Drivers/MCAL/EXTI/EXTI.o
 .debug_macro   0x0000000000000765      0x16f Drivers/MCAL/GPIO/GPIO.o
 .debug_macro   0x00000000000008d4      0x18d Drivers/MCAL/I2C/I2C.o
 .debug_macro   0x0000000000000a61      0x16f Drivers/MCAL/RCC/RCC.o
 .debug_macro   0x0000000000000bd0       0x10 Drivers/MCAL/RCC/RCC.o
 .debug_macro   0x0000000000000be0      0x187 Drivers/MCAL/SPI/SPI.o
 .debug_macro   0x0000000000000d67       0xe6 Drivers/MCAL/SPI/SPI.o
 .debug_macro   0x0000000000000e4d      0x182 Drivers/MCAL/TIMERS/TIMERS.o
 .debug_macro   0x0000000000000fcf      0x187 Drivers/MCAL/USART/USART.o
 .debug_macro   0x0000000000001156       0xe8 Drivers/MCAL/USART/USART.o
 .debug_macro   0x000000000000123e      0x1c3 Src/app.o
 .debug_macro   0x0000000000001401       0x16 Src/app.o
 .debug_macro   0x0000000000001417       0x94 Src/app.o
 .debug_macro   0x00000000000014ab       0xec Src/app.o
 .debug_macro   0x0000000000001597       0x65 Src/app.o
 .debug_macro   0x00000000000015fc      0x1c3 Src/main.o
 .debug_macro   0x00000000000017bf       0xee Src/sysmem.o
 .debug_macro   0x00000000000018ad      0x23b Src/sysmem.o

.debug_line     0x0000000000000000     0x587f
 .debug_line    0x0000000000000000      0x874 Drivers/ECU/LCD/lcd.o
 .debug_line    0x0000000000000874      0x612 Drivers/MCAL/ADC/ADC.o
 .debug_line    0x0000000000000e86      0x78e Drivers/MCAL/EXTI/EXTI.o
 .debug_line    0x0000000000001614      0x6f5 Drivers/MCAL/GPIO/GPIO.o
 .debug_line    0x0000000000001d09      0x8b4 Drivers/MCAL/I2C/I2C.o
 .debug_line    0x00000000000025bd      0x5c3 Drivers/MCAL/RCC/RCC.o
 .debug_line    0x0000000000002b80      0x76e Drivers/MCAL/SPI/SPI.o
 .debug_line    0x00000000000032ee      0x6f5 Drivers/MCAL/TIMERS/TIMERS.o
 .debug_line    0x00000000000039e3      0x798 Drivers/MCAL/USART/USART.o
 .debug_line    0x000000000000417b      0x91c Src/app.o
 .debug_line    0x0000000000004a97      0x884 Src/main.o
 .debug_line    0x000000000000531b      0x4e0 Src/sysmem.o
 .debug_line    0x00000000000057fb       0x84 Startup/startup_stm32f103c6tx.o

.debug_str      0x0000000000000000     0xd57b
 .debug_str     0x0000000000000000     0x9fe6 Drivers/ECU/LCD/lcd.o
                                       0xa255 (size before relaxing)
 .debug_str     0x0000000000009fe6      0x113 Drivers/MCAL/ADC/ADC.o
                                       0x9ddd (size before relaxing)
 .debug_str     0x000000000000a0f9     0x158d Drivers/MCAL/EXTI/EXTI.o
                                       0xb276 (size before relaxing)
 .debug_str     0x000000000000b686      0x155 Drivers/MCAL/GPIO/GPIO.o
                                       0x9ea4 (size before relaxing)
 .debug_str     0x000000000000b7db      0x6ba Drivers/MCAL/I2C/I2C.o
                                       0xa43e (size before relaxing)
 .debug_str     0x000000000000be95       0x90 Drivers/MCAL/RCC/RCC.o
                                       0x9a57 (size before relaxing)
 .debug_str     0x000000000000bf25      0x7a1 Drivers/MCAL/SPI/SPI.o
                                       0xa523 (size before relaxing)
 .debug_str     0x000000000000c6c6       0xce Drivers/MCAL/TIMERS/TIMERS.o
                                       0x9e23 (size before relaxing)
 .debug_str     0x000000000000c794      0x7da Drivers/MCAL/USART/USART.o
                                       0xa587 (size before relaxing)
 .debug_str     0x000000000000cf6e       0xdb Src/app.o
                                       0xb00a (size before relaxing)
 .debug_str     0x000000000000d049       0x1d Src/main.o
                                       0xaff7 (size before relaxing)
 .debug_str     0x000000000000d066      0x4e4 Src/sysmem.o
                                       0x5f4b (size before relaxing)
 .debug_str     0x000000000000d54a       0x31 Startup/startup_stm32f103c6tx.o
                                         0x6e (size before relaxing)

.comment        0x0000000000000000       0x7b
 .comment       0x0000000000000000       0x7b Drivers/ECU/LCD/lcd.o
                                         0x7c (size before relaxing)
 .comment       0x000000000000007b       0x7c Drivers/MCAL/ADC/ADC.o
 .comment       0x000000000000007b       0x7c Drivers/MCAL/EXTI/EXTI.o
 .comment       0x000000000000007b       0x7c Drivers/MCAL/GPIO/GPIO.o
 .comment       0x000000000000007b       0x7c Drivers/MCAL/I2C/I2C.o
 .comment       0x000000000000007b       0x7c Drivers/MCAL/RCC/RCC.o
 .comment       0x000000000000007b       0x7c Drivers/MCAL/SPI/SPI.o
 .comment       0x000000000000007b       0x7c Drivers/MCAL/TIMERS/TIMERS.o
 .comment       0x000000000000007b       0x7c Drivers/MCAL/USART/USART.o
 .comment       0x000000000000007b       0x7c Src/app.o
 .comment       0x000000000000007b       0x7c Src/main.o
 .comment       0x000000000000007b       0x7c Src/sysmem.o

.debug_frame    0x0000000000000000     0x133c
 .debug_frame   0x0000000000000000      0x328 Drivers/ECU/LCD/lcd.o
 .debug_frame   0x0000000000000328       0x5c Drivers/MCAL/ADC/ADC.o
 .debug_frame   0x0000000000000384      0x1b0 Drivers/MCAL/EXTI/EXTI.o
 .debug_frame   0x0000000000000534      0x218 Drivers/MCAL/GPIO/GPIO.o
 .debug_frame   0x000000000000074c      0x288 Drivers/MCAL/I2C/I2C.o
 .debug_frame   0x00000000000009d4       0x84 Drivers/MCAL/RCC/RCC.o
 .debug_frame   0x0000000000000a58      0x138 Drivers/MCAL/SPI/SPI.o
 .debug_frame   0x0000000000000b90       0x38 Drivers/MCAL/TIMERS/TIMERS.o
 .debug_frame   0x0000000000000bc8      0x14c Drivers/MCAL/USART/USART.o
 .debug_frame   0x0000000000000d14      0x10c Src/app.o
 .debug_frame   0x0000000000000e20       0x30 Src/main.o
 .debug_frame   0x0000000000000e50       0x34 Src/sysmem.o
 .debug_frame   0x0000000000000e84       0x20 c:/codes/st/stm32cubeide_1.4.0/stm32cubeide/plugins/com.st.stm32cube.ide.mcu.externaltools.gnu-tools-for-stm32.7-2018-q2-update.win32_1.4.0.202007081208/tools/bin/../lib/gcc/arm-none-eabi/7.3.1/../../../../arm-none-eabi/lib/thumb/v7-m\libc_nano.a(lib_a-errno.o)
 .debug_frame   0x0000000000000ea4       0x2c c:/codes/st/stm32cubeide_1.4.0/stm32cubeide/plugins/com.st.stm32cube.ide.mcu.externaltools.gnu-tools-for-stm32.7-2018-q2-update.win32_1.4.0.202007081208/tools/bin/../lib/gcc/arm-none-eabi/7.3.1/../../../../arm-none-eabi/lib/thumb/v7-m\libc_nano.a(lib_a-init.o)
 .debug_frame   0x0000000000000ed0       0x6c c:/codes/st/stm32cubeide_1.4.0/stm32cubeide/plugins/com.st.stm32cube.ide.mcu.externaltools.gnu-tools-for-stm32.7-2018-q2-update.win32_1.4.0.202007081208/tools/bin/../lib/gcc/arm-none-eabi/7.3.1/../../../../arm-none-eabi/lib/thumb/v7-m\libc_nano.a(lib_a-sprintf.o)
 .debug_frame   0x0000000000000f3c       0x90 c:/codes/st/stm32cubeide_1.4.0/stm32cubeide/plugins/com.st.stm32cube.ide.mcu.externaltools.gnu-tools-for-stm32.7-2018-q2-update.win32_1.4.0.202007081208/tools/bin/../lib/gcc/arm-none-eabi/7.3.1/../../../../arm-none-eabi/lib/thumb/v7-m\libc_nano.a(lib_a-nano-svfprintf.o)
 .debug_frame   0x0000000000000fcc       0x60 c:/codes/st/stm32cubeide_1.4.0/stm32cubeide/plugins/com.st.stm32cube.ide.mcu.externaltools.gnu-tools-for-stm32.7-2018-q2-update.win32_1.4.0.202007081208/tools/bin/../lib/gcc/arm-none-eabi/7.3.1/../../../../arm-none-eabi/lib/thumb/v7-m\libc_nano.a(lib_a-nano-vfprintf_i.o)
 .debug_frame   0x000000000000102c       0x28 c:/codes/st/stm32cubeide_1.4.0/stm32cubeide/plugins/com.st.stm32cube.ide.mcu.externaltools.gnu-tools-for-stm32.7-2018-q2-update.win32_1.4.0.202007081208/tools/bin/../lib/gcc/arm-none-eabi/7.3.1/../../../../arm-none-eabi/lib/thumb/v7-m\libc_nano.a(lib_a-memchr-stub.o)
 .debug_frame   0x0000000000001054       0x28 c:/codes/st/stm32cubeide_1.4.0/stm32cubeide/plugins/com.st.stm32cube.ide.mcu.externaltools.gnu-tools-for-stm32.7-2018-q2-update.win32_1.4.0.202007081208/tools/bin/../lib/gcc/arm-none-eabi/7.3.1/../../../../arm-none-eabi/lib/thumb/v7-m\libc_nano.a(lib_a-memcpy-stub.o)
 .debug_frame   0x000000000000107c       0x28 c:/codes/st/stm32cubeide_1.4.0/stm32cubeide/plugins/com.st.stm32cube.ide.mcu.externaltools.gnu-tools-for-stm32.7-2018-q2-update.win32_1.4.0.202007081208/tools/bin/../lib/gcc/arm-none-eabi/7.3.1/../../../../arm-none-eabi/lib/thumb/v7-m\libc_nano.a(lib_a-memmove.o)
 .debug_frame   0x00000000000010a4       0x38 c:/codes/st/stm32cubeide_1.4.0/stm32cubeide/plugins/com.st.stm32cube.ide.mcu.externaltools.gnu-tools-for-stm32.7-2018-q2-update.win32_1.4.0.202007081208/tools/bin/../lib/gcc/arm-none-eabi/7.3.1/../../../../arm-none-eabi/lib/thumb/v7-m\libc_nano.a(lib_a-nano-freer.o)
 .debug_frame   0x00000000000010dc       0x2c c:/codes/st/stm32cubeide_1.4.0/stm32cubeide/plugins/com.st.stm32cube.ide.mcu.externaltools.gnu-tools-for-stm32.7-2018-q2-update.win32_1.4.0.202007081208/tools/bin/../lib/gcc/arm-none-eabi/7.3.1/../../../../arm-none-eabi/lib/thumb/v7-m\libc_nano.a(lib_a-nano-mallocr.o)
 .debug_frame   0x0000000000001108       0x3c c:/codes/st/stm32cubeide_1.4.0/stm32cubeide/plugins/com.st.stm32cube.ide.mcu.externaltools.gnu-tools-for-stm32.7-2018-q2-update.win32_1.4.0.202007081208/tools/bin/../lib/gcc/arm-none-eabi/7.3.1/../../../../arm-none-eabi/lib/thumb/v7-m\libc_nano.a(lib_a-nano-reallocr.o)
 .debug_frame   0x0000000000001144       0x2c c:/codes/st/stm32cubeide_1.4.0/stm32cubeide/plugins/com.st.stm32cube.ide.mcu.externaltools.gnu-tools-for-stm32.7-2018-q2-update.win32_1.4.0.202007081208/tools/bin/../lib/gcc/arm-none-eabi/7.3.1/../../../../arm-none-eabi/lib/thumb/v7-m\libc_nano.a(lib_a-sbrkr.o)
 .debug_frame   0x0000000000001170       0x30 c:/codes/st/stm32cubeide_1.4.0/stm32cubeide/plugins/com.st.stm32cube.ide.mcu.externaltools.gnu-tools-for-stm32.7-2018-q2-update.win32_1.4.0.202007081208/tools/bin/../lib/gcc/arm-none-eabi/7.3.1/../../../../arm-none-eabi/lib/thumb/v7-m\libc_nano.a(lib_a-mlock.o)
 .debug_frame   0x00000000000011a0       0x20 c:/codes/st/stm32cubeide_1.4.0/stm32cubeide/plugins/com.st.stm32cube.ide.mcu.externaltools.gnu-tools-for-stm32.7-2018-q2-update.win32_1.4.0.202007081208/tools/bin/../lib/gcc/arm-none-eabi/7.3.1/../../../../arm-none-eabi/lib/thumb/v7-m\libc_nano.a(lib_a-nano-msizer.o)
 .debug_frame   0x00000000000011c0       0x5c c:/codes/st/stm32cubeide_1.4.0/stm32cubeide/plugins/com.st.stm32cube.ide.mcu.externaltools.gnu-tools-for-stm32.7-2018-q2-update.win32_1.4.0.202007081208/tools/bin/../lib/gcc/arm-none-eabi/7.3.1/../../../../arm-none-eabi/lib/thumb/v7-m\libc_nano.a(lib_a-reent.o)
 .debug_frame   0x000000000000121c       0xac c:/codes/st/stm32cubeide_1.4.0/stm32cubeide/plugins/com.st.stm32cube.ide.mcu.externaltools.gnu-tools-for-stm32.7-2018-q2-update.win32_1.4.0.202007081208/tools/bin/../lib/gcc/arm-none-eabi/7.3.1/thumb/v7-m\libgcc.a(_arm_addsubdf3.o)
 .debug_frame   0x00000000000012c8       0x50 c:/codes/st/stm32cubeide_1.4.0/stm32cubeide/plugins/com.st.stm32cube.ide.mcu.externaltools.gnu-tools-for-stm32.7-2018-q2-update.win32_1.4.0.202007081208/tools/bin/../lib/gcc/arm-none-eabi/7.3.1/thumb/v7-m\libgcc.a(_arm_muldivdf3.o)
 .debug_frame   0x0000000000001318       0x24 c:/codes/st/stm32cubeide_1.4.0/stm32cubeide/plugins/com.st.stm32cube.ide.mcu.externaltools.gnu-tools-for-stm32.7-2018-q2-update.win32_1.4.0.202007081208/tools/bin/../lib/gcc/arm-none-eabi/7.3.1/thumb/v7-m\libgcc.a(_arm_fixunsdfsi.o)
