Archive member included to satisfy reference by file (symbol)

c:/program files/microchip/xc8/v2.36/avr/bin/../lib/gcc/avr/5.4.0/../../../../avr/lib/avr5/memx-const\libm.a(divsf3.o)
                              Drivers/MCAL/TIMER0/TIMER0.o (__divsf3)
c:/program files/microchip/xc8/v2.36/avr/bin/../lib/gcc/avr/5.4.0/../../../../avr/lib/avr5/memx-const\libm.a(divsf3x.o)
                              c:/program files/microchip/xc8/v2.36/avr/bin/../lib/gcc/avr/5.4.0/../../../../avr/lib/avr5/memx-const\libm.a(divsf3.o) (__divsf3x)
c:/program files/microchip/xc8/v2.36/avr/bin/../lib/gcc/avr/5.4.0/../../../../avr/lib/avr5/memx-const\libm.a(fixunssfsi.o)
                              Drivers/MCAL/TIMER0/TIMER0.o (__fixunssfsi)
c:/program files/microchip/xc8/v2.36/avr/bin/../lib/gcc/avr/5.4.0/../../../../avr/lib/avr5/memx-const\libm.a(floatsisf.o)
                              Drivers/MCAL/TIMER0/TIMER0.o (__floatsisf)
c:/program files/microchip/xc8/v2.36/avr/bin/../lib/gcc/avr/5.4.0/../../../../avr/lib/avr5/memx-const\libm.a(fp_inf.o)
                              c:/program files/microchip/xc8/v2.36/avr/bin/../lib/gcc/avr/5.4.0/../../../../avr/lib/avr5/memx-const\libm.a(divsf3x.o) (__fp_inf)
c:/program files/microchip/xc8/v2.36/avr/bin/../lib/gcc/avr/5.4.0/../../../../avr/lib/avr5/memx-const\libm.a(fp_nan.o)
                              c:/program files/microchip/xc8/v2.36/avr/bin/../lib/gcc/avr/5.4.0/../../../../avr/lib/avr5/memx-const\libm.a(divsf3x.o) (__fp_nan)
c:/program files/microchip/xc8/v2.36/avr/bin/../lib/gcc/avr/5.4.0/../../../../avr/lib/avr5/memx-const\libm.a(fp_pscA.o)
                              c:/program files/microchip/xc8/v2.36/avr/bin/../lib/gcc/avr/5.4.0/../../../../avr/lib/avr5/memx-const\libm.a(divsf3x.o) (__fp_pscA)
c:/program files/microchip/xc8/v2.36/avr/bin/../lib/gcc/avr/5.4.0/../../../../avr/lib/avr5/memx-const\libm.a(fp_pscB.o)
                              c:/program files/microchip/xc8/v2.36/avr/bin/../lib/gcc/avr/5.4.0/../../../../avr/lib/avr5/memx-const\libm.a(divsf3x.o) (__fp_pscB)
c:/program files/microchip/xc8/v2.36/avr/bin/../lib/gcc/avr/5.4.0/../../../../avr/lib/avr5/memx-const\libm.a(fp_round.o)
                              c:/program files/microchip/xc8/v2.36/avr/bin/../lib/gcc/avr/5.4.0/../../../../avr/lib/avr5/memx-const\libm.a(divsf3.o) (__fp_round)
c:/program files/microchip/xc8/v2.36/avr/bin/../lib/gcc/avr/5.4.0/../../../../avr/lib/avr5/memx-const\libm.a(fp_split3.o)
                              c:/program files/microchip/xc8/v2.36/avr/bin/../lib/gcc/avr/5.4.0/../../../../avr/lib/avr5/memx-const\libm.a(divsf3x.o) (__fp_split3)
c:/program files/microchip/xc8/v2.36/avr/bin/../lib/gcc/avr/5.4.0/../../../../avr/lib/avr5/memx-const\libm.a(fp_zero.o)
                              c:/program files/microchip/xc8/v2.36/avr/bin/../lib/gcc/avr/5.4.0/../../../../avr/lib/avr5/memx-const\libm.a(fixunssfsi.o) (__fp_zero)
c:/program files/microchip/xc8/v2.36/avr/bin/../lib/gcc/avr/5.4.0/../../../../avr/lib/avr5/memx-const\libm.a(mulsf3.o)
                              Drivers/MCAL/TIMER0/TIMER0.o (__mulsf3)
c:/program files/microchip/xc8/v2.36/avr/bin/../lib/gcc/avr/5.4.0/../../../../avr/lib/avr5/memx-const\libm.a(mulsf3x.o)
                              c:/program files/microchip/xc8/v2.36/avr/bin/../lib/gcc/avr/5.4.0/../../../../avr/lib/avr5/memx-const\libm.a(mulsf3.o) (__mulsf3x)
c:/program files/microchip/xc8/v2.36/avr/bin/../lib/gcc/avr/5.4.0/avr5/memx-const\libgcc.a(_udivmodsi4.o)
                              Drivers/MCAL/USART/USART.o (__udivmodsi4)
c:/program files/microchip/xc8/v2.36/avr/bin/../lib/gcc/avr/5.4.0/avr5/memx-const\libgcc.a(_divmodsi4.o)
                              Drivers/MCAL/I2C/I2C.o (__divmodsi4)
c:/program files/microchip/xc8/v2.36/avr/bin/../lib/gcc/avr/5.4.0/avr5/memx-const\libgcc.a(_negsi2.o)
                              c:/program files/microchip/xc8/v2.36/avr/bin/../lib/gcc/avr/5.4.0/avr5/memx-const\libgcc.a(_divmodsi4.o) (__negsi2)
c:/program files/microchip/xc8/v2.36/avr/bin/../lib/gcc/avr/5.4.0/avr5/memx-const\libgcc.a(_copy_data.o)
                              Application.o (__do_copy_data)
c:/program files/microchip/xc8/v2.36/avr/bin/../lib/gcc/avr/5.4.0/avr5/memx-const\libgcc.a(_xload_2.o)
                              Drivers/MCAL/USART/USART.o (__xload_2)
c:/program files/microchip/xc8/v2.36/avr/bin/../lib/gcc/avr/5.4.0/avr5/memx-const\libgcc.a(_xload_4.o)
                              Drivers/MCAL/USART/USART.o (__xload_4)
c:/program files/microchip/xc8/v2.36/avr/bin/../lib/gcc/avr/5.4.0/../../../../avr/lib/avr5/memx-const\libc.a(exit.o)
                              C:/Program Files (x86)/Atmel/Studio/7.0/Packs/atmel/ATmega_DFP/1.7.374/xc8/avr/lib/avr5/memx-const/crtatmega32.o (exit)
c:/program files/microchip/xc8/v2.36/avr/bin/../lib/gcc/avr/5.4.0/../../../../avr/lib/avr5/memx-const\libc.a(__sio_sprintf_doux.o)
                              Drivers/ECU/LCD/lcd.o (_sprintf_cdnopuxX)
[...]
Memory Configuration

Name             Origin             Length             Attributes
text             0x0000000000000000 0x0000000000008000 xr
data             0x0000000000800060 0x0000000000000800 rw !x
eeprom           0x0000000000810000 0x0000000000000400 rw !x
fuse             0x0000000000820000 0x0000000000000002 rw !x
lock             0x0000000000830000 0x0000000000000400 rw !x
signature        0x0000000000840000 0x0000000000000400 rw !x
user_signatures  0x0000000000850000 0x0000000000000400 rw !x
*default*        0x0000000000000000 0xffffffffffffffff

Linker script and memory map

LOAD C:/Program Files (x86)/Atmel/Studio/7.0/Packs/atmel/ATmega_DFP/1.7.374/xc8/avr/lib/avr5/memx-const/crtatmega32.o
LOAD Application.o
LOAD Drivers/ECU/7_SEGMENT/7_segment.o
LOAD Drivers/ECU/BUTTON/button.o
LOAD Drivers/ECU/KEYPAD/keypad.o
LOAD Drivers/ECU/LCD/lcd.o
LOAD Drivers/ECU/LED/led.o
LOAD Drivers/ECU/MOTOR/dc_motor.o
LOAD Drivers/ECU/RELAY/relay.o
LOAD Drivers/MCAL/ADC/ADC.o
LOAD Drivers/MCAL/EXTI/EXTI.o
LOAD Drivers/MCAL/GPIO/GPIO.o
LOAD Drivers/MCAL/I2C/I2C.o
LOAD Drivers/MCAL/SPI/SPI.o
LOAD Drivers/MCAL/TIMER0/TIMER0.o
LOAD Drivers/MCAL/USART/USART.o
LOAD main.o
START GROUP
LOAD c:/program files/microchip/xc8/v2.36/avr/bin/../lib/gcc/avr/5.4.0/../../../../avr/lib/avr5/memx-const\libm.a
END GROUP
START GROUP
LOAD c:/program files/microchip/xc8/v2.36/avr/bin/../lib/gcc/avr/5.4.0/avr5/memx-const\libgcc.a
LOAD c:/program files/microchip/xc8/v2.36/avr/bin/../lib/gcc/avr/5.4.0/../../../../avr/lib/avr5/memx-const\libm.a
LOAD c:/program files/microchip/xc8/v2.36/avr/bin/../lib/gcc/avr/5.4.0/../../../../avr/lib/avr5/memx-const\libc.a
LOAD C:/Program Files (x86)/Atmel/Studio/7.0/Packs/atmel/ATmega_DFP/1.7.374/xc8/avr/lib/avr5/memx-const\libatmega32.a
END GROUP
                0x0000000000000000                __TEXT_REGION_ORIGIN__ = DEFINED (__TEXT_REGION_ORIGIN__)?__TEXT_REGION_ORIGIN__:0x0
                [0x0000000000800060]                __DATA_REGION_ORIGIN__ = DEFINED (__DATA_REGION_ORIGIN__)?__DATA_REGION_ORIGIN__:0x800060
                [0x0000000000008000]                __TEXT_REGION_LENGTH__ = DEFINED (__TEXT_REGION_LENGTH__)?__TEXT_REGION_LENGTH__:0x20000
                [0x0000000000000800]                __DATA_REGION_LENGTH__ = DEFINED (__DATA_REGION_LENGTH__)?__DATA_REGION_LENGTH__:0xffa0
                [0x0000000000000400]                __EEPROM_REGION_LENGTH__ = DEFINED (__EEPROM_REGION_LENGTH__)?__EEPROM_REGION_LENGTH__:0x10000
                [0x0000000000000002]                __FUSE_REGION_LENGTH__ = DEFINED (__FUSE_REGION_LENGTH__)?__FUSE_REGION_LENGTH__:0x400
                0x0000000000000400                __LOCK_REGION_LENGTH__ = DEFINED (__LOCK_REGION_LENGTH__)?__LOCK_REGION_LENGTH__:0x400
                0x0000000000000400                __SIGNATURE_REGION_LENGTH__ = DEFINED (__SIGNATURE_REGION_LENGTH__)?__SIGNATURE_REGION_LENGTH__:0x400
                0x0000000000000400                __USER_SIGNATURE_REGION_LENGTH__ = DEFINED (__USER_SIGNATURE_REGION_LENGTH__)?__USER_SIGNATURE_REGION_LENGTH__:0x400

.hash
 *(.hash)

.dynsym
 *(.dynsym)

.dynstr
 *(.dynstr)

.gnu.version
 *(.gnu.version)

.gnu.version_d
 *(.gnu.version_d)

.gnu.version_r
 *(.gnu.version_r)

.rel.init
 *(.rel.init)

.rela.init
 *(.rela.init)

.rel.text
 *(.rel.text)
 *(.rel.text.*)
 *(.rel.gnu.linkonce.t*)

.rela.text
 *(.rela.text)
 *(.rela.text.*)
 *(.rela.gnu.linkonce.t*)

.rel.fini
 *(.rel.fini)

.rela.fini
 *(.rela.fini)

.rel.rodata
 *(.rel.rodata)
 *(.rel.rodata.*)
 *(.rel.gnu.linkonce.r*)

.rela.rodata
 *(.rela.rodata)
 *(.rela.rodata.*)
 *(.rela.gnu.linkonce.r*)

.rel.data
 *(.rel.data)
 *(.rel.data.*)
 *(.rel.gnu.linkonce.d*)

.rela.data
 *(.rela.data)
 *(.rela.data.*)
 *(.rela.gnu.linkonce.d*)

.rel.ctors
 *(.rel.ctors)

.rela.ctors
 *(.rela.ctors)

.rel.dtors
 *(.rel.dtors)

.rela.dtors
 *(.rela.dtors)

.rel.got
 *(.rel.got)

.rela.got
 *(.rela.got)

.rel.bss
 *(.rel.bss)

.rela.bss
 *(.rela.bss)

.rel.plt
 *(.rel.plt)

.rela.plt
 *(.rela.plt)

.text           0x0000000000000000       0xde
 *(.vectors)
 .vectors       0x0000000000000000       0x54 C:/Program Files (x86)/Atmel/Studio/7.0/Packs/atmel/ATmega_DFP/1.7.374/xc8/avr/lib/avr5/memx-const/crtatmega32.o
                0x0000000000000000                __vector_default
                0x0000000000000000                __vectors
 *(.vectors)
 *(.progmem.gcc*)
 *(.dinit)
 .dinit         0x0000000000000054       0x35 data_init
                0x000000000000008a                . = ALIGN (0x2)
 *fill*         0x0000000000000089        0x1 
                0x000000000000008a                __trampolines_start = .
 *(.trampolines)
 .trampolines   0x000000000000008a        0x0 linker stubs
 *(.trampolines*)
                0x000000000000008a                __trampolines_end = .
 *libprintf_flt.a:*(.progmem.data)
 *libc.a:*(.progmem.data)
                0x000000000000008a                . = ALIGN (0x2)
 *(.jumptables)
 *(.jumptables*)
 *(.lowtext)
 *(.lowtext*)
                0x000000000000008a                __ctors_start = .
 *(.ctors)
                0x000000000000008a                __ctors_end = .
                0x000000000000008a                __dtors_start = .
 *(.dtors)
                0x000000000000008a                __dtors_end = .
 SORT(*)(.ctors)
 SORT(*)(.dtors)
 *(.init0)
 .init0         0x000000000000008a        0x0 C:/Program Files (x86)/Atmel/Studio/7.0/Packs/atmel/ATmega_DFP/1.7.374/xc8/avr/lib/avr5/memx-const/crtatmega32.o
                0x000000000000008a                __init
 *(.init0)
 *(.init1)
 *(.init1)
 *(.init2)
 .init2         0x000000000000008a        0xc C:/Program Files (x86)/Atmel/Studio/7.0/Packs/atmel/ATmega_DFP/1.7.374/xc8/avr/lib/avr5/memx-const/crtatmega32.o
 *(.init2)
 *(.init3)
 *(.init3)
 *(.init4)
 .init4         0x0000000000000096       0x3c c:/program files/microchip/xc8/v2.36/avr/bin/../lib/gcc/avr/5.4.0/avr5/memx-const\libgcc.a(_copy_data.o)
                0x0000000000000096                __do_copy_data
                0x00000000000000c4                __do_clear_bss
 *(.init4)
 *(.init5)
 *(.init5)
 *(.init6)
 *(.init6)
 *(.init7)
 *(.init7)
 *(.init8)
 *(.init8)
 *(.init9)
 .init9         0x00000000000000d2        0x8 C:/Program Files (x86)/Atmel/Studio/7.0/Packs/atmel/ATmega_DFP/1.7.374/xc8/avr/lib/avr5/memx-const/crtatmega32.o
 *(.init9)
                0x00000000000000da                . = ALIGN (0x2)
 *(.fini9)
 .fini9         0x00000000000000da        0x0 c:/program files/microchip/xc8/v2.36/avr/bin/../lib/gcc/avr/5.4.0/avr5/memx-const\libgcc.a(_exit.o)
                0x00000000000000da                _exit
 *(.fini9)
 *(.fini8)
 *(.fini8)
 *(.fini7)
 *(.fini7)
 *(.fini6)
 *(.fini6)
 *(.fini5)
 *(.fini5)
 *(.fini4)
 *(.fini4)
 *(.fini3)
 *(.fini3)
 *(.fini2)
 *(.fini2)
 *(.fini1)
 *(.fini1)
 *(.fini0)
 .fini0         0x00000000000000da        0x4 c:/program files/microchip/xc8/v2.36/avr/bin/../lib/gcc/avr/5.4.0/avr5/memx-const\libgcc.a(_exit.o)
 *(.fini0)
                0x00000000000000de                _etext = .

.data           0x0000000000800060        0x0 load address 0x00000000000000de
                [!provide]                        PROVIDE (__data_start, .)
 *(.gnu.linkonce.d*)
 *(.gnu.linkonce.r*)
                0x0000000000800060                . = ALIGN (0x2)
                0x0000000000800060                _edata = .
                [!provide]                        PROVIDE (__data_end, .)

.bss            0x0000000000800060        0x6
                [!provide]                        PROVIDE (__bss_start, .)
 *(COMMON)
 COMMON         0x0000000000800060        0x6 Drivers/MCAL/USART/USART.o
                0x0000000000800060                TXCIE_InterruptHandler_Callback
                0x0000000000800062                UDRIE_InterruptHandler_Callback
                0x0000000000800064                RXCIE_InterruptHandler_Callback
                [!provide]                        PROVIDE (__bss_end, .)
                0x00000000000000de                __data_load_start = LOADADDR (.data)
                0x00000000000000de                __data_load_end = (__data_load_start + SIZEOF (.data))

.noinit         0x0000000000800066        0x0
                [!provide]                        PROVIDE (__noinit_start, .)
 *(.noinit*)
                [!provide]                        PROVIDE (__noinit_end, .)
                0x0000000000800066                _end = .

.eeprom         0x0000000000810000        0x0
 *(.eeprom*)
                0x0000000000810000                __eeprom_end = .

.fuse
 *(.fuse)
 *(.lfuse)
 *(.hfuse)
 *(.efuse)

.lock
 *(.lock*)

.signature
 *(.signature*)

.user_signatures
 *(.user_signatures*)

.stab
 *(.stab)

.stabstr
 *(.stabstr)

.stab.excl
 *(.stab.excl)

.stab.exclstr
 *(.stab.exclstr)

.stab.index
 *(.stab.index)

.stab.indexstr
 *(.stab.indexstr)

.comment        0x0000000000000000       0x2f
 *(.comment)
 .comment       0x0000000000000000       0x2f Drivers/MCAL/ADC/ADC.o
                                         0x30 (size before relaxing)
 .comment       0x000000000000002f       0x30 Drivers/MCAL/EXTI/EXTI.o
 .comment       0x000000000000002f       0x30 Drivers/MCAL/GPIO/GPIO.o
 .comment       0x000000000000002f       0x30 Drivers/MCAL/I2C/I2C.o
 .comment       0x000000000000002f       0x30 Drivers/MCAL/TIMER0/TIMER0.o
 .comment       0x000000000000002f       0x30 Drivers/MCAL/USART/USART.o
 .comment       0x000000000000002f       0x30 main.o
 .comment       0x000000000000002f       0x30 c:/program files/microchip/xc8/v2.36/avr/bin/../lib/gcc/avr/5.4.0/../../../../avr/lib/avr5/memx-const\libc.a(exit.o)
 .comment       0x000000000000002f       0x30 c:/program files/microchip/xc8/v2.36/avr/bin/../lib/gcc/avr/5.4.0/../../../../avr/lib/avr5/memx-const\libc.a(_Exit.o)

.stack.descriptors.hdr
                0x0000000000000000       0xc4
 .stack.descriptors.hdr
                0x0000000000000000        0xe c:/program files/microchip/xc8/v2.36/avr/bin/../lib/gcc/avr/5.4.0/../../../../avr/lib/avr5/memx-const\libm.a(divsf3.o)
 .stack.descriptors.hdr
                0x000000000000000e        0xe c:/program files/microchip/xc8/v2.36/avr/bin/../lib/gcc/avr/5.4.0/../../../../avr/lib/avr5/memx-const\libm.a(divsf3x.o)
 .stack.descriptors.hdr
                0x000000000000001c        0xe c:/program files/microchip/xc8/v2.36/avr/bin/../lib/gcc/avr/5.4.0/../../../../avr/lib/avr5/memx-const\libm.a(fixunssfsi.o)
 .stack.descriptors.hdr
                0x000000000000002a        0xe c:/program files/microchip/xc8/v2.36/avr/bin/../lib/gcc/avr/5.4.0/../../../../avr/lib/avr5/memx-const\libm.a(floatsisf.o)
 .stack.descriptors.hdr
                0x0000000000000038        0xe c:/program files/microchip/xc8/v2.36/avr/bin/../lib/gcc/avr/5.4.0/../../../../avr/lib/avr5/memx-const\libm.a(fp_inf.o)
 .stack.descriptors.hdr
                0x0000000000000046        0xe c:/program files/microchip/xc8/v2.36/avr/bin/../lib/gcc/avr/5.4.0/../../../../avr/lib/avr5/memx-const\libm.a(fp_nan.o)
 .stack.descriptors.hdr
                0x0000000000000054        0xe c:/program files/microchip/xc8/v2.36/avr/bin/../lib/gcc/avr/5.4.0/../../../../avr/lib/avr5/memx-const\libm.a(fp_pscA.o)
 .stack.descriptors.hdr
                0x0000000000000062        0xe c:/program files/microchip/xc8/v2.36/avr/bin/../lib/gcc/avr/5.4.0/../../../../avr/lib/avr5/memx-const\libm.a(fp_pscB.o)
 .stack.descriptors.hdr
                0x0000000000000070        0xe c:/program files/microchip/xc8/v2.36/avr/bin/../lib/gcc/avr/5.4.0/../../../../avr/lib/avr5/memx-const\libm.a(fp_round.o)
 .stack.descriptors.hdr
                0x000000000000007e        0xe c:/program files/microchip/xc8/v2.36/avr/bin/../lib/gcc/avr/5.4.0/../../../../avr/lib/avr5/memx-const\libm.a(fp_split3.o)
 .stack.descriptors.hdr
                0x000000000000008c        0xe c:/program files/microchip/xc8/v2.36/avr/bin/../lib/gcc/avr/5.4.0/../../../../avr/lib/avr5/memx-const\libm.a(fp_zero.o)
 .stack.descriptors.hdr
                0x000000000000009a        0xe c:/program files/microchip/xc8/v2.36/avr/bin/../lib/gcc/avr/5.4.0/../../../../avr/lib/avr5/memx-const\libm.a(mulsf3.o)
 .stack.descriptors.hdr
                0x00000000000000a8        0xe c:/program files/microchip/xc8/v2.36/avr/bin/../lib/gcc/avr/5.4.0/../../../../avr/lib/avr5/memx-const\libm.a(mulsf3x.o)
 .stack.descriptors.hdr
                0x00000000000000b6        0xe c:/program files/microchip/xc8/v2.36/avr/bin/../lib/gcc/avr/5.4.0/avr5/memx-const\libgcc.a(_exit.o)

.note.GNU-stack
                0x0000000000000000        0x0
 .note.GNU-stack
                0x0000000000000000        0x0 c:/program files/microchip/xc8/v2.36/avr/bin/../lib/gcc/avr/5.4.0/../../../../avr/lib/avr5/memx-const\libm.a(divsf3.o)
 .note.GNU-stack
                0x0000000000000000        0x0 c:/program files/microchip/xc8/v2.36/avr/bin/../lib/gcc/avr/5.4.0/../../../../avr/lib/avr5/memx-const\libm.a(divsf3x.o)
 .note.GNU-stack
                0x0000000000000000        0x0 c:/program files/microchip/xc8/v2.36/avr/bin/../lib/gcc/avr/5.4.0/../../../../avr/lib/avr5/memx-const\libm.a(fixunssfsi.o)
 .note.GNU-stack
                0x0000000000000000        0x0 c:/program files/microchip/xc8/v2.36/avr/bin/../lib/gcc/avr/5.4.0/../../../../avr/lib/avr5/memx-const\libm.a(floatsisf.o)
 .note.GNU-stack
                0x0000000000000000        0x0 c:/program files/microchip/xc8/v2.36/avr/bin/../lib/gcc/avr/5.4.0/../../../../avr/lib/avr5/memx-const\libm.a(fp_inf.o)
 .note.GNU-stack
                0x0000000000000000        0x0 c:/program files/microchip/xc8/v2.36/avr/bin/../lib/gcc/avr/5.4.0/../../../../avr/lib/avr5/memx-const\libm.a(fp_nan.o)
 .note.GNU-stack
                0x0000000000000000        0x0 c:/program files/microchip/xc8/v2.36/avr/bin/../lib/gcc/avr/5.4.0/../../../../avr/lib/avr5/memx-const\libm.a(fp_pscA.o)
 .note.GNU-stack
                0x0000000000000000        0x0 c:/program files/microchip/xc8/v2.36/avr/bin/../lib/gcc/avr/5.4.0/../../../../avr/lib/avr5/memx-const\libm.a(fp_pscB.o)
 .note.GNU-stack
                0x0000000000000000        0x0 c:/program files/microchip/xc8/v2.36/avr/bin/../lib/gcc/avr/5.4.0/../../../../avr/lib/avr5/memx-const\libm.a(fp_round.o)
 .note.GNU-stack
                0x0000000000000000        0x0 c:/program files/microchip/xc8/v2.36/avr/bin/../lib/gcc/avr/5.4.0/../../../../avr/lib/avr5/memx-const\libm.a(fp_split3.o)
 .note.GNU-stack
                0x0000000000000000        0x0 c:/program files/microchip/xc8/v2.36/avr/bin/../lib/gcc/avr/5.4.0/../../../../avr/lib/avr5/memx-const\libm.a(fp_zero.o)
 .note.GNU-stack
                0x0000000000000000        0x0 c:/program files/microchip/xc8/v2.36/avr/bin/../lib/gcc/avr/5.4.0/../../../../avr/lib/avr5/memx-const\libm.a(mulsf3.o)
 .note.GNU-stack
                0x0000000000000000        0x0 c:/program files/microchip/xc8/v2.36/avr/bin/../lib/gcc/avr/5.4.0/../../../../avr/lib/avr5/memx-const\libm.a(mulsf3x.o)
 .note.GNU-stack
                0x0000000000000000        0x0 c:/program files/microchip/xc8/v2.36/avr/bin/../lib/gcc/avr/5.4.0/../../../../avr/lib/avr5/memx-const\libc.a(exit.o)
 .note.GNU-stack
                0x0000000000000000        0x0 c:/program files/microchip/xc8/v2.36/avr/bin/../lib/gcc/avr/5.4.0/../../../../avr/lib/avr5/memx-const\libc.a(_Exit.o)

.note.gnu.build-id
 *(.note.gnu.build-id)

.debug
 *(.debug)

.line
 *(.line)

.debug_srcinfo
 *(.debug_srcinfo)

.debug_sfnames
 *(.debug_sfnames)

.debug_aranges  0x0000000000000000      0x270
 *(.debug_aranges)
 .debug_aranges
                0x0000000000000000       0x40 Drivers/MCAL/ADC/ADC.o
 .debug_aranges
                0x0000000000000040       0x38 Drivers/MCAL/EXTI/EXTI.o
 .debug_aranges
                0x0000000000000078       0x70 Drivers/MCAL/GPIO/GPIO.o
 .debug_aranges
                0x00000000000000e8       0x80 Drivers/MCAL/I2C/I2C.o
 .debug_aranges
                0x0000000000000168       0x78 Drivers/MCAL/TIMER0/TIMER0.o
 .debug_aranges
                0x00000000000001e0       0x58 Drivers/MCAL/USART/USART.o
 .debug_aranges
                0x0000000000000238       0x38 main.o

.debug_pubnames
 *(.debug_pubnames)

.debug_info     0x0000000000000000     0x3830
 *(.debug_info .gnu.linkonce.wi.*)
 .debug_info    0x0000000000000000      0x4e6 C:/Program Files (x86)/Atmel/Studio/7.0/Packs/atmel/ATmega_DFP/1.7.374/xc8/avr/lib/avr5/memx-const/crtatmega32.o
 .debug_info    0x00000000000004e6      0x4ca Drivers/MCAL/ADC/ADC.o
 .debug_info    0x00000000000009b0      0x3b7 Drivers/MCAL/EXTI/EXTI.o
 .debug_info    0x0000000000000d67      0x885 Drivers/MCAL/GPIO/GPIO.o
 .debug_info    0x00000000000015ec      0x921 Drivers/MCAL/I2C/I2C.o
 .debug_info    0x0000000000001f0d      0x922 Drivers/MCAL/TIMER0/TIMER0.o
 .debug_info    0x000000000000282f      0x762 Drivers/MCAL/USART/USART.o
 .debug_info    0x0000000000002f91      0x89f main.o

.debug_abbrev   0x0000000000000000      0xd6a
 *(.debug_abbrev)
 .debug_abbrev  0x0000000000000000      0x4a3 C:/Program Files (x86)/Atmel/Studio/7.0/Packs/atmel/ATmega_DFP/1.7.374/xc8/avr/lib/avr5/memx-const/crtatmega32.o
 .debug_abbrev  0x00000000000004a3       0xed Drivers/MCAL/ADC/ADC.o
 .debug_abbrev  0x0000000000000590       0xd4 Drivers/MCAL/EXTI/EXTI.o
 .debug_abbrev  0x0000000000000664      0x14b Drivers/MCAL/GPIO/GPIO.o
 .debug_abbrev  0x00000000000007af      0x1b4 Drivers/MCAL/I2C/I2C.o
 .debug_abbrev  0x0000000000000963      0x179 Drivers/MCAL/TIMER0/TIMER0.o
 .debug_abbrev  0x0000000000000adc      0x16a Drivers/MCAL/USART/USART.o
 .debug_abbrev  0x0000000000000c46      0x124 main.o

.debug_line     0x0000000000000000     0x10e0
 *(.debug_line .debug_line.* .debug_line_end)
 .debug_line    0x0000000000000000      0x119 C:/Program Files (x86)/Atmel/Studio/7.0/Packs/atmel/ATmega_DFP/1.7.374/xc8/avr/lib/avr5/memx-const/crtatmega32.o
 .debug_line    0x0000000000000119      0x174 Drivers/MCAL/ADC/ADC.o
 .debug_line    0x000000000000028d      0x12b Drivers/MCAL/EXTI/EXTI.o
 .debug_line    0x00000000000003b8      0x395 Drivers/MCAL/GPIO/GPIO.o
 .debug_line    0x000000000000074d      0x30f Drivers/MCAL/I2C/I2C.o
 .debug_line    0x0000000000000a5c      0x2a4 Drivers/MCAL/TIMER0/TIMER0.o
 .debug_line    0x0000000000000d00      0x245 Drivers/MCAL/USART/USART.o
 .debug_line    0x0000000000000f45      0x19b main.o

.debug_frame    0x0000000000000000      0x798
 *(.debug_frame)
 .debug_frame   0x0000000000000000       0xac Drivers/MCAL/ADC/ADC.o
 .debug_frame   0x00000000000000ac      0x12c Drivers/MCAL/EXTI/EXTI.o
 .debug_frame   0x00000000000001d8       0xe4 Drivers/MCAL/GPIO/GPIO.o
 .debug_frame   0x00000000000002bc      0x170 Drivers/MCAL/I2C/I2C.o
 .debug_frame   0x000000000000042c      0x18c Drivers/MCAL/TIMER0/TIMER0.o
 .debug_frame   0x00000000000005b8      0x18c Drivers/MCAL/USART/USART.o
 .debug_frame   0x0000000000000744       0x54 main.o

.debug_str      0x0000000000000000      0x26c
 *(.debug_str)
 .debug_str     0x0000000000000000      0x196 C:/Program Files (x86)/Atmel/Studio/7.0/Packs/atmel/ATmega_DFP/1.7.374/xc8/avr/lib/avr5/memx-const/crtatmega32.o
 .debug_str     0x0000000000000196        0x0 Drivers/MCAL/ADC/ADC.o
 .debug_str     0x0000000000000196        0x0 Drivers/MCAL/EXTI/EXTI.o
 .debug_str     0x0000000000000196       0x32 Drivers/MCAL/GPIO/GPIO.o
 .debug_str     0x00000000000001c8       0x23 Drivers/MCAL/I2C/I2C.o
 .debug_str     0x00000000000001eb       0x22 Drivers/MCAL/TIMER0/TIMER0.o
 .debug_str     0x000000000000020d        0x0 Drivers/MCAL/USART/USART.o
 .debug_str     0x000000000000020d       0x5f main.o

.debug_loc      0x0000000000000000     0x131c
 *(.debug_loc)
 .debug_loc     0x0000000000000000      0x13c Drivers/MCAL/ADC/ADC.o
 .debug_loc     0x000000000000013c      0x2c9 Drivers/MCAL/EXTI/EXTI.o
 .debug_loc     0x0000000000000405      0x454 Drivers/MCAL/GPIO/GPIO.o
 .debug_loc     0x0000000000000859      0x4c3 Drivers/MCAL/I2C/I2C.o
 .debug_loc     0x0000000000000d1c      0x2cf Drivers/MCAL/TIMER0/TIMER0.o
 .debug_loc     0x0000000000000feb      0x331 Drivers/MCAL/USART/USART.o

.debug_macinfo
 *(.debug_macinfo)

.debug_weaknames
 *(.debug_weaknames)

.debug_funcnames
 *(.debug_funcnames)

.debug_typenames
 *(.debug_typenames)

.debug_varnames
 *(.debug_varnames)

.debug_pubtypes
 *(.debug_pubtypes)

.debug_ranges   0x0000000000000000      0x200
 *(.debug_ranges)
 .debug_ranges  0x0000000000000000       0x30 Drivers/MCAL/ADC/ADC.o
 .debug_ranges  0x0000000000000030       0x28 Drivers/MCAL/EXTI/EXTI.o
 .debug_ranges  0x0000000000000058       0x60 Drivers/MCAL/GPIO/GPIO.o
 .debug_ranges  0x00000000000000b8       0x70 Drivers/MCAL/I2C/I2C.o
 .debug_ranges  0x0000000000000128       0x68 Drivers/MCAL/TIMER0/TIMER0.o
 .debug_ranges  0x0000000000000190       0x48 Drivers/MCAL/USART/USART.o
 .debug_ranges  0x00000000000001d8       0x28 main.o

.debug_macro
 *(.debug_macro)
OUTPUT(AVR.elf elf32-avr)
LOAD linker stubs
LOAD data_init

.note.gnu.avr.deviceinfo
                0x0000000000000000       0x3c
 .note.gnu.avr.deviceinfo
                0x0000000000000000       0x3c C:/Program Files (x86)/Atmel/Studio/7.0/Packs/atmel/ATmega_DFP/1.7.374/xc8/avr/lib/avr5/memx-const/crtatmega32.o

.bss.ADC_INT_CALLBACK
                0x0000000000800090        0x2
 .bss.ADC_INT_CALLBACK
                0x0000000000800090        0x2 Drivers/MCAL/ADC/ADC.o

.bss.EXTIX_CALLBACK
                0x000000000080007e        0x6
 .bss.EXTIX_CALLBACK
                0x000000000080007e        0x6 Drivers/MCAL/EXTI/EXTI.o

.bss.I2C_INTERRUPT_HANDLER
                0x0000000000800092        0x2
 .bss.I2C_INTERRUPT_HANDLER
                0x0000000000800092        0x2 Drivers/MCAL/I2C/I2C.o

.bss.OVF_COUNT  0x0000000000800099        0x1
 .bss.OVF_COUNT
                0x0000000000800099        0x1 Drivers/MCAL/TIMER0/TIMER0.o

.bss.TIMER0_OCR_CALLBACK
                0x0000000000800094        0x2
 .bss.TIMER0_OCR_CALLBACK
                0x0000000000800094        0x2 Drivers/MCAL/TIMER0/TIMER0.o

.bss.TIMER0_OVF_CALLBACK
                0x0000000000800096        0x2
 .bss.TIMER0_OVF_CALLBACK
                0x0000000000800096        0x2 Drivers/MCAL/TIMER0/TIMER0.o

.bss.speed      0x000000000080009c        0x1
 .bss.speed     0x000000000080009c        0x1 main.o
                0x000000000080009c                speed

.text           0x00000000000000de       0xde
 .text          0x00000000000000de       0xde c:/program files/microchip/xc8/v2.36/avr/bin/../lib/gcc/avr/5.4.0/../../../../avr/lib/avr5/memx-const\libm.a(divsf3x.o)
                0x00000000000000de                __divsf3x
                0x0000000000000106                __divsf3_pse

.text           0x00000000000001bc       0xd4
 .text          0x00000000000001bc       0xd4 c:/program files/microchip/xc8/v2.36/avr/bin/../lib/gcc/avr/5.4.0/../../../../avr/lib/avr5/memx-const\libm.a(mulsf3x.o)
                0x00000000000001bc                __mulsf3x
                0x00000000000001e2                __mulsf3_pse

.text.gpio_pin_direction_intialize
                0x0000000000000290       0xae
 .text.gpio_pin_direction_intialize
                0x0000000000000290       0xae Drivers/MCAL/GPIO/GPIO.o
                0x0000000000000290                gpio_pin_direction_intialize

.text.gpio_pin_write_logic
                0x000000000000033e       0xac
 .text.gpio_pin_write_logic
                0x000000000000033e       0xac Drivers/MCAL/GPIO/GPIO.o
                0x000000000000033e                gpio_pin_write_logic

.text.MCAL_TIMER0_Init
                0x00000000000003ea       0xa4
 .text.MCAL_TIMER0_Init
                0x00000000000003ea       0xa4 Drivers/MCAL/TIMER0/TIMER0.o
                0x00000000000003ea                MCAL_TIMER0_Init

.text           0x000000000000048e       0x7a
 .text          0x000000000000048e       0x7a c:/program files/microchip/xc8/v2.36/avr/bin/../lib/gcc/avr/5.4.0/../../../../avr/lib/avr5/memx-const\libm.a(floatsisf.o)
                0x000000000000048e                __floatunsisf
                0x0000000000000492                __floatsisf

.text.MCAL_EXTI_Init
                0x0000000000000508       0x66
 .text.MCAL_EXTI_Init
                0x0000000000000508       0x66 Drivers/MCAL/EXTI/EXTI.o
                0x0000000000000508                MCAL_EXTI_Init

.text           0x000000000000056e       0x5e
 .text          0x000000000000056e       0x5e c:/program files/microchip/xc8/v2.36/avr/bin/../lib/gcc/avr/5.4.0/../../../../avr/lib/avr5/memx-const\libm.a(fixunssfsi.o)
                0x000000000000056e                __fixunssfsi

.text.__vector_11
                0x00000000000005cc       0x58
 .text.__vector_11
                0x00000000000005cc       0x58 Drivers/MCAL/TIMER0/TIMER0.o
                0x00000000000005cc                __vector_11

.text.gpio_pin_toggle_logic
                0x0000000000000624       0x50
 .text.gpio_pin_toggle_logic
                0x0000000000000624       0x50 Drivers/MCAL/GPIO/GPIO.o
                0x0000000000000624                gpio_pin_toggle_logic

.text.__vector_16
                0x0000000000000674       0x4e
 .text.__vector_16
                0x0000000000000674       0x4e Drivers/MCAL/ADC/ADC.o
                0x0000000000000674                __vector_16

.text.__vector_1
                0x00000000000006c2       0x4e
 .text.__vector_1
                0x00000000000006c2       0x4e Drivers/MCAL/EXTI/EXTI.o
                0x00000000000006c2                __vector_1

.text.__vector_2
                0x0000000000000710       0x4e
 .text.__vector_2
                0x0000000000000710       0x4e Drivers/MCAL/EXTI/EXTI.o
                0x0000000000000710                __vector_2

.text.__vector_3
                0x000000000000075e       0x4e
 .text.__vector_3
                0x000000000000075e       0x4e Drivers/MCAL/EXTI/EXTI.o
                0x000000000000075e                __vector_3

.text.__vector_19
                0x00000000000007ac       0x4e
 .text.__vector_19
                0x00000000000007ac       0x4e Drivers/MCAL/I2C/I2C.o
                0x00000000000007ac                __vector_19

.text.__vector_10
                0x00000000000007fa       0x4e
 .text.__vector_10
                0x00000000000007fa       0x4e Drivers/MCAL/TIMER0/TIMER0.o
                0x00000000000007fa                __vector_10

.text.__vector_13
                0x0000000000000848       0x4e
 .text.__vector_13
                0x0000000000000848       0x4e Drivers/MCAL/USART/USART.o
                0x0000000000000848                __vector_13

.text.__vector_15
                0x0000000000000896       0x4e
 .text.__vector_15
                0x0000000000000896       0x4e Drivers/MCAL/USART/USART.o
                0x0000000000000896                __vector_15

.text.__vector_14
                0x00000000000008e4       0x4e
 .text.__vector_14
                0x00000000000008e4       0x4e Drivers/MCAL/USART/USART.o
                0x00000000000008e4                __vector_14

.text.main      0x0000000000000932       0x4c
 .text.main     0x0000000000000932       0x4c main.o
                0x0000000000000932                main

.text.MCAL_TIMER0_DutyCycle
                0x000000000000097e       0x44
 .text.MCAL_TIMER0_DutyCycle
                0x000000000000097e       0x44 Drivers/MCAL/TIMER0/TIMER0.o
                0x000000000000097e                MCAL_TIMER0_DutyCycle

.text           0x00000000000009c2       0x44
 .text          0x00000000000009c2       0x44 c:/program files/microchip/xc8/v2.36/avr/bin/../lib/gcc/avr/5.4.0/../../../../avr/lib/avr5/memx-const\libm.a(fp_split3.o)
                0x00000000000009c2                __fp_split3
                0x00000000000009d2                __fp_splitA

.text.gpio_pin_intialize
                0x0000000000000a06       0x38
 .text.gpio_pin_intialize
                0x0000000000000a06       0x38 Drivers/MCAL/GPIO/GPIO.o
                0x0000000000000a06                gpio_pin_intialize

.text           0x0000000000000a3e       0x22
 .text          0x0000000000000a3e       0x22 c:/program files/microchip/xc8/v2.36/avr/bin/../lib/gcc/avr/5.4.0/../../../../avr/lib/avr5/memx-const\libm.a(fp_round.o)
                0x0000000000000a3e                __fp_round

.text.CHANGE_DIRECTION
                0x0000000000000a60       0x16
 .text.CHANGE_DIRECTION
                0x0000000000000a60       0x16 main.o
                0x0000000000000a60                CHANGE_DIRECTION

.text.exit      0x0000000000000a76       0x16
 .text.exit     0x0000000000000a76       0x16 c:/program files/microchip/xc8/v2.36/avr/bin/../lib/gcc/avr/5.4.0/../../../../avr/lib/avr5/memx-const\libc.a(exit.o)
                0x0000000000000a76                exit

.text.SPEED_UP  0x0000000000000a8c       0x10
 .text.SPEED_UP
                0x0000000000000a8c       0x10 main.o
                0x0000000000000a8c                SPEED_UP

.text.SPEED_DOWN
                0x0000000000000a9c       0x10
 .text.SPEED_DOWN
                0x0000000000000a9c       0x10 main.o
                0x0000000000000a9c                SPEED_DOWN

.text           0x0000000000000aac        0xe
 .text          0x0000000000000aac        0xe c:/program files/microchip/xc8/v2.36/avr/bin/../lib/gcc/avr/5.4.0/../../../../avr/lib/avr5/memx-const\libm.a(fp_pscA.o)
                0x0000000000000aac                __fp_pscA

.text           0x0000000000000aba        0xe
 .text          0x0000000000000aba        0xe c:/program files/microchip/xc8/v2.36/avr/bin/../lib/gcc/avr/5.4.0/../../../../avr/lib/avr5/memx-const\libm.a(fp_pscB.o)
                0x0000000000000aba                __fp_pscB

.text           0x0000000000000ac8        0xe
 .text          0x0000000000000ac8        0xe c:/program files/microchip/xc8/v2.36/avr/bin/../lib/gcc/avr/5.4.0/../../../../avr/lib/avr5/memx-const\libm.a(fp_zero.o)
                0x0000000000000ac8                __fp_zero
                0x0000000000000aca                __fp_szero

.text           0x0000000000000ad6        0xc
 .text          0x0000000000000ad6        0xc c:/program files/microchip/xc8/v2.36/avr/bin/../lib/gcc/avr/5.4.0/../../../../avr/lib/avr5/memx-const\libm.a(fp_inf.o)
                0x0000000000000ad6                __fp_inf

.text           0x0000000000000ae2        0x8
 .text          0x0000000000000ae2        0x8 c:/program files/microchip/xc8/v2.36/avr/bin/../lib/gcc/avr/5.4.0/../../../../avr/lib/avr5/memx-const\libm.a(divsf3.o)
                0x0000000000000ae2                __divsf3

.text           0x0000000000000aea        0x8
 .text          0x0000000000000aea        0x8 c:/program files/microchip/xc8/v2.36/avr/bin/../lib/gcc/avr/5.4.0/../../../../avr/lib/avr5/memx-const\libm.a(mulsf3.o)
                0x0000000000000aea                __mulsf3

.text           0x0000000000000af2        0x6
 .text          0x0000000000000af2        0x6 c:/program files/microchip/xc8/v2.36/avr/bin/../lib/gcc/avr/5.4.0/../../../../avr/lib/avr5/memx-const\libm.a(fp_nan.o)
                0x0000000000000af2                __fp_nan

.text           0x0000000000000af8        0x4
 .text          0x0000000000000af8        0x4 C:/Program Files (x86)/Atmel/Studio/7.0/Packs/atmel/ATmega_DFP/1.7.374/xc8/avr/lib/avr5/memx-const/crtatmega32.o
                0x0000000000000af8                __vector_12
                0x0000000000000af8                __bad_interrupt
                0x0000000000000af8                __vector_6
                0x0000000000000af8                __vector_17
                0x0000000000000af8                __vector_7
                0x0000000000000af8                __vector_5
                0x0000000000000af8                __vector_4
                0x0000000000000af8                __vector_9
                0x0000000000000af8                __vector_8
                0x0000000000000af8                __vector_18
                0x0000000000000af8                __vector_20

.text._Exit     0x0000000000000afc        0x4
 .text._Exit    0x0000000000000afc        0x4 c:/program files/microchip/xc8/v2.36/avr/bin/../lib/gcc/avr/5.4.0/../../../../avr/lib/avr5/memx-const\libc.a(_Exit.o)
                0x0000000000000afc                _Exit

.text.__dummy_fini
                0x0000000000000b00        0x2
 .text.__dummy_fini
                0x0000000000000b00        0x2 c:/program files/microchip/xc8/v2.36/avr/bin/../lib/gcc/avr/5.4.0/../../../../avr/lib/avr5/memx-const\libc.a(exit.o)
                0x0000000000000b00                _fini

.text.__dummy_funcs_on_exit
                0x0000000000000b02        0x2
 .text.__dummy_funcs_on_exit
                0x0000000000000b02        0x2 c:/program files/microchip/xc8/v2.36/avr/bin/../lib/gcc/avr/5.4.0/../../../../avr/lib/avr5/memx-const\libc.a(exit.o)
                0x0000000000000b02                __funcs_on_exit

.text.__dummy_simulator_exit
                0x0000000000000b04        0x2
 .text.__dummy_simulator_exit
                0x0000000000000b04        0x2 c:/program files/microchip/xc8/v2.36/avr/bin/../lib/gcc/avr/5.4.0/../../../../avr/lib/avr5/memx-const\libc.a(exit.o)
                0x0000000000000b04                __simulator_exit

.data.PORT_registers
                0x0000000000800066        0x8 load address 0x0000000000000b06
 .data.PORT_registers
                0x0000000000800066        0x8 Drivers/MCAL/GPIO/GPIO.o
                0x0000000000800066                PORT_registers

.data.DDR_registers
                0x000000000080006e        0x8 load address 0x0000000000000b0e
 .data.DDR_registers
                0x000000000080006e        0x8 Drivers/MCAL/GPIO/GPIO.o
                0x000000000080006e                DDR_registers

.data.t0        0x0000000000800076        0x8 load address 0x0000000000000b16
 .data.t0       0x0000000000800076        0x8 main.o
                0x0000000000800076                t0

.data.x2        0x0000000000800084        0x4 load address 0x0000000000000b1e
 .data.x2       0x0000000000800084        0x4 main.o
                0x0000000000800084                x2

.data.x1        0x0000000000800088        0x4 load address 0x0000000000000b22
 .data.x1       0x0000000000800088        0x4 main.o
                0x0000000000800088                x1

.data.x0        0x000000000080008c        0x4 load address 0x0000000000000b26
 .data.x0       0x000000000080008c        0x4 main.o
                0x000000000080008c                x0

.rodata         0x0000000000800098        0x1 load address 0x0000000000000b2a
 .rodata        0x0000000000800098        0x1 Drivers/MCAL/TIMER0/TIMER0.o

.data.m1        0x000000000080009a        0x1 load address 0x0000000000000b2b
 .data.m1       0x000000000080009a        0x1 main.o
                0x000000000080009a                m1

.data.m0        0x000000000080009b        0x1 load address 0x0000000000000b2c
 .data.m0       0x000000000080009b        0x1 main.o
                0x000000000080009b                m0
