Archive member included to satisfy reference by file (symbol)

c:/program files/microchip/xc8/v2.36/avr/bin/../lib/gcc/avr/5.4.0/../../../../avr/lib/avr5/memx-const\libm.a(divsf3.o)
                              Drivers/MCAL/TIMER0/TIMER0.o (__divsf3)
c:/program files/microchip/xc8/v2.36/avr/bin/../lib/gcc/avr/5.4.0/../../../../avr/lib/avr5/memx-const\libm.a(divsf3x.o)
                              c:/program files/microchip/xc8/v2.36/avr/bin/../lib/gcc/avr/5.4.0/../../../../avr/lib/avr5/memx-const\libm.a(divsf3.o) (__divsf3x)
c:/program files/microchip/xc8/v2.36/avr/bin/../lib/gcc/avr/5.4.0/../../../../avr/lib/avr5/memx-const\libm.a(fixunssfsi.o)
                              Drivers/MCAL/TIMER0/TIMER0.o (__fixunssfsi)
c:/program files/microchip/xc8/v2.36/avr/bin/../lib/gcc/avr/5.4.0/../../../../avr/lib/avr5/memx-const\libm.a(floatsisf.o)
                              Drivers/MCAL/TIMER0/TIMER0.o (__floatsisf)
c:/program files/microchip/xc8/v2.36/avr/bin/../lib/gcc/avr/5.4.0/../../../../avr/lib/avr5/memx-const\libm.a(fp_inf.o)
                              c:/program files/microchip/xc8/v2.36/avr/bin/../lib/gcc/avr/5.4.0/../../../../avr/lib/avr5/memx-const\libm.a(divsf3x.o) (__fp_inf)
c:/program files/microchip/xc8/v2.36/avr/bin/../lib/gcc/avr/5.4.0/../../../../avr/lib/avr5/memx-const\libm.a(fp_nan.o)
                              c:/program files/microchip/xc8/v2.36/avr/bin/../lib/gcc/avr/5.4.0/../../../../avr/lib/avr5/memx-const\libm.a(divsf3x.o) (__fp_nan)
c:/program files/microchip/xc8/v2.36/avr/bin/../lib/gcc/avr/5.4.0/../../../../avr/lib/avr5/memx-const\libm.a(fp_pscA.o)
                              c:/program files/microchip/xc8/v2.36/avr/bin/../lib/gcc/avr/5.4.0/../../../../avr/lib/avr5/memx-const\libm.a(divsf3x.o) (__fp_pscA)
c:/program files/microchip/xc8/v2.36/avr/bin/../lib/gcc/avr/5.4.0/../../../../avr/lib/avr5/memx-const\libm.a(fp_pscB.o)
                              c:/program files/microchip/xc8/v2.36/avr/bin/../lib/gcc/avr/5.4.0/../../../../avr/lib/avr5/memx-const\libm.a(divsf3x.o) (__fp_pscB)
c:/program files/microchip/xc8/v2.36/avr/bin/../lib/gcc/avr/5.4.0/../../../../avr/lib/avr5/memx-const\libm.a(fp_round.o)
                              c:/program files/microchip/xc8/v2.36/avr/bin/../lib/gcc/avr/5.4.0/../../../../avr/lib/avr5/memx-const\libm.a(divsf3.o) (__fp_round)
c:/program files/microchip/xc8/v2.36/avr/bin/../lib/gcc/avr/5.4.0/../../../../avr/lib/avr5/memx-const\libm.a(fp_split3.o)
                              c:/program files/microchip/xc8/v2.36/avr/bin/../lib/gcc/avr/5.4.0/../../../../avr/lib/avr5/memx-const\libm.a(divsf3x.o) (__fp_split3)
c:/program files/microchip/xc8/v2.36/avr/bin/../lib/gcc/avr/5.4.0/../../../../avr/lib/avr5/memx-const\libm.a(fp_zero.o)
                              c:/program files/microchip/xc8/v2.36/avr/bin/../lib/gcc/avr/5.4.0/../../../../avr/lib/avr5/memx-const\libm.a(fixunssfsi.o) (__fp_zero)
c:/program files/microchip/xc8/v2.36/avr/bin/../lib/gcc/avr/5.4.0/../../../../avr/lib/avr5/memx-const\libm.a(mulsf3.o)
                              Drivers/MCAL/TIMER0/TIMER0.o (__mulsf3)
c:/program files/microchip/xc8/v2.36/avr/bin/../lib/gcc/avr/5.4.0/../../../../avr/lib/avr5/memx-const\libm.a(mulsf3x.o)
                              c:/program files/microchip/xc8/v2.36/avr/bin/../lib/gcc/avr/5.4.0/../../../../avr/lib/avr5/memx-const\libm.a(mulsf3.o) (__mulsf3x)
c:/program files/microchip/xc8/v2.36/avr/bin/../lib/gcc/avr/5.4.0/avr5/memx-const\libgcc.a(_udivmodsi4.o)
                              Drivers/MCAL/USART/USART.o (__udivmodsi4)
c:/program files/microchip/xc8/v2.36/avr/bin/../lib/gcc/avr/5.4.0/avr5/memx-const\libgcc.a(_divmodsi4.o)
                              Drivers/MCAL/I2C/I2C.o (__divmodsi4)
c:/program files/microchip/xc8/v2.36/avr/bin/../lib/gcc/avr/5.4.0/avr5/memx-const\libgcc.a(_negsi2.o)
                              c:/program files/microchip/xc8/v2.36/avr/bin/../lib/gcc/avr/5.4.0/avr5/memx-const\libgcc.a(_divmodsi4.o) (__negsi2)
c:/program files/microchip/xc8/v2.36/avr/bin/../lib/gcc/avr/5.4.0/avr5/memx-const\libgcc.a(_copy_data.o)
                              Drivers/ECU/7_SEGMENT/7_segment.o (__do_copy_data)
c:/program files/microchip/xc8/v2.36/avr/bin/../lib/gcc/avr/5.4.0/avr5/memx-const\libgcc.a(_xload_2.o)
                              Drivers/MCAL/USART/USART.o (__xload_2)
c:/program files/microchip/xc8/v2.36/avr/bin/../lib/gcc/avr/5.4.0/avr5/memx-const\libgcc.a(_xload_4.o)
                              Drivers/MCAL/USART/USART.o (__xload_4)
c:/program files/microchip/xc8/v2.36/avr/bin/../lib/gcc/avr/5.4.0/../../../../avr/lib/avr5/memx-const\libc.a(exit.o)
                              C:/Program Files (x86)/Atmel/Studio/7.0/Packs/atmel/ATmega_DFP/1.7.374/xc8/avr/lib/avr5/memx-const/crtatmega32.o (exit)
c:/program files/microchip/xc8/v2.36/avr/bin/../lib/gcc/avr/5.4.0/../../../../avr/lib/avr5/memx-const\libc.a(__sio_sprintf_doux.o)
                              Drivers/ECU/LCD/lcd.o (_sprintf_cdnopuxX)
[...]
Memory Configuration

Name             Origin             Length             Attributes
text             0x0000000000000000 0x0000000000008000 xr
data             0x0000000000800060 0x0000000000000800 rw !x
eeprom           0x0000000000810000 0x0000000000000400 rw !x
fuse             0x0000000000820000 0x0000000000000002 rw !x
lock             0x0000000000830000 0x0000000000000400 rw !x
signature        0x0000000000840000 0x0000000000000400 rw !x
user_signatures  0x0000000000850000 0x0000000000000400 rw !x
*default*        0x0000000000000000 0xffffffffffffffff

Linker script and memory map

LOAD C:/Program Files (x86)/Atmel/Studio/7.0/Packs/atmel/ATmega_DFP/1.7.374/xc8/avr/lib/avr5/memx-const/crtatmega32.o
LOAD Application.o
LOAD Drivers/ECU/7_SEGMENT/7_segment.o
LOAD Drivers/ECU/BUTTON/button.o
LOAD Drivers/ECU/KEYPAD/keypad.o
LOAD Drivers/ECU/LCD/lcd.o
LOAD Drivers/ECU/LED/led.o
LOAD Drivers/ECU/MOTOR/dc_motor.o
LOAD Drivers/ECU/RELAY/relay.o
LOAD Drivers/MCAL/ADC/ADC.o
LOAD Drivers/MCAL/EXTI/EXTI.o
LOAD Drivers/MCAL/GPIO/GPIO.o
LOAD Drivers/MCAL/I2C/I2C.o
LOAD Drivers/MCAL/SPI/SPI.o
LOAD Drivers/MCAL/TIMER0/TIMER0.o
LOAD Drivers/MCAL/USART/USART.o
LOAD main.o
START GROUP
LOAD c:/program files/microchip/xc8/v2.36/avr/bin/../lib/gcc/avr/5.4.0/../../../../avr/lib/avr5/memx-const\libm.a
END GROUP
START GROUP
LOAD c:/program files/microchip/xc8/v2.36/avr/bin/../lib/gcc/avr/5.4.0/avr5/memx-const\libgcc.a
LOAD c:/program files/microchip/xc8/v2.36/avr/bin/../lib/gcc/avr/5.4.0/../../../../avr/lib/avr5/memx-const\libm.a
LOAD c:/program files/microchip/xc8/v2.36/avr/bin/../lib/gcc/avr/5.4.0/../../../../avr/lib/avr5/memx-const\libc.a
LOAD C:/Program Files (x86)/Atmel/Studio/7.0/Packs/atmel/ATmega_DFP/1.7.374/xc8/avr/lib/avr5/memx-const\libatmega32.a
END GROUP
                0x0000000000000000                __TEXT_REGION_ORIGIN__ = DEFINED (__TEXT_REGION_ORIGIN__)?__TEXT_REGION_ORIGIN__:0x0
                [0x0000000000800060]                __DATA_REGION_ORIGIN__ = DEFINED (__DATA_REGION_ORIGIN__)?__DATA_REGION_ORIGIN__:0x800060
                [0x0000000000008000]                __TEXT_REGION_LENGTH__ = DEFINED (__TEXT_REGION_LENGTH__)?__TEXT_REGION_LENGTH__:0x20000
                [0x0000000000000800]                __DATA_REGION_LENGTH__ = DEFINED (__DATA_REGION_LENGTH__)?__DATA_REGION_LENGTH__:0xffa0
                [0x0000000000000400]                __EEPROM_REGION_LENGTH__ = DEFINED (__EEPROM_REGION_LENGTH__)?__EEPROM_REGION_LENGTH__:0x10000
                [0x0000000000000002]                __FUSE_REGION_LENGTH__ = DEFINED (__FUSE_REGION_LENGTH__)?__FUSE_REGION_LENGTH__:0x400
                0x0000000000000400                __LOCK_REGION_LENGTH__ = DEFINED (__LOCK_REGION_LENGTH__)?__LOCK_REGION_LENGTH__:0x400
                0x0000000000000400                __SIGNATURE_REGION_LENGTH__ = DEFINED (__SIGNATURE_REGION_LENGTH__)?__SIGNATURE_REGION_LENGTH__:0x400
                0x0000000000000400                __USER_SIGNATURE_REGION_LENGTH__ = DEFINED (__USER_SIGNATURE_REGION_LENGTH__)?__USER_SIGNATURE_REGION_LENGTH__:0x400

.hash
 *(.hash)

.dynsym
 *(.dynsym)

.dynstr
 *(.dynstr)

.gnu.version
 *(.gnu.version)

.gnu.version_d
 *(.gnu.version_d)

.gnu.version_r
 *(.gnu.version_r)

.rel.init
 *(.rel.init)

.rela.init
 *(.rela.init)

.rel.text
 *(.rel.text)
 *(.rel.text.*)
 *(.rel.gnu.linkonce.t*)

.rela.text
 *(.rela.text)
 *(.rela.text.*)
 *(.rela.gnu.linkonce.t*)

.rel.fini
 *(.rel.fini)

.rela.fini
 *(.rela.fini)

.rel.rodata
 *(.rel.rodata)
 *(.rel.rodata.*)
 *(.rel.gnu.linkonce.r*)

.rela.rodata
 *(.rela.rodata)
 *(.rela.rodata.*)
 *(.rela.gnu.linkonce.r*)

.rel.data
 *(.rel.data)
 *(.rel.data.*)
 *(.rel.gnu.linkonce.d*)

.rela.data
 *(.rela.data)
 *(.rela.data.*)
 *(.rela.gnu.linkonce.d*)

.rel.ctors
 *(.rel.ctors)

.rela.ctors
 *(.rela.ctors)

.rel.dtors
 *(.rel.dtors)

.rela.dtors
 *(.rela.dtors)

.rel.got
 *(.rel.got)

.rela.got
 *(.rela.got)

.rel.bss
 *(.rel.bss)

.rela.bss
 *(.rela.bss)

.rel.plt
 *(.rel.plt)

.rela.plt
 *(.rela.plt)

.text           0x0000000000000000       0xd8
 *(.vectors)
 .vectors       0x0000000000000000       0x54 C:/Program Files (x86)/Atmel/Studio/7.0/Packs/atmel/ATmega_DFP/1.7.374/xc8/avr/lib/avr5/memx-const/crtatmega32.o
                0x0000000000000000                __vector_default
                0x0000000000000000                __vectors
 *(.vectors)
 *(.progmem.gcc*)
 *(.dinit)
 .dinit         0x0000000000000054       0x30 data_init
                0x0000000000000084                . = ALIGN (0x2)
                0x0000000000000084                __trampolines_start = .
 *(.trampolines)
 .trampolines   0x0000000000000084        0x0 linker stubs
 *(.trampolines*)
                0x0000000000000084                __trampolines_end = .
 *libprintf_flt.a:*(.progmem.data)
 *libc.a:*(.progmem.data)
                0x0000000000000084                . = ALIGN (0x2)
 *(.jumptables)
 *(.jumptables*)
 *(.lowtext)
 *(.lowtext*)
                0x0000000000000084                __ctors_start = .
 *(.ctors)
                0x0000000000000084                __ctors_end = .
                0x0000000000000084                __dtors_start = .
 *(.dtors)
                0x0000000000000084                __dtors_end = .
 SORT(*)(.ctors)
 SORT(*)(.dtors)
 *(.init0)
 .init0         0x0000000000000084        0x0 C:/Program Files (x86)/Atmel/Studio/7.0/Packs/atmel/ATmega_DFP/1.7.374/xc8/avr/lib/avr5/memx-const/crtatmega32.o
                0x0000000000000084                __init
 *(.init0)
 *(.init1)
 *(.init1)
 *(.init2)
 .init2         0x0000000000000084        0xc C:/Program Files (x86)/Atmel/Studio/7.0/Packs/atmel/ATmega_DFP/1.7.374/xc8/avr/lib/avr5/memx-const/crtatmega32.o
 *(.init2)
 *(.init3)
 *(.init3)
 *(.init4)
 .init4         0x0000000000000090       0x3c c:/program files/microchip/xc8/v2.36/avr/bin/../lib/gcc/avr/5.4.0/avr5/memx-const\libgcc.a(_copy_data.o)
                0x0000000000000090                __do_copy_data
                0x00000000000000be                __do_clear_bss
 *(.init4)
 *(.init5)
 *(.init5)
 *(.init6)
 *(.init6)
 *(.init7)
 *(.init7)
 *(.init8)
 *(.init8)
 *(.init9)
 .init9         0x00000000000000cc        0x8 C:/Program Files (x86)/Atmel/Studio/7.0/Packs/atmel/ATmega_DFP/1.7.374/xc8/avr/lib/avr5/memx-const/crtatmega32.o
 *(.init9)
                0x00000000000000d4                . = ALIGN (0x2)
 *(.fini9)
 .fini9         0x00000000000000d4        0x0 c:/program files/microchip/xc8/v2.36/avr/bin/../lib/gcc/avr/5.4.0/avr5/memx-const\libgcc.a(_exit.o)
                0x00000000000000d4                _exit
 *(.fini9)
 *(.fini8)
 *(.fini8)
 *(.fini7)
 *(.fini7)
 *(.fini6)
 *(.fini6)
 *(.fini5)
 *(.fini5)
 *(.fini4)
 *(.fini4)
 *(.fini3)
 *(.fini3)
 *(.fini2)
 *(.fini2)
 *(.fini1)
 *(.fini1)
 *(.fini0)
 .fini0         0x00000000000000d4        0x4 c:/program files/microchip/xc8/v2.36/avr/bin/../lib/gcc/avr/5.4.0/avr5/memx-const\libgcc.a(_exit.o)
 *(.fini0)
                0x00000000000000d8                _etext = .

.data           0x0000000000800060        0x0 load address 0x00000000000000d8
                [!provide]                        PROVIDE (__data_start, .)
 *(.gnu.linkonce.d*)
 *(.gnu.linkonce.r*)
                0x0000000000800060                . = ALIGN (0x2)
                0x0000000000800060                _edata = .
                [!provide]                        PROVIDE (__data_end, .)

.bss            0x0000000000800060        0xe
                [!provide]                        PROVIDE (__bss_start, .)
 *(COMMON)
 COMMON         0x0000000000800060        0x6 Drivers/MCAL/USART/USART.o
                0x0000000000800060                TXCIE_InterruptHandler_Callback
                0x0000000000800062                UDRIE_InterruptHandler_Callback
                0x0000000000800064                RXCIE_InterruptHandler_Callback
 COMMON         0x0000000000800066        0x6 main.o
                0x0000000000800066                ADC_Value
                0x0000000000800067                speed
                0x0000000000800068                str
                0x000000000080006b                ch
 COMMON         0x000000000080006c        0x2 c:/program files/microchip/xc8/v2.36/avr/bin/../lib/gcc/avr/5.4.0/../../../../avr/lib/avr5/memx-const\libc.a(errno.o)
                0x000000000080006c                __errno_val
                [!provide]                        PROVIDE (__bss_end, .)
                0x00000000000000d8                __data_load_start = LOADADDR (.data)
                0x00000000000000d8                __data_load_end = (__data_load_start + SIZEOF (.data))

.noinit         0x000000000080006e        0x0
                [!provide]                        PROVIDE (__noinit_start, .)
 *(.noinit*)
                [!provide]                        PROVIDE (__noinit_end, .)
                0x000000000080006e                _end = .

.eeprom         0x0000000000810000        0x0
 *(.eeprom*)
                0x0000000000810000                __eeprom_end = .

.fuse
 *(.fuse)
 *(.lfuse)
 *(.hfuse)
 *(.efuse)

.lock
 *(.lock*)

.signature
 *(.signature*)

.user_signatures
 *(.user_signatures*)

.stab
 *(.stab)

.stabstr
 *(.stabstr)

.stab.excl
 *(.stab.excl)

.stab.exclstr
 *(.stab.exclstr)

.stab.index
 *(.stab.index)

.stab.indexstr
 *(.stab.indexstr)

.comment        0x0000000000000000       0x2f
 *(.comment)
 .comment       0x0000000000000000       0x2f Drivers/MCAL/ADC/ADC.o
                                         0x30 (size before relaxing)
 .comment       0x000000000000002f       0x30 Drivers/MCAL/EXTI/EXTI.o
 .comment       0x000000000000002f       0x30 Drivers/MCAL/GPIO/GPIO.o
 .comment       0x000000000000002f       0x30 Drivers/MCAL/I2C/I2C.o
 .comment       0x000000000000002f       0x30 Drivers/MCAL/TIMER0/TIMER0.o
 .comment       0x000000000000002f       0x30 Drivers/MCAL/USART/USART.o
 .comment       0x000000000000002f       0x30 main.o
 .comment       0x000000000000002f       0x30 c:/program files/microchip/xc8/v2.36/avr/bin/../lib/gcc/avr/5.4.0/../../../../avr/lib/avr5/memx-const\libc.a(exit.o)
 .comment       0x000000000000002f       0x30 c:/program files/microchip/xc8/v2.36/avr/bin/../lib/gcc/avr/5.4.0/../../../../avr/lib/avr5/memx-const\libc.a(__sio_sprintf_doux.o)
 .comment       0x000000000000002f       0x30 c:/program files/microchip/xc8/v2.36/avr/bin/../lib/gcc/avr/5.4.0/../../../../avr/lib/avr5/memx-const\libc.a(__fmt_s.o)
 .comment       0x000000000000002f       0x30 c:/program files/microchip/xc8/v2.36/avr/bin/../lib/gcc/avr/5.4.0/../../../../avr/lib/avr5/memx-const\libc.a(__printf_core.o)
 .comment       0x000000000000002f       0x30 c:/program files/microchip/xc8/v2.36/avr/bin/../lib/gcc/avr/5.4.0/../../../../avr/lib/avr5/memx-const\libc.a(fputc.o)
 .comment       0x000000000000002f       0x30 c:/program files/microchip/xc8/v2.36/avr/bin/../lib/gcc/avr/5.4.0/../../../../avr/lib/avr5/memx-const\libc.a(__fmt_d.o)
 .comment       0x000000000000002f       0x30 c:/program files/microchip/xc8/v2.36/avr/bin/../lib/gcc/avr/5.4.0/../../../../avr/lib/avr5/memx-const\libc.a(__fmt_o.o)
 .comment       0x000000000000002f       0x30 c:/program files/microchip/xc8/v2.36/avr/bin/../lib/gcc/avr/5.4.0/../../../../avr/lib/avr5/memx-const\libc.a(__fmt_u.o)
 .comment       0x000000000000002f       0x30 c:/program files/microchip/xc8/v2.36/avr/bin/../lib/gcc/avr/5.4.0/../../../../avr/lib/avr5/memx-const\libc.a(__fmt_x.o)
 .comment       0x000000000000002f       0x30 c:/program files/microchip/xc8/v2.36/avr/bin/../lib/gcc/avr/5.4.0/../../../../avr/lib/avr5/memx-const\libc.a(__pop_float.o)
 .comment       0x000000000000002f       0x30 c:/program files/microchip/xc8/v2.36/avr/bin/../lib/gcc/avr/5.4.0/../../../../avr/lib/avr5/memx-const\libc.a(__pop_int.o)
 .comment       0x000000000000002f       0x30 c:/program files/microchip/xc8/v2.36/avr/bin/../lib/gcc/avr/5.4.0/../../../../avr/lib/avr5/memx-const\libc.a(__pop_ptr.o)
 .comment       0x000000000000002f       0x30 c:/program files/microchip/xc8/v2.36/avr/bin/../lib/gcc/avr/5.4.0/../../../../avr/lib/avr5/memx-const\libc.a(atoi.o)
 .comment       0x000000000000002f       0x30 c:/program files/microchip/xc8/v2.36/avr/bin/../lib/gcc/avr/5.4.0/../../../../avr/lib/avr5/memx-const\libc.a(memset.o)
 .comment       0x000000000000002f       0x30 c:/program files/microchip/xc8/v2.36/avr/bin/../lib/gcc/avr/5.4.0/../../../../avr/lib/avr5/memx-const\libc.a(strlen.o)
 .comment       0x000000000000002f       0x30 c:/program files/microchip/xc8/v2.36/avr/bin/../lib/gcc/avr/5.4.0/../../../../avr/lib/avr5/memx-const\libc.a(tolower.o)
 .comment       0x000000000000002f       0x30 c:/program files/microchip/xc8/v2.36/avr/bin/../lib/gcc/avr/5.4.0/../../../../avr/lib/avr5/memx-const\libc.a(toupper.o)
 .comment       0x000000000000002f       0x30 c:/program files/microchip/xc8/v2.36/avr/bin/../lib/gcc/avr/5.4.0/../../../../avr/lib/avr5/memx-const\libc.a(errno.o)
 .comment       0x000000000000002f       0x30 c:/program files/microchip/xc8/v2.36/avr/bin/../lib/gcc/avr/5.4.0/../../../../avr/lib/avr5/memx-const\libc.a(_Exit.o)
 .comment       0x000000000000002f       0x30 c:/program files/microchip/xc8/v2.36/avr/bin/../lib/gcc/avr/5.4.0/../../../../avr/lib/avr5/memx-const\libc.a(__int_vsprintf.o)
 .comment       0x000000000000002f       0x30 c:/program files/microchip/xc8/v2.36/avr/bin/../lib/gcc/avr/5.4.0/../../../../avr/lib/avr5/memx-const\libc.a(__int_vsnprintf.o)
 .comment       0x000000000000002f       0x30 c:/program files/microchip/xc8/v2.36/avr/bin/../lib/gcc/avr/5.4.0/../../../../avr/lib/avr5/memx-const\libc.a(__int_vfprintf.o)

.stack.descriptors.hdr
                0x0000000000000000      0x142
 .stack.descriptors.hdr
                0x0000000000000000        0xe c:/program files/microchip/xc8/v2.36/avr/bin/../lib/gcc/avr/5.4.0/../../../../avr/lib/avr5/memx-const\libm.a(divsf3.o)
 .stack.descriptors.hdr
                0x000000000000000e        0xe c:/program files/microchip/xc8/v2.36/avr/bin/../lib/gcc/avr/5.4.0/../../../../avr/lib/avr5/memx-const\libm.a(divsf3x.o)
 .stack.descriptors.hdr
                0x000000000000001c        0xe c:/program files/microchip/xc8/v2.36/avr/bin/../lib/gcc/avr/5.4.0/../../../../avr/lib/avr5/memx-const\libm.a(fixunssfsi.o)
 .stack.descriptors.hdr
                0x000000000000002a        0xe c:/program files/microchip/xc8/v2.36/avr/bin/../lib/gcc/avr/5.4.0/../../../../avr/lib/avr5/memx-const\libm.a(floatsisf.o)
 .stack.descriptors.hdr
                0x0000000000000038        0xe c:/program files/microchip/xc8/v2.36/avr/bin/../lib/gcc/avr/5.4.0/../../../../avr/lib/avr5/memx-const\libm.a(fp_inf.o)
 .stack.descriptors.hdr
                0x0000000000000046        0xe c:/program files/microchip/xc8/v2.36/avr/bin/../lib/gcc/avr/5.4.0/../../../../avr/lib/avr5/memx-const\libm.a(fp_nan.o)
 .stack.descriptors.hdr
                0x0000000000000054        0xe c:/program files/microchip/xc8/v2.36/avr/bin/../lib/gcc/avr/5.4.0/../../../../avr/lib/avr5/memx-const\libm.a(fp_pscA.o)
 .stack.descriptors.hdr
                0x0000000000000062        0xe c:/program files/microchip/xc8/v2.36/avr/bin/../lib/gcc/avr/5.4.0/../../../../avr/lib/avr5/memx-const\libm.a(fp_pscB.o)
 .stack.descriptors.hdr
                0x0000000000000070        0xe c:/program files/microchip/xc8/v2.36/avr/bin/../lib/gcc/avr/5.4.0/../../../../avr/lib/avr5/memx-const\libm.a(fp_round.o)
 .stack.descriptors.hdr
                0x000000000000007e        0xe c:/program files/microchip/xc8/v2.36/avr/bin/../lib/gcc/avr/5.4.0/../../../../avr/lib/avr5/memx-const\libm.a(fp_split3.o)
 .stack.descriptors.hdr
                0x000000000000008c        0xe c:/program files/microchip/xc8/v2.36/avr/bin/../lib/gcc/avr/5.4.0/../../../../avr/lib/avr5/memx-const\libm.a(fp_zero.o)
 .stack.descriptors.hdr
                0x000000000000009a        0xe c:/program files/microchip/xc8/v2.36/avr/bin/../lib/gcc/avr/5.4.0/../../../../avr/lib/avr5/memx-const\libm.a(mulsf3.o)
 .stack.descriptors.hdr
                0x00000000000000a8        0xe c:/program files/microchip/xc8/v2.36/avr/bin/../lib/gcc/avr/5.4.0/../../../../avr/lib/avr5/memx-const\libm.a(mulsf3x.o)
 .stack.descriptors.hdr
                0x00000000000000b6        0xe c:/program files/microchip/xc8/v2.36/avr/bin/../lib/gcc/avr/5.4.0/avr5/memx-const\libgcc.a(_udivmodsi4.o)
 .stack.descriptors.hdr
                0x00000000000000c4        0xe c:/program files/microchip/xc8/v2.36/avr/bin/../lib/gcc/avr/5.4.0/avr5/memx-const\libgcc.a(_xload_2.o)
 .stack.descriptors.hdr
                0x00000000000000d2        0xe c:/program files/microchip/xc8/v2.36/avr/bin/../lib/gcc/avr/5.4.0/avr5/memx-const\libgcc.a(_xload_4.o)
 .stack.descriptors.hdr
                0x00000000000000e0        0xe c:/program files/microchip/xc8/v2.36/avr/bin/../lib/gcc/avr/5.4.0/avr5/memx-const\libgcc.a(_exit.o)
 .stack.descriptors.hdr
                0x00000000000000ee        0xe c:/program files/microchip/xc8/v2.36/avr/bin/../lib/gcc/avr/5.4.0/avr5/memx-const\libgcc.a(_udivdi3.o)
 .stack.descriptors.hdr
                0x00000000000000fc        0xe c:/program files/microchip/xc8/v2.36/avr/bin/../lib/gcc/avr/5.4.0/avr5/memx-const\libgcc.a(_udivmod64.o)
 .stack.descriptors.hdr
                0x000000000000010a        0xe c:/program files/microchip/xc8/v2.36/avr/bin/../lib/gcc/avr/5.4.0/avr5/memx-const\libgcc.a(_negdi2.o)
 .stack.descriptors.hdr
                0x0000000000000118        0xe c:/program files/microchip/xc8/v2.36/avr/bin/../lib/gcc/avr/5.4.0/avr5/memx-const\libgcc.a(_movmemx.o)
 .stack.descriptors.hdr
                0x0000000000000126        0xe c:/program files/microchip/xc8/v2.36/avr/bin/../lib/gcc/avr/5.4.0/avr5/memx-const\libgcc.a(_ashrdi3.o)
 .stack.descriptors.hdr
                0x0000000000000134        0xe c:/program files/microchip/xc8/v2.36/avr/bin/../lib/gcc/avr/5.4.0/avr5/memx-const\libgcc.a(_cmpdi2_s8.o)

.note.GNU-stack
                0x0000000000000000        0x0
 .note.GNU-stack
                0x0000000000000000        0x0 c:/program files/microchip/xc8/v2.36/avr/bin/../lib/gcc/avr/5.4.0/../../../../avr/lib/avr5/memx-const\libm.a(divsf3.o)
 .note.GNU-stack
                0x0000000000000000        0x0 c:/program files/microchip/xc8/v2.36/avr/bin/../lib/gcc/avr/5.4.0/../../../../avr/lib/avr5/memx-const\libm.a(divsf3x.o)
 .note.GNU-stack
                0x0000000000000000        0x0 c:/program files/microchip/xc8/v2.36/avr/bin/../lib/gcc/avr/5.4.0/../../../../avr/lib/avr5/memx-const\libm.a(fixunssfsi.o)
 .note.GNU-stack
                0x0000000000000000        0x0 c:/program files/microchip/xc8/v2.36/avr/bin/../lib/gcc/avr/5.4.0/../../../../avr/lib/avr5/memx-const\libm.a(floatsisf.o)
 .note.GNU-stack
                0x0000000000000000        0x0 c:/program files/microchip/xc8/v2.36/avr/bin/../lib/gcc/avr/5.4.0/../../../../avr/lib/avr5/memx-const\libm.a(fp_inf.o)
 .note.GNU-stack
                0x0000000000000000        0x0 c:/program files/microchip/xc8/v2.36/avr/bin/../lib/gcc/avr/5.4.0/../../../../avr/lib/avr5/memx-const\libm.a(fp_nan.o)
 .note.GNU-stack
                0x0000000000000000        0x0 c:/program files/microchip/xc8/v2.36/avr/bin/../lib/gcc/avr/5.4.0/../../../../avr/lib/avr5/memx-const\libm.a(fp_pscA.o)
 .note.GNU-stack
                0x0000000000000000        0x0 c:/program files/microchip/xc8/v2.36/avr/bin/../lib/gcc/avr/5.4.0/../../../../avr/lib/avr5/memx-const\libm.a(fp_pscB.o)
 .note.GNU-stack
                0x0000000000000000        0x0 c:/program files/microchip/xc8/v2.36/avr/bin/../lib/gcc/avr/5.4.0/../../../../avr/lib/avr5/memx-const\libm.a(fp_round.o)
 .note.GNU-stack
                0x0000000000000000        0x0 c:/program files/microchip/xc8/v2.36/avr/bin/../lib/gcc/avr/5.4.0/../../../../avr/lib/avr5/memx-const\libm.a(fp_split3.o)
 .note.GNU-stack
                0x0000000000000000        0x0 c:/program files/microchip/xc8/v2.36/avr/bin/../lib/gcc/avr/5.4.0/../../../../avr/lib/avr5/memx-const\libm.a(fp_zero.o)
 .note.GNU-stack
                0x0000000000000000        0x0 c:/program files/microchip/xc8/v2.36/avr/bin/../lib/gcc/avr/5.4.0/../../../../avr/lib/avr5/memx-const\libm.a(mulsf3.o)
 .note.GNU-stack
                0x0000000000000000        0x0 c:/program files/microchip/xc8/v2.36/avr/bin/../lib/gcc/avr/5.4.0/../../../../avr/lib/avr5/memx-const\libm.a(mulsf3x.o)
 .note.GNU-stack
                0x0000000000000000        0x0 c:/program files/microchip/xc8/v2.36/avr/bin/../lib/gcc/avr/5.4.0/../../../../avr/lib/avr5/memx-const\libc.a(exit.o)
 .note.GNU-stack
                0x0000000000000000        0x0 c:/program files/microchip/xc8/v2.36/avr/bin/../lib/gcc/avr/5.4.0/../../../../avr/lib/avr5/memx-const\libc.a(__sio_sprintf_doux.o)
 .note.GNU-stack
                0x0000000000000000        0x0 c:/program files/microchip/xc8/v2.36/avr/bin/../lib/gcc/avr/5.4.0/../../../../avr/lib/avr5/memx-const\libc.a(__fmt_s.o)
 .note.GNU-stack
                0x0000000000000000        0x0 c:/program files/microchip/xc8/v2.36/avr/bin/../lib/gcc/avr/5.4.0/../../../../avr/lib/avr5/memx-const\libc.a(__printf_core.o)
 .note.GNU-stack
                0x0000000000000000        0x0 c:/program files/microchip/xc8/v2.36/avr/bin/../lib/gcc/avr/5.4.0/../../../../avr/lib/avr5/memx-const\libc.a(fputc.o)
 .note.GNU-stack
                0x0000000000000000        0x0 c:/program files/microchip/xc8/v2.36/avr/bin/../lib/gcc/avr/5.4.0/../../../../avr/lib/avr5/memx-const\libc.a(__fmt_d.o)
 .note.GNU-stack
                0x0000000000000000        0x0 c:/program files/microchip/xc8/v2.36/avr/bin/../lib/gcc/avr/5.4.0/../../../../avr/lib/avr5/memx-const\libc.a(__fmt_o.o)
 .note.GNU-stack
                0x0000000000000000        0x0 c:/program files/microchip/xc8/v2.36/avr/bin/../lib/gcc/avr/5.4.0/../../../../avr/lib/avr5/memx-const\libc.a(__fmt_u.o)
 .note.GNU-stack
                0x0000000000000000        0x0 c:/program files/microchip/xc8/v2.36/avr/bin/../lib/gcc/avr/5.4.0/../../../../avr/lib/avr5/memx-const\libc.a(__fmt_x.o)
 .note.GNU-stack
                0x0000000000000000        0x0 c:/program files/microchip/xc8/v2.36/avr/bin/../lib/gcc/avr/5.4.0/../../../../avr/lib/avr5/memx-const\libc.a(__pop_float.o)
 .note.GNU-stack
                0x0000000000000000        0x0 c:/program files/microchip/xc8/v2.36/avr/bin/../lib/gcc/avr/5.4.0/../../../../avr/lib/avr5/memx-const\libc.a(__pop_int.o)
 .note.GNU-stack
                0x0000000000000000        0x0 c:/program files/microchip/xc8/v2.36/avr/bin/../lib/gcc/avr/5.4.0/../../../../avr/lib/avr5/memx-const\libc.a(__pop_ptr.o)
 .note.GNU-stack
                0x0000000000000000        0x0 c:/program files/microchip/xc8/v2.36/avr/bin/../lib/gcc/avr/5.4.0/../../../../avr/lib/avr5/memx-const\libc.a(atoi.o)
 .note.GNU-stack
                0x0000000000000000        0x0 c:/program files/microchip/xc8/v2.36/avr/bin/../lib/gcc/avr/5.4.0/../../../../avr/lib/avr5/memx-const\libc.a(memset.o)
 .note.GNU-stack
                0x0000000000000000        0x0 c:/program files/microchip/xc8/v2.36/avr/bin/../lib/gcc/avr/5.4.0/../../../../avr/lib/avr5/memx-const\libc.a(strlen.o)
 .note.GNU-stack
                0x0000000000000000        0x0 c:/program files/microchip/xc8/v2.36/avr/bin/../lib/gcc/avr/5.4.0/../../../../avr/lib/avr5/memx-const\libc.a(tolower.o)
 .note.GNU-stack
                0x0000000000000000        0x0 c:/program files/microchip/xc8/v2.36/avr/bin/../lib/gcc/avr/5.4.0/../../../../avr/lib/avr5/memx-const\libc.a(toupper.o)
 .note.GNU-stack
                0x0000000000000000        0x0 c:/program files/microchip/xc8/v2.36/avr/bin/../lib/gcc/avr/5.4.0/../../../../avr/lib/avr5/memx-const\libc.a(errno.o)
 .note.GNU-stack
                0x0000000000000000        0x0 c:/program files/microchip/xc8/v2.36/avr/bin/../lib/gcc/avr/5.4.0/../../../../avr/lib/avr5/memx-const\libc.a(_Exit.o)
 .note.GNU-stack
                0x0000000000000000        0x0 c:/program files/microchip/xc8/v2.36/avr/bin/../lib/gcc/avr/5.4.0/../../../../avr/lib/avr5/memx-const\libc.a(__int_vsprintf.o)
 .note.GNU-stack
                0x0000000000000000        0x0 c:/program files/microchip/xc8/v2.36/avr/bin/../lib/gcc/avr/5.4.0/../../../../avr/lib/avr5/memx-const\libc.a(__int_vsnprintf.o)
 .note.GNU-stack
                0x0000000000000000        0x0 c:/program files/microchip/xc8/v2.36/avr/bin/../lib/gcc/avr/5.4.0/../../../../avr/lib/avr5/memx-const\libc.a(__int_vfprintf.o)

.note.gnu.build-id
 *(.note.gnu.build-id)

.debug
 *(.debug)

.line
 *(.line)

.debug_srcinfo
 *(.debug_srcinfo)

.debug_sfnames
 *(.debug_sfnames)

.debug_aranges  0x0000000000000000      0x278
 *(.debug_aranges)
 .debug_aranges
                0x0000000000000000       0x40 Drivers/MCAL/ADC/ADC.o
 .debug_aranges
                0x0000000000000040       0x38 Drivers/MCAL/EXTI/EXTI.o
 .debug_aranges
                0x0000000000000078       0x70 Drivers/MCAL/GPIO/GPIO.o
 .debug_aranges
                0x00000000000000e8       0x80 Drivers/MCAL/I2C/I2C.o
 .debug_aranges
                0x0000000000000168       0x78 Drivers/MCAL/TIMER0/TIMER0.o
 .debug_aranges
                0x00000000000001e0       0x60 Drivers/MCAL/USART/USART.o
 .debug_aranges
                0x0000000000000240       0x38 main.o

.debug_pubnames
 *(.debug_pubnames)

.debug_info     0x0000000000000000     0x3c6a
 *(.debug_info .gnu.linkonce.wi.*)
 .debug_info    0x0000000000000000      0x4e6 C:/Program Files (x86)/Atmel/Studio/7.0/Packs/atmel/ATmega_DFP/1.7.374/xc8/avr/lib/avr5/memx-const/crtatmega32.o
 .debug_info    0x00000000000004e6      0x4d0 Drivers/MCAL/ADC/ADC.o
 .debug_info    0x00000000000009b6      0x3b9 Drivers/MCAL/EXTI/EXTI.o
 .debug_info    0x0000000000000d6f      0x885 Drivers/MCAL/GPIO/GPIO.o
 .debug_info    0x00000000000015f4      0x921 Drivers/MCAL/I2C/I2C.o
 .debug_info    0x0000000000001f15      0x928 Drivers/MCAL/TIMER0/TIMER0.o
 .debug_info    0x000000000000283d      0x7cd Drivers/MCAL/USART/USART.o
 .debug_info    0x000000000000300a      0xc60 main.o

.debug_abbrev   0x0000000000000000      0xd84
 *(.debug_abbrev)
 .debug_abbrev  0x0000000000000000      0x4a3 C:/Program Files (x86)/Atmel/Studio/7.0/Packs/atmel/ATmega_DFP/1.7.374/xc8/avr/lib/avr5/memx-const/crtatmega32.o
 .debug_abbrev  0x00000000000004a3       0xed Drivers/MCAL/ADC/ADC.o
 .debug_abbrev  0x0000000000000590       0xd4 Drivers/MCAL/EXTI/EXTI.o
 .debug_abbrev  0x0000000000000664      0x14b Drivers/MCAL/GPIO/GPIO.o
 .debug_abbrev  0x00000000000007af      0x1b4 Drivers/MCAL/I2C/I2C.o
 .debug_abbrev  0x0000000000000963      0x179 Drivers/MCAL/TIMER0/TIMER0.o
 .debug_abbrev  0x0000000000000adc      0x17e Drivers/MCAL/USART/USART.o
 .debug_abbrev  0x0000000000000c5a      0x12a main.o

.debug_line     0x0000000000000000     0x11b0
 *(.debug_line .debug_line.* .debug_line_end)
 .debug_line    0x0000000000000000      0x119 C:/Program Files (x86)/Atmel/Studio/7.0/Packs/atmel/ATmega_DFP/1.7.374/xc8/avr/lib/avr5/memx-const/crtatmega32.o
 .debug_line    0x0000000000000119      0x174 Drivers/MCAL/ADC/ADC.o
 .debug_line    0x000000000000028d      0x12b Drivers/MCAL/EXTI/EXTI.o
 .debug_line    0x00000000000003b8      0x395 Drivers/MCAL/GPIO/GPIO.o
 .debug_line    0x000000000000074d      0x30f Drivers/MCAL/I2C/I2C.o
 .debug_line    0x0000000000000a5c      0x2a6 Drivers/MCAL/TIMER0/TIMER0.o
 .debug_line    0x0000000000000d02      0x283 Drivers/MCAL/USART/USART.o
 .debug_line    0x0000000000000f85      0x22b main.o

.debug_frame    0x0000000000000000      0x7dc
 *(.debug_frame)
 .debug_frame   0x0000000000000000       0xac Drivers/MCAL/ADC/ADC.o
 .debug_frame   0x00000000000000ac      0x12c Drivers/MCAL/EXTI/EXTI.o
 .debug_frame   0x00000000000001d8       0xe4 Drivers/MCAL/GPIO/GPIO.o
 .debug_frame   0x00000000000002bc      0x170 Drivers/MCAL/I2C/I2C.o
 .debug_frame   0x000000000000042c      0x18c Drivers/MCAL/TIMER0/TIMER0.o
 .debug_frame   0x00000000000005b8      0x1b8 Drivers/MCAL/USART/USART.o
 .debug_frame   0x0000000000000770       0x6c main.o

.debug_str      0x0000000000000000      0x239
 *(.debug_str)
 .debug_str     0x0000000000000000      0x196 C:/Program Files (x86)/Atmel/Studio/7.0/Packs/atmel/ATmega_DFP/1.7.374/xc8/avr/lib/avr5/memx-const/crtatmega32.o
 .debug_str     0x0000000000000196        0x0 Drivers/MCAL/ADC/ADC.o
 .debug_str     0x0000000000000196        0x0 Drivers/MCAL/EXTI/EXTI.o
 .debug_str     0x0000000000000196       0x32 Drivers/MCAL/GPIO/GPIO.o
 .debug_str     0x00000000000001c8       0x23 Drivers/MCAL/I2C/I2C.o
 .debug_str     0x00000000000001eb       0x22 Drivers/MCAL/TIMER0/TIMER0.o
 .debug_str     0x000000000000020d        0x0 Drivers/MCAL/USART/USART.o
 .debug_str     0x000000000000020d       0x2c main.o

.debug_loc      0x0000000000000000     0x1476
 *(.debug_loc)
 .debug_loc     0x0000000000000000      0x13c Drivers/MCAL/ADC/ADC.o
 .debug_loc     0x000000000000013c      0x2c9 Drivers/MCAL/EXTI/EXTI.o
 .debug_loc     0x0000000000000405      0x454 Drivers/MCAL/GPIO/GPIO.o
 .debug_loc     0x0000000000000859      0x4c3 Drivers/MCAL/I2C/I2C.o
 .debug_loc     0x0000000000000d1c      0x2cf Drivers/MCAL/TIMER0/TIMER0.o
 .debug_loc     0x0000000000000feb      0x40e Drivers/MCAL/USART/USART.o
 .debug_loc     0x00000000000013f9       0x7d main.o

.debug_macinfo
 *(.debug_macinfo)

.debug_weaknames
 *(.debug_weaknames)

.debug_funcnames
 *(.debug_funcnames)

.debug_typenames
 *(.debug_typenames)

.debug_varnames
 *(.debug_varnames)

.debug_pubtypes
 *(.debug_pubtypes)

.debug_ranges   0x0000000000000000      0x208
 *(.debug_ranges)
 .debug_ranges  0x0000000000000000       0x30 Drivers/MCAL/ADC/ADC.o
 .debug_ranges  0x0000000000000030       0x28 Drivers/MCAL/EXTI/EXTI.o
 .debug_ranges  0x0000000000000058       0x60 Drivers/MCAL/GPIO/GPIO.o
 .debug_ranges  0x00000000000000b8       0x70 Drivers/MCAL/I2C/I2C.o
 .debug_ranges  0x0000000000000128       0x68 Drivers/MCAL/TIMER0/TIMER0.o
 .debug_ranges  0x0000000000000190       0x50 Drivers/MCAL/USART/USART.o
 .debug_ranges  0x00000000000001e0       0x28 main.o

.debug_macro
 *(.debug_macro)
OUTPUT(AVR.elf elf32-avr)
LOAD linker stubs
LOAD data_init

.note.gnu.avr.deviceinfo
                0x0000000000000000       0x3c
 .note.gnu.avr.deviceinfo
                0x0000000000000000       0x3c C:/Program Files (x86)/Atmel/Studio/7.0/Packs/atmel/ATmega_DFP/1.7.374/xc8/avr/lib/avr5/memx-const/crtatmega32.o

.bss.ADC_INT_CALLBACK
                0x00000000008000a9        0x2
 .bss.ADC_INT_CALLBACK
                0x00000000008000a9        0x2 Drivers/MCAL/ADC/ADC.o

.bss.EXTIX_CALLBACK
                0x000000000080009b        0x6
 .bss.EXTIX_CALLBACK
                0x000000000080009b        0x6 Drivers/MCAL/EXTI/EXTI.o

.bss.I2C_INTERRUPT_HANDLER
                0x00000000008000ab        0x2
 .bss.I2C_INTERRUPT_HANDLER
                0x00000000008000ab        0x2 Drivers/MCAL/I2C/I2C.o

.bss.OVF_COUNT  0x00000000008000b2        0x1
 .bss.OVF_COUNT
                0x00000000008000b2        0x1 Drivers/MCAL/TIMER0/TIMER0.o

.bss.TIMER0_OCR_CALLBACK
                0x00000000008000ad        0x2
 .bss.TIMER0_OCR_CALLBACK
                0x00000000008000ad        0x2 Drivers/MCAL/TIMER0/TIMER0.o

.bss.TIMER0_OVF_CALLBACK
                0x00000000008000af        0x2
 .bss.TIMER0_OVF_CALLBACK
                0x00000000008000af        0x2 Drivers/MCAL/TIMER0/TIMER0.o

.progmemx.data.state_table
                0x00000000000000d8       0x16
 .progmemx.data.state_table
                0x00000000000000d8       0x16 c:/program files/microchip/xc8/v2.36/avr/bin/../lib/gcc/avr/5.4.0/../../../../avr/lib/avr5/memx-const\libc.a(__printf_core.o)

.progmemx.data  0x00000000000000ee        0xe
 .progmemx.data
                0x00000000000000ee        0xe main.o

.progmemx.data  0x00000000000000fc        0x7
 .progmemx.data
                0x00000000000000fc        0x7 c:/program files/microchip/xc8/v2.36/avr/bin/../lib/gcc/avr/5.4.0/../../../../avr/lib/avr5/memx-const\libc.a(__fmt_s.o)

.progmemx.data  0x0000000000000103        0x6
 .progmemx.data
                0x0000000000000103        0x6 c:/program files/microchip/xc8/v2.36/avr/bin/../lib/gcc/avr/5.4.0/../../../../avr/lib/avr5/memx-const\libc.a(__printf_core.o)

.rodata         0x00000000008000b1        0x1 load address 0x0000000000000109
 .rodata        0x00000000008000b1        0x1 Drivers/MCAL/TIMER0/TIMER0.o

.text.__printf_core
                0x000000000000010a      0x822
 .text.__printf_core
                0x000000000000010a      0x822 c:/program files/microchip/xc8/v2.36/avr/bin/../lib/gcc/avr/5.4.0/../../../../avr/lib/avr5/memx-const\libc.a(__printf_core.o)
                0x000000000000010a                __printf_core

.text.__fmt_x   0x000000000000092c      0x280
 .text.__fmt_x  0x000000000000092c      0x280 c:/program files/microchip/xc8/v2.36/avr/bin/../lib/gcc/avr/5.4.0/../../../../avr/lib/avr5/memx-const\libc.a(__fmt_x.o)
                0x000000000000092c                __fmt_x_needed
                0x000000000000092c                __fmt_x

.text.USART_Init
                0x0000000000000bac      0x1aa
 .text.USART_Init
                0x0000000000000bac      0x1aa Drivers/MCAL/USART/USART.o
                0x0000000000000bac                USART_Init

.text.__fmt_d   0x0000000000000d56      0x17e
 .text.__fmt_d  0x0000000000000d56      0x17e c:/program files/microchip/xc8/v2.36/avr/bin/../lib/gcc/avr/5.4.0/../../../../avr/lib/avr5/memx-const\libc.a(__fmt_d.o)
                0x0000000000000d56                __fmt_d
                0x0000000000000d56                __fmt_d_needed

.text.__pop_int
                0x0000000000000ed4      0x172
 .text.__pop_int
                0x0000000000000ed4      0x172 c:/program files/microchip/xc8/v2.36/avr/bin/../lib/gcc/avr/5.4.0/../../../../avr/lib/avr5/memx-const\libc.a(__pop_int.o)
                0x0000000000000ed4                __pop_int_needed
                0x0000000000000ed4                __pop_int

.text.__cvt_u   0x0000000000001046      0x14a
 .text.__cvt_u  0x0000000000001046      0x14a c:/program files/microchip/xc8/v2.36/avr/bin/../lib/gcc/avr/5.4.0/../../../../avr/lib/avr5/memx-const\libc.a(__fmt_u.o)
                0x0000000000001046                __cvt_u

.text.__pad     0x0000000000001190      0x10e
 .text.__pad    0x0000000000001190      0x10e c:/program files/microchip/xc8/v2.36/avr/bin/../lib/gcc/avr/5.4.0/../../../../avr/lib/avr5/memx-const\libc.a(__printf_core.o)
                0x0000000000001190                __pad

.text           0x000000000000129e       0xde
 .text          0x000000000000129e       0xde c:/program files/microchip/xc8/v2.36/avr/bin/../lib/gcc/avr/5.4.0/../../../../avr/lib/avr5/memx-const\libm.a(divsf3x.o)
                0x000000000000129e                __divsf3x
                0x00000000000012c6                __divsf3_pse

.text.__pop_ptr
                0x000000000000137c       0xd8
 .text.__pop_ptr
                0x000000000000137c       0xd8 c:/program files/microchip/xc8/v2.36/avr/bin/../lib/gcc/avr/5.4.0/../../../../avr/lib/avr5/memx-const\libc.a(__pop_ptr.o)
                0x000000000000137c                __pop_ptr
                0x000000000000137c                __pop_ptr_needed

.text           0x0000000000001454       0xd4
 .text          0x0000000000001454       0xd4 c:/program files/microchip/xc8/v2.36/avr/bin/../lib/gcc/avr/5.4.0/../../../../avr/lib/avr5/memx-const\libm.a(mulsf3x.o)
                0x0000000000001454                __mulsf3x
                0x000000000000147a                __mulsf3_pse

.text.__fmt_o   0x0000000000001528       0xd4
 .text.__fmt_o  0x0000000000001528       0xd4 c:/program files/microchip/xc8/v2.36/avr/bin/../lib/gcc/avr/5.4.0/../../../../avr/lib/avr5/memx-const\libc.a(__fmt_o.o)
                0x0000000000001528                __fmt_o
                0x0000000000001528                __fmt_o_needed

.text.__fmt_s   0x00000000000015fc       0xca
 .text.__fmt_s  0x00000000000015fc       0xca c:/program files/microchip/xc8/v2.36/avr/bin/../lib/gcc/avr/5.4.0/../../../../avr/lib/avr5/memx-const\libc.a(__fmt_s.o)
                0x00000000000015fc                __fmt_s
                0x00000000000015fc                __fmt_0_needed
                0x00000000000015fc                __fmt_s_needed

.text.__fmt_u   0x00000000000016c6       0xb0
 .text.__fmt_u  0x00000000000016c6       0xb0 c:/program files/microchip/xc8/v2.36/avr/bin/../lib/gcc/avr/5.4.0/../../../../avr/lib/avr5/memx-const\libc.a(__fmt_u.o)
                0x00000000000016c6                __fmt_u_needed
                0x00000000000016c6                __fmt_u

.text.gpio_pin_direction_intialize
                0x0000000000001776       0xae
 .text.gpio_pin_direction_intialize
                0x0000000000001776       0xae Drivers/MCAL/GPIO/GPIO.o
                0x0000000000001776                gpio_pin_direction_intialize

.text.gpio_pin_write_logic
                0x0000000000001824       0xac
 .text.gpio_pin_write_logic
                0x0000000000001824       0xac Drivers/MCAL/GPIO/GPIO.o
                0x0000000000001824                gpio_pin_write_logic

.text.main      0x00000000000018d0       0xaa
 .text.main     0x00000000000018d0       0xaa main.o
                0x00000000000018d0                main

.text.MCAL_TIMER0_Init
                0x000000000000197a       0xa4
 .text.MCAL_TIMER0_Init
                0x000000000000197a       0xa4 Drivers/MCAL/TIMER0/TIMER0.o
                0x000000000000197a                MCAL_TIMER0_Init

.text.__vsnprintf
                0x0000000000001a1e       0xa4
 .text.__vsnprintf
                0x0000000000001a1e       0xa4 c:/program files/microchip/xc8/v2.36/avr/bin/../lib/gcc/avr/5.4.0/../../../../avr/lib/avr5/memx-const\libc.a(__int_vsnprintf.o)
                0x0000000000001a1e                __vsnprintf

.text.libgcc.div
                0x0000000000001ac2       0xa2
 .text.libgcc.div
                0x0000000000001ac2       0xa2 c:/program files/microchip/xc8/v2.36/avr/bin/../lib/gcc/avr/5.4.0/avr5/memx-const\libgcc.a(_udivmod64.o)
                0x0000000000001ac2                __udivmod64

.text.__fmt_state
                0x0000000000001b64       0x9e
 .text.__fmt_state
                0x0000000000001b64       0x9e c:/program files/microchip/xc8/v2.36/avr/bin/../lib/gcc/avr/5.4.0/../../../../avr/lib/avr5/memx-const\libc.a(__printf_core.o)
                0x0000000000001b64                __fmt_state

.text.fputc     0x0000000000001c02       0x92
 .text.fputc    0x0000000000001c02       0x92 c:/program files/microchip/xc8/v2.36/avr/bin/../lib/gcc/avr/5.4.0/../../../../avr/lib/avr5/memx-const\libc.a(fputc.o)
                0x0000000000001c02                fputc
                0x0000000000001c02                putc

.text.atoi      0x0000000000001c94       0x90
 .text.atoi     0x0000000000001c94       0x90 c:/program files/microchip/xc8/v2.36/avr/bin/../lib/gcc/avr/5.4.0/../../../../avr/lib/avr5/memx-const\libc.a(atoi.o)
                0x0000000000001c94                atoi

.text           0x0000000000001d24       0x7a
 .text          0x0000000000001d24       0x7a c:/program files/microchip/xc8/v2.36/avr/bin/../lib/gcc/avr/5.4.0/../../../../avr/lib/avr5/memx-const\libm.a(floatsisf.o)
                0x0000000000001d24                __floatunsisf
                0x0000000000001d28                __floatsisf

.text.MCAL_ADC_Init
                0x0000000000001d9e       0x74
 .text.MCAL_ADC_Init
                0x0000000000001d9e       0x74 Drivers/MCAL/ADC/ADC.o
                0x0000000000001d9e                MCAL_ADC_Init

.text.__out     0x0000000000001e12       0x68
 .text.__out    0x0000000000001e12       0x68 c:/program files/microchip/xc8/v2.36/avr/bin/../lib/gcc/avr/5.4.0/../../../../avr/lib/avr5/memx-const\libc.a(__printf_core.o)
                0x0000000000001e12                __out

.text.MCAL_EXTI_Init
                0x0000000000001e7a       0x66
 .text.MCAL_EXTI_Init
                0x0000000000001e7a       0x66 Drivers/MCAL/EXTI/EXTI.o
                0x0000000000001e7a                MCAL_EXTI_Init

.text           0x0000000000001ee0       0x5e
 .text          0x0000000000001ee0       0x5e c:/program files/microchip/xc8/v2.36/avr/bin/../lib/gcc/avr/5.4.0/../../../../avr/lib/avr5/memx-const\libm.a(fixunssfsi.o)
                0x0000000000001ee0                __fixunssfsi

.text.__vector_11
                0x0000000000001f3e       0x58
 .text.__vector_11
                0x0000000000001f3e       0x58 Drivers/MCAL/TIMER0/TIMER0.o
                0x0000000000001f3e                __vector_11

.text.Receive   0x0000000000001f96       0x50
 .text.Receive  0x0000000000001f96       0x50 main.o
                0x0000000000001f96                Receive

.text.__vector_16
                0x0000000000001fe6       0x4e
 .text.__vector_16
                0x0000000000001fe6       0x4e Drivers/MCAL/ADC/ADC.o
                0x0000000000001fe6                __vector_16

.text.__vector_1
                0x0000000000002034       0x4e
 .text.__vector_1
                0x0000000000002034       0x4e Drivers/MCAL/EXTI/EXTI.o
                0x0000000000002034                __vector_1

.text.__vector_2
                0x0000000000002082       0x4e
 .text.__vector_2
                0x0000000000002082       0x4e Drivers/MCAL/EXTI/EXTI.o
                0x0000000000002082                __vector_2

.text.__vector_3
                0x00000000000020d0       0x4e
 .text.__vector_3
                0x00000000000020d0       0x4e Drivers/MCAL/EXTI/EXTI.o
                0x00000000000020d0                __vector_3

.text.__vector_19
                0x000000000000211e       0x4e
 .text.__vector_19
                0x000000000000211e       0x4e Drivers/MCAL/I2C/I2C.o
                0x000000000000211e                __vector_19

.text.__vector_10
                0x000000000000216c       0x4e
 .text.__vector_10
                0x000000000000216c       0x4e Drivers/MCAL/TIMER0/TIMER0.o
                0x000000000000216c                __vector_10

.text.__vector_13
                0x00000000000021ba       0x4e
 .text.__vector_13
                0x00000000000021ba       0x4e Drivers/MCAL/USART/USART.o
                0x00000000000021ba                __vector_13

.text.__vector_15
                0x0000000000002208       0x4e
 .text.__vector_15
                0x0000000000002208       0x4e Drivers/MCAL/USART/USART.o
                0x0000000000002208                __vector_15

.text.__vector_14
                0x0000000000002256       0x4e
 .text.__vector_14
                0x0000000000002256       0x4e Drivers/MCAL/USART/USART.o
                0x0000000000002256                __vector_14

.text.MCAL_TIMER0_DutyCycle
                0x00000000000022a4       0x44
 .text.MCAL_TIMER0_DutyCycle
                0x00000000000022a4       0x44 Drivers/MCAL/TIMER0/TIMER0.o
                0x00000000000022a4                MCAL_TIMER0_DutyCycle

.text           0x00000000000022e8       0x44
 .text          0x00000000000022e8       0x44 c:/program files/microchip/xc8/v2.36/avr/bin/../lib/gcc/avr/5.4.0/../../../../avr/lib/avr5/memx-const\libm.a(fp_split3.o)
                0x00000000000022e8                __fp_split3
                0x00000000000022f8                __fp_splitA

.text.libgcc.div
                0x000000000000232c       0x44
 .text.libgcc.div
                0x000000000000232c       0x44 c:/program files/microchip/xc8/v2.36/avr/bin/../lib/gcc/avr/5.4.0/avr5/memx-const\libgcc.a(_udivmodsi4.o)
                0x000000000000232c                __udivmodsi4

.text.__pop_float
                0x0000000000002370       0x40
 .text.__pop_float
                0x0000000000002370       0x40 c:/program files/microchip/xc8/v2.36/avr/bin/../lib/gcc/avr/5.4.0/../../../../avr/lib/avr5/memx-const\libc.a(__pop_float.o)
                0x0000000000002370                __pop_float_needed
                0x0000000000002370                __pop_float

.text.USART_SendStringBlocking
                0x00000000000023b0       0x3c
 .text.USART_SendStringBlocking
                0x00000000000023b0       0x3c Drivers/MCAL/USART/USART.o
                0x00000000000023b0                USART_SendStringBlocking

.text.libgcc.builtins
                0x00000000000023ec       0x3c
 .text.libgcc.builtins
                0x00000000000023ec       0x3c c:/program files/microchip/xc8/v2.36/avr/bin/../lib/gcc/avr/5.4.0/avr5/memx-const\libgcc.a(_ashrdi3.o)
                0x00000000000023ec                __ashrdi3
                0x00000000000023f0                __lshrdi3

.text.gpio_pin_intialize
                0x0000000000002428       0x38
 .text.gpio_pin_intialize
                0x0000000000002428       0x38 Drivers/MCAL/GPIO/GPIO.o
                0x0000000000002428                gpio_pin_intialize

.text.libgcc.prologue
                0x0000000000002460       0x38
 .text.libgcc.prologue
                0x0000000000002460       0x38 c:/program files/microchip/xc8/v2.36/avr/bin/../lib/gcc/avr/5.4.0/avr5/memx-const\libgcc.a(_prologue.o)
                0x0000000000002460                __prologue_saves__

.text.libgcc.prologue
                0x0000000000002498       0x36
 .text.libgcc.prologue
                0x0000000000002498       0x36 c:/program files/microchip/xc8/v2.36/avr/bin/../lib/gcc/avr/5.4.0/avr5/memx-const\libgcc.a(_epilogue.o)
                0x0000000000002498                __epilogue_restores__

.text.__vfprintf
                0x00000000000024ce       0x30
 .text.__vfprintf
                0x00000000000024ce       0x30 c:/program files/microchip/xc8/v2.36/avr/bin/../lib/gcc/avr/5.4.0/../../../../avr/lib/avr5/memx-const\libc.a(__int_vfprintf.o)
                0x00000000000024ce                __vfprintf

.text.MCAL_ADC_GetResult
                0x00000000000024fe       0x2c
 .text.MCAL_ADC_GetResult
                0x00000000000024fe       0x2c Drivers/MCAL/ADC/ADC.o
                0x00000000000024fe                MCAL_ADC_GetResult

.text.strlen    0x000000000000252a       0x2c
 .text.strlen   0x000000000000252a       0x2c c:/program files/microchip/xc8/v2.36/avr/bin/../lib/gcc/avr/5.4.0/../../../../avr/lib/avr5/memx-const\libc.a(strlen.o)
                0x000000000000252a                strlen

.text.__wrap_sprintf
                0x0000000000002556       0x26
 .text.__wrap_sprintf
                0x0000000000002556       0x26 c:/program files/microchip/xc8/v2.36/avr/bin/../lib/gcc/avr/5.4.0/../../../../avr/lib/avr5/memx-const\libc.a(__sio_sprintf_doux.o)
                0x0000000000002556                _sprintf_cdnopuxX

.text           0x000000000000257c       0x22
 .text          0x000000000000257c       0x22 c:/program files/microchip/xc8/v2.36/avr/bin/../lib/gcc/avr/5.4.0/../../../../avr/lib/avr5/memx-const\libm.a(fp_round.o)
                0x000000000000257c                __fp_round

.text.libgcc    0x000000000000259e       0x20
 .text.libgcc   0x000000000000259e       0x20 c:/program files/microchip/xc8/v2.36/avr/bin/../lib/gcc/avr/5.4.0/avr5/memx-const\libgcc.a(_negdi2.o)
                0x000000000000259e                __negdi2

.text.libgcc.div
                0x00000000000025be       0x1c
 .text.libgcc.div
                0x00000000000025be       0x1c c:/program files/microchip/xc8/v2.36/avr/bin/../lib/gcc/avr/5.4.0/avr5/memx-const\libgcc.a(_udivdi3.o)
                0x00000000000025be                __umoddi3
                0x00000000000025c2                __udivdi3
                0x00000000000025c4                __udivdi3_umoddi3

.text.libgcc    0x00000000000025da       0x1a
 .text.libgcc   0x00000000000025da       0x1a c:/program files/microchip/xc8/v2.36/avr/bin/../lib/gcc/avr/5.4.0/avr5/memx-const\libgcc.a(_movmemx.o)
                0x00000000000025da                __movmemx_qi
                0x00000000000025dc                __movmemx_hi

.text.libgcc    0x00000000000025f4       0x18
 .text.libgcc   0x00000000000025f4       0x18 c:/program files/microchip/xc8/v2.36/avr/bin/../lib/gcc/avr/5.4.0/avr5/memx-const\libgcc.a(_xload_4.o)
                0x00000000000025f4                __xload_4

.text.__vsprintf
                0x000000000000260c       0x18
 .text.__vsprintf
                0x000000000000260c       0x18 c:/program files/microchip/xc8/v2.36/avr/bin/../lib/gcc/avr/5.4.0/../../../../avr/lib/avr5/memx-const\libc.a(__int_vsprintf.o)
                0x000000000000260c                __vsprintf

.text.libgcc    0x0000000000002624       0x18
 .text.libgcc   0x0000000000002624       0x18 c:/program files/microchip/xc8/v2.36/avr/bin/../lib/gcc/avr/5.4.0/avr5/memx-const\libgcc.a(_cmpdi2_s8.o)
                0x0000000000002624                __cmpdi2_s8

.text.exit      0x000000000000263c       0x16
 .text.exit     0x000000000000263c       0x16 c:/program files/microchip/xc8/v2.36/avr/bin/../lib/gcc/avr/5.4.0/../../../../avr/lib/avr5/memx-const\libc.a(exit.o)
                0x000000000000263c                exit

.text.memset    0x0000000000002652       0x12
 .text.memset   0x0000000000002652       0x12 c:/program files/microchip/xc8/v2.36/avr/bin/../lib/gcc/avr/5.4.0/../../../../avr/lib/avr5/memx-const\libc.a(memset.o)
                0x0000000000002652                memset

.text.toupper   0x0000000000002664       0x12
 .text.toupper  0x0000000000002664       0x12 c:/program files/microchip/xc8/v2.36/avr/bin/../lib/gcc/avr/5.4.0/../../../../avr/lib/avr5/memx-const\libc.a(toupper.o)
                0x0000000000002664                toupper

.text.MCAL_ADC_StartConversion
                0x0000000000002676       0x10
 .text.MCAL_ADC_StartConversion
                0x0000000000002676       0x10 Drivers/MCAL/ADC/ADC.o
                0x0000000000002676                MCAL_ADC_StartConversion

.text.libgcc    0x0000000000002686       0x10
 .text.libgcc   0x0000000000002686       0x10 c:/program files/microchip/xc8/v2.36/avr/bin/../lib/gcc/avr/5.4.0/avr5/memx-const\libgcc.a(_xload_2.o)
                0x0000000000002686                __xload_2

.text.tolower   0x0000000000002696       0x10
 .text.tolower  0x0000000000002696       0x10 c:/program files/microchip/xc8/v2.36/avr/bin/../lib/gcc/avr/5.4.0/../../../../avr/lib/avr5/memx-const\libc.a(tolower.o)
                0x0000000000002696                tolower

.text           0x00000000000026a6        0xe
 .text          0x00000000000026a6        0xe c:/program files/microchip/xc8/v2.36/avr/bin/../lib/gcc/avr/5.4.0/../../../../avr/lib/avr5/memx-const\libm.a(fp_pscA.o)
                0x00000000000026a6                __fp_pscA

.text           0x00000000000026b4        0xe
 .text          0x00000000000026b4        0xe c:/program files/microchip/xc8/v2.36/avr/bin/../lib/gcc/avr/5.4.0/../../../../avr/lib/avr5/memx-const\libm.a(fp_pscB.o)
                0x00000000000026b4                __fp_pscB

.text           0x00000000000026c2        0xe
 .text          0x00000000000026c2        0xe c:/program files/microchip/xc8/v2.36/avr/bin/../lib/gcc/avr/5.4.0/../../../../avr/lib/avr5/memx-const\libm.a(fp_zero.o)
                0x00000000000026c2                __fp_zero
                0x00000000000026c4                __fp_szero

.text           0x00000000000026d0        0xc
 .text          0x00000000000026d0        0xc c:/program files/microchip/xc8/v2.36/avr/bin/../lib/gcc/avr/5.4.0/../../../../avr/lib/avr5/memx-const\libm.a(fp_inf.o)
                0x00000000000026d0                __fp_inf

.text.USART_SendByteBlocking
                0x00000000000026dc        0x8
 .text.USART_SendByteBlocking
                0x00000000000026dc        0x8 Drivers/MCAL/USART/USART.o
                0x00000000000026dc                USART_SendByteBlocking

.text.SendA     0x00000000000026e4        0x8
 .text.SendA    0x00000000000026e4        0x8 main.o
                0x00000000000026e4                SendA

.text.SendZ     0x00000000000026ec        0x8
 .text.SendZ    0x00000000000026ec        0x8 main.o
                0x00000000000026ec                SendZ

.text           0x00000000000026f4        0x8
 .text          0x00000000000026f4        0x8 c:/program files/microchip/xc8/v2.36/avr/bin/../lib/gcc/avr/5.4.0/../../../../avr/lib/avr5/memx-const\libm.a(divsf3.o)
                0x00000000000026f4                __divsf3

.text           0x00000000000026fc        0x8
 .text          0x00000000000026fc        0x8 c:/program files/microchip/xc8/v2.36/avr/bin/../lib/gcc/avr/5.4.0/../../../../avr/lib/avr5/memx-const\libm.a(mulsf3.o)
                0x00000000000026fc                __mulsf3

.text           0x0000000000002704        0x6
 .text          0x0000000000002704        0x6 c:/program files/microchip/xc8/v2.36/avr/bin/../lib/gcc/avr/5.4.0/../../../../avr/lib/avr5/memx-const\libm.a(fp_nan.o)
                0x0000000000002704                __fp_nan

.text.__dummy_fmt4
                0x000000000000270a        0x6
 .text.__dummy_fmt4
                0x000000000000270a        0x6 c:/program files/microchip/xc8/v2.36/avr/bin/../lib/gcc/avr/5.4.0/../../../../avr/lib/avr5/memx-const\libc.a(__printf_core.o)
                0x000000000000270a                __fmt_fp
                0x000000000000270a                __fmt_a

.text           0x0000000000002710        0x4
 .text          0x0000000000002710        0x4 C:/Program Files (x86)/Atmel/Studio/7.0/Packs/atmel/ATmega_DFP/1.7.374/xc8/avr/lib/avr5/memx-const/crtatmega32.o
                0x0000000000002710                __vector_12
                0x0000000000002710                __bad_interrupt
                0x0000000000002710                __vector_6
                0x0000000000002710                __vector_17
                0x0000000000002710                __vector_7
                0x0000000000002710                __vector_5
                0x0000000000002710                __vector_4
                0x0000000000002710                __vector_9
                0x0000000000002710                __vector_8
                0x0000000000002710                __vector_18
                0x0000000000002710                __vector_20

.text._Exit     0x0000000000002714        0x4
 .text._Exit    0x0000000000002714        0x4 c:/program files/microchip/xc8/v2.36/avr/bin/../lib/gcc/avr/5.4.0/../../../../avr/lib/avr5/memx-const\libc.a(_Exit.o)
                0x0000000000002714                _Exit

.text.__dummy_fini
                0x0000000000002718        0x2
 .text.__dummy_fini
                0x0000000000002718        0x2 c:/program files/microchip/xc8/v2.36/avr/bin/../lib/gcc/avr/5.4.0/../../../../avr/lib/avr5/memx-const\libc.a(exit.o)
                0x0000000000002718                _fini

.text.__dummy_funcs_on_exit
                0x000000000000271a        0x2
 .text.__dummy_funcs_on_exit
                0x000000000000271a        0x2 c:/program files/microchip/xc8/v2.36/avr/bin/../lib/gcc/avr/5.4.0/../../../../avr/lib/avr5/memx-const\libc.a(exit.o)
                0x000000000000271a                __funcs_on_exit

.text.__dummy_simulator_exit
                0x000000000000271c        0x2
 .text.__dummy_simulator_exit
                0x000000000000271c        0x2 c:/program files/microchip/xc8/v2.36/avr/bin/../lib/gcc/avr/5.4.0/../../../../avr/lib/avr5/memx-const\libc.a(exit.o)
                0x000000000000271c                __simulator_exit

.data.uart      0x000000000080006e        0xc load address 0x000000000000271e
 .data.uart     0x000000000080006e        0xc main.o
                0x000000000080006e                uart

.data.adc       0x000000000080007a        0x9 load address 0x000000000000272a
 .data.adc      0x000000000080007a        0x9 main.o
                0x000000000080007a                adc

.data.PORT_registers
                0x0000000000800083        0x8 load address 0x0000000000002733
 .data.PORT_registers
                0x0000000000800083        0x8 Drivers/MCAL/GPIO/GPIO.o
                0x0000000000800083                PORT_registers

.data.DDR_registers
                0x000000000080008b        0x8 load address 0x000000000000273b
 .data.DDR_registers
                0x000000000080008b        0x8 Drivers/MCAL/GPIO/GPIO.o
                0x000000000080008b                DDR_registers

.data.t0        0x0000000000800093        0x8 load address 0x0000000000002743
 .data.t0       0x0000000000800093        0x8 main.o
                0x0000000000800093                t0

.data.x1        0x00000000008000a1        0x4 load address 0x000000000000274b
 .data.x1       0x00000000008000a1        0x4 main.o
                0x00000000008000a1                x1

.data.x0        0x00000000008000a5        0x4 load address 0x000000000000274f
 .data.x0       0x00000000008000a5        0x4 main.o
                0x00000000008000a5                x0

.data.led       0x00000000008000b3        0x1 load address 0x0000000000002753
 .data.led      0x00000000008000b3        0x1 main.o
                0x00000000008000b3                led
